
> projectlavos-e2e-tests@1.0.0 test
> playwright test


Running 404 tests using 7 workers


Running 404 tests using 7 workers

  ✓    2 [chromium] › tests/cross-subdomain.spec.js:115:3 › Cross-Subdomain Navigation › should navigate from main to services (736ms)
  ✓    2 [chromium] › tests/cross-subdomain.spec.js:115:3 › Cross-Subdomain Navigation › should navigate from main to services (736ms)
  ✓    3 [chromium] › tests/cross-subdomain.spec.js:16:3 › Cross-Subdomain Navigation › should navigate from main to demos (738ms)
  ✓    3 [chromium] › tests/cross-subdomain.spec.js:16:3 › Cross-Subdomain Navigation › should navigate from main to demos (738ms)
  ✓    1 [chromium] › tests/cross-subdomain.spec.js:102:3 › Cross-Subdomain Navigation › should navigate from main to about (746ms)
  ✓    1 [chromium] › tests/cross-subdomain.spec.js:102:3 › Cross-Subdomain Navigation › should navigate from main to about (746ms)
Internal error: step id not found: fixture@47Internal error: step id not found: fixture@47
  ✘    4 [chromium] › tests/cross-subdomain.spec.js:49:3 › Cross-Subdomain Navigation › should open email with subject "10-Hour Question" from about page (751ms)

  ✘    4 [chromium] › tests/cross-subdomain.spec.js:49:3 › Cross-Subdomain Navigation › should open email with subject "10-Hour Question" from about page (751ms)
  ✓    7 [chromium] › tests/cross-subdomain.spec.js:83:3 › Cross-Subdomain Navigation › should navigate from demos back to main (829ms)
  ✓    7 [chromium] › tests/cross-subdomain.spec.js:83:3 › Cross-Subdomain Navigation › should navigate from demos back to main (829ms)
  ✓   10 [chromium] › tests/error-states.spec.js:13:3 › Error State Handling › should display error when API is unreachable (396ms)
  ✓   10 [chromium] › tests/error-states.spec.js:13:3 › Error State Handling › should display error when API is unreachable (396ms)
  ✓   11 [chromium] › tests/error-states.spec.js:45:3 › Error State Handling › should allow retry after error (390ms)
  ✓   11 [chromium] › tests/error-states.spec.js:45:3 › Error State Handling › should allow retry after error (390ms)
  ✓    6 [chromium] › tests/cross-subdomain.spec.js:34:3 › Cross-Subdomain Navigation › should navigate from about to demos (1.5s)
  ✓    6 [chromium] › tests/cross-subdomain.spec.js:34:3 › Cross-Subdomain Navigation › should navigate from about to demos (1.5s)
  ✓   13 [chromium] › tests/error-states.spec.js:76:3 › Error State Handling › should handle timeout errors gracefully (389ms)
  ✓   13 [chromium] › tests/error-states.spec.js:76:3 › Error State Handling › should handle timeout errors gracefully (389ms)
  ✓   12 [chromium] › tests/error-states.spec.js:30:3 › Error State Handling › should display retry button after error (399ms)
  ✓   12 [chromium] › tests/error-states.spec.js:30:3 › Error State Handling › should display retry button after error (399ms)
  ✓   14 [chromium] › tests/error-states.spec.js:95:3 › Error State Handling › should handle 500 server errors (393ms)
  ✓   14 [chromium] › tests/error-states.spec.js:95:3 › Error State Handling › should handle 500 server errors (393ms)
  ✓   15 [chromium] › tests/error-states.spec.js:116:3 › Error State Handling › should handle 404 not found errors (391ms)
  ✓   15 [chromium] › tests/error-states.spec.js:116:3 › Error State Handling › should handle 404 not found errors (391ms)
  ✓   16 [chromium] › tests/error-states.spec.js:137:3 › Error State Handling › should handle malformed API responses (393ms)
  ✓   16 [chromium] › tests/error-states.spec.js:137:3 › Error State Handling › should handle malformed API responses (393ms)
  ✓   17 [chromium] › tests/error-states.spec.js:158:3 › Error State Handling › should maintain UI state during loading (406ms)
  ✓   17 [chromium] › tests/error-states.spec.js:158:3 › Error State Handling › should maintain UI state during loading (406ms)
  ✓   18 [chromium] › tests/mobile-responsive.spec.js:18:3 › Mobile Responsiveness - iPhone › should stack grid vertically on mobile (341ms)
  ✓   18 [chromium] › tests/mobile-responsive.spec.js:18:3 › Mobile Responsiveness - iPhone › should stack grid vertically on mobile (341ms)
  ✘    9 [chromium] › tests/cross-subdomain.spec.js:128:3 › Cross-Subdomain Navigation › should maintain consistent navigation across all subdomains (1.4s)
  ✘    9 [chromium] › tests/cross-subdomain.spec.js:128:3 › Cross-Subdomain Navigation › should maintain consistent navigation across all subdomains (1.4s)
  ✓   19 [chromium] › tests/mobile-responsive.spec.js:35:3 › Mobile Responsiveness - iPhone › should have readable text on mobile (357ms)
  ✓   19 [chromium] › tests/mobile-responsive.spec.js:35:3 › Mobile Responsiveness - iPhone › should have readable text on mobile (357ms)
  ✓   20 [chromium] › tests/mobile-responsive.spec.js:49:3 › Mobile Responsiveness - iPhone › should have tappable buttons on mobile (355ms)
  ✓   20 [chromium] › tests/mobile-responsive.spec.js:49:3 › Mobile Responsiveness - iPhone › should have tappable buttons on mobile (355ms)
  ✓   21 [chromium] › tests/mobile-responsive.spec.js:64:3 › Mobile Responsiveness - iPhone › should not have horizontal scroll (340ms)
  ✓   21 [chromium] › tests/mobile-responsive.spec.js:64:3 › Mobile Responsiveness - iPhone › should not have horizontal scroll (340ms)
  ✘   22 [chromium] › tests/mobile-responsive.spec.js:72:3 › Mobile Responsiveness - iPhone › should be able to interact with Restaurant Analyzer on mobile (390ms)
  ✘   22 [chromium] › tests/mobile-responsive.spec.js:72:3 › Mobile Responsiveness - iPhone › should be able to interact with Restaurant Analyzer on mobile (390ms)
  ✓   23 [chromium] › tests/mobile-responsive.spec.js:115:3 › Mobile Responsiveness - Android › should handle touch interactions on Android (356ms)
  ✓   23 [chromium] › tests/mobile-responsive.spec.js:115:3 › Mobile Responsiveness - Android › should handle touch interactions on Android (356ms)
  ✓   25 [chromium] › tests/mobile-responsive.spec.js:156:3 › Tablet Responsiveness - iPad › should be fully interactive on tablet (419ms)
  ✓   25 [chromium] › tests/mobile-responsive.spec.js:156:3 › Tablet Responsiveness - iPad › should be fully interactive on tablet (419ms)
  ✓   24 [chromium] › tests/mobile-responsive.spec.js:138:3 › Tablet Responsiveness - iPad › should use medium layout on tablet (421ms)
  ✓   24 [chromium] › tests/mobile-responsive.spec.js:138:3 › Tablet Responsiveness - iPad › should use medium layout on tablet (421ms)
  ✓   26 [chromium] › tests/mobile-responsive.spec.js:107:3 › Mobile Responsiveness - Android › should load properly on Android (466ms)
  ✓   26 [chromium] › tests/mobile-responsive.spec.js:107:3 › Mobile Responsiveness - Android › should load properly on Android (466ms)
  ✓   27 [chromium] › tests/restaurant-analyzer.spec.js:18:3 › Restaurant Analyzer - Desktop Chrome › should display Restaurant Analyzer demo (429ms)
  ✓   27 [chromium] › tests/restaurant-analyzer.spec.js:18:3 › Restaurant Analyzer - Desktop Chrome › should display Restaurant Analyzer demo (429ms)
  ✓   30 [chromium] › tests/restaurant-analyzer.spec.js:48:3 › Restaurant Analyzer - Desktop Chrome › should handle offline error state (387ms)
  ✓   30 [chromium] › tests/restaurant-analyzer.spec.js:48:3 › Restaurant Analyzer - Desktop Chrome › should handle offline error state (387ms)
  ✘   29 [chromium] › tests/restaurant-analyzer.spec.js:24:3 › Restaurant Analyzer - Desktop Chrome › should analyze Jack Fry's restaurant (394ms)
  ✘   29 [chromium] › tests/restaurant-analyzer.spec.js:24:3 › Restaurant Analyzer - Desktop Chrome › should analyze Jack Fry's restaurant (394ms)
  ✓   31 [chromium] › tests/restaurant-analyzer.spec.js:63:3 › Restaurant Analyzer - Desktop Chrome › should display retry button on error (390ms)
  ✓   31 [chromium] › tests/restaurant-analyzer.spec.js:63:3 › Restaurant Analyzer - Desktop Chrome › should display retry button on error (390ms)
  ✓    8 [chromium] › tests/cross-subdomain.spec.js:145:3 › Cross-Subdomain Navigation › should load all subdomains without errors (3.0s)
  ✓    8 [chromium] › tests/cross-subdomain.spec.js:145:3 › Cross-Subdomain Navigation › should load all subdomains without errors (3.0s)
  ✘   32 [chromium] › tests/specs/cross-subdomain-navigation.spec.js:6:3 › Cross-Subdomain Navigation Tests › should navigate from demos to main site (991ms)
  ✘   32 [chromium] › tests/specs/cross-subdomain-navigation.spec.js:6:3 › Cross-Subdomain Navigation Tests › should navigate from demos to main site (991ms)
  ✓   33 [chromium] › tests/specs/cross-subdomain-navigation.spec.js:28:3 › Cross-Subdomain Navigation Tests › should navigate from demos to about subdomain (970ms)
  ✓   33 [chromium] › tests/specs/cross-subdomain-navigation.spec.js:28:3 › Cross-Subdomain Navigation Tests › should navigate from demos to about subdomain (970ms)
  ✓   35 [chromium] › tests/specs/cross-subdomain-navigation.spec.js:44:3 › Cross-Subdomain Navigation Tests › should navigate from demos to services subdomain (1.0s)
  ✓   35 [chromium] › tests/specs/cross-subdomain-navigation.spec.js:44:3 › Cross-Subdomain Navigation Tests › should navigate from demos to services subdomain (1.0s)
  ✓   34 [chromium] › tests/specs/cross-subdomain-navigation.spec.js:60:3 › Cross-Subdomain Navigation Tests › should maintain session state across subdomains (1.5s)
  ✓   34 [chromium] › tests/specs/cross-subdomain-navigation.spec.js:60:3 › Cross-Subdomain Navigation Tests › should maintain session state across subdomains (1.5s)
  ✓   37 [chromium] › tests/specs/cross-subdomain-navigation.spec.js:137:3 › Cross-Subdomain Navigation Tests › should handle external navigation from demos page (942ms)
  ✓   37 [chromium] › tests/specs/cross-subdomain-navigation.spec.js:137:3 › Cross-Subdomain Navigation Tests › should handle external navigation from demos page (942ms)
  ✓   39 [chromium] › tests/specs/cross-subdomain-navigation.spec.js:158:3 › Cross-Subdomain Navigation Tests › should navigate to GitHub from footer (965ms)
  ✓   39 [chromium] › tests/specs/cross-subdomain-navigation.spec.js:158:3 › Cross-Subdomain Navigation Tests › should navigate to GitHub from footer (965ms)
  ✘    5 [chromium] › tests/cross-subdomain.spec.js:68:3 › Cross-Subdomain Navigation › should display 10-Hour Question prominently on about page (5.9s)
  ✘    5 [chromium] › tests/cross-subdomain.spec.js:68:3 › Cross-Subdomain Navigation › should display 10-Hour Question prominently on about page (5.9s)
  ✓   40 [chromium] › tests/specs/cross-subdomain-navigation.spec.js:178:3 › Cross-Subdomain Navigation Tests › should handle email links correctly (990ms)
  ✓   40 [chromium] › tests/specs/cross-subdomain-navigation.spec.js:178:3 › Cross-Subdomain Navigation Tests › should handle email links correctly (990ms)
  ✓   41 [chromium] › tests/specs/cross-subdomain-navigation.spec.js:196:3 › Cross-Subdomain Navigation Tests › should navigate back to demos from main site (896ms)
  ✓   41 [chromium] › tests/specs/cross-subdomain-navigation.spec.js:196:3 › Cross-Subdomain Navigation Tests › should navigate back to demos from main site (896ms)
  ✓   42 [chromium] › tests/specs/cross-subdomain-navigation.spec.js:216:3 › Cross-Subdomain Navigation Tests › should preserve query parameters across navigation (989ms)
  ✓   42 [chromium] › tests/specs/cross-subdomain-navigation.spec.js:216:3 › Cross-Subdomain Navigation Tests › should preserve query parameters across navigation (989ms)
  ✓   45 [chromium] › tests/specs/cross-subdomain-navigation.spec.js:226:3 › Cross-Subdomain Navigation Tests › should handle 404 errors gracefully (211ms)
  ✓   45 [chromium] › tests/specs/cross-subdomain-navigation.spec.js:226:3 › Cross-Subdomain Navigation Tests › should handle 404 errors gracefully (211ms)
  ✓   46 [chromium] › tests/specs/cross-subdomain-navigation.spec.js:275:3 › Cross-Subdomain Navigation Tests › should handle subdomain redirects correctly (443ms)
  ✓   46 [chromium] › tests/specs/cross-subdomain-navigation.spec.js:275:3 › Cross-Subdomain Navigation Tests › should handle subdomain redirects correctly (443ms)
  ✓   44 [chromium] › tests/specs/cross-subdomain-navigation.spec.js:259:3 › Cross-Subdomain Navigation Tests › should navigate using browser back/forward buttons (1.0s)
  ✓   44 [chromium] › tests/specs/cross-subdomain-navigation.spec.js:259:3 › Cross-Subdomain Navigation Tests › should navigate using browser back/forward buttons (1.0s)
  ✓   38 [chromium] › tests/specs/cross-subdomain-navigation.spec.js:108:3 › Cross-Subdomain Navigation Tests › should have consistent branding across subdomains (3.0s)
  ✓   38 [chromium] › tests/specs/cross-subdomain-navigation.spec.js:108:3 › Cross-Subdomain Navigation Tests › should have consistent branding across subdomains (3.0s)
  ✓   36 [chromium] › tests/specs/cross-subdomain-navigation.spec.js:83:3 › Cross-Subdomain Navigation Tests › should load all subdomains successfully (3.8s)
  ✓   36 [chromium] › tests/specs/cross-subdomain-navigation.spec.js:83:3 › Cross-Subdomain Navigation Tests › should load all subdomains successfully (3.8s)
  ✓   43 [chromium] › tests/specs/cross-subdomain-navigation.spec.js:234:3 › Cross-Subdomain Navigation Tests › should load assets from correct CDN/origin (1.7s)
  ✓   43 [chromium] › tests/specs/cross-subdomain-navigation.spec.js:234:3 › Cross-Subdomain Navigation Tests › should load assets from correct CDN/origin (1.7s)
  ✓   48 [chromium] › tests/specs/cross-subdomain-navigation.spec.js:303:3 › Cross-Subdomain Navigation Tests › should load fonts consistently across subdomains (979ms)
  ✓   48 [chromium] › tests/specs/cross-subdomain-navigation.spec.js:303:3 › Cross-Subdomain Navigation Tests › should load fonts consistently across subdomains (979ms)
  ✓   47 [chromium] › tests/specs/cross-subdomain-navigation.spec.js:283:3 › Cross-Subdomain Navigation Tests › should have consistent meta tags across subdomains (1.6s)
  ✓   47 [chromium] › tests/specs/cross-subdomain-navigation.spec.js:283:3 › Cross-Subdomain Navigation Tests › should have consistent meta tags across subdomains (1.6s)
  ✘   28 [chromium] › tests/restaurant-analyzer.spec.js:13:3 › Restaurant Analyzer - Desktop Chrome › should load demos page successfully (5.6s)
  ✘   28 [chromium] › tests/restaurant-analyzer.spec.js:13:3 › Restaurant Analyzer - Desktop Chrome › should load demos page successfully (5.6s)
  ✓   50 [chromium] › tests/specs/error-states.spec.js:45:3 › Error State Testing › should handle 500 server error gracefully (1.5s)
  ✓   50 [chromium] › tests/specs/error-states.spec.js:45:3 › Error State Testing › should handle 500 server error gracefully (1.5s)
  ✓   49 [chromium] › tests/specs/error-states.spec.js:11:3 › Error State Testing › should display error message when API is unavailable (2.0s)
  ✓   49 [chromium] › tests/specs/error-states.spec.js:11:3 › Error State Testing › should display error message when API is unavailable (2.0s)
  ✘   52 [chromium] › tests/specs/error-states.spec.js:98:3 › Error State Testing › should handle 502 bad gateway error (1.6s)
  ✘   52 [chromium] › tests/specs/error-states.spec.js:98:3 › Error State Testing › should handle 502 bad gateway error (1.6s)
  ✓   55 [chromium] › tests/specs/error-states.spec.js:184:3 › Error State Testing › should handle empty form submission gracefully (1.1s)
  ✓   55 [chromium] › tests/specs/error-states.spec.js:184:3 › Error State Testing › should handle empty form submission gracefully (1.1s)
  ✓   51 [chromium] › tests/specs/error-states.spec.js:70:3 › Error State Testing › should handle 429 rate limit error (2.5s)
  ✓   51 [chromium] › tests/specs/error-states.spec.js:70:3 › Error State Testing › should handle 429 rate limit error (2.5s)
  ✓   56 [chromium] › tests/specs/error-states.spec.js:196:3 › Error State Testing › should validate required fields in Restaurant Analyzer (1.1s)
  ✓   56 [chromium] › tests/specs/error-states.spec.js:196:3 › Error State Testing › should validate required fields in Restaurant Analyzer (1.1s)
  ✓   54 [chromium] › tests/specs/error-states.spec.js:155:3 › Error State Testing › should display error for Email Scorer API failure (1.9s)
  ✓   54 [chromium] › tests/specs/error-states.spec.js:155:3 › Error State Testing › should display error for Email Scorer API failure (1.9s)
  ✓   57 [chromium] › tests/specs/error-states.spec.js:208:3 › Error State Testing › should handle Sentiment Analysis API error (1.5s)
  ✓   57 [chromium] › tests/specs/error-states.spec.js:208:3 › Error State Testing › should handle Sentiment Analysis API error (1.5s)
  ✓   63 [chromium] › tests/specs/guitar-navigation.spec.js:37:3 › Guitar Platform Navigation Tests › should highlight active route on Home page (806ms)
  ✓   63 [chromium] › tests/specs/guitar-navigation.spec.js:37:3 › Guitar Platform Navigation Tests › should highlight active route on Home page (806ms)
  ✓   58 [chromium] › tests/specs/error-states.spec.js:233:3 › Error State Testing › should handle Lead Scoring API error (1.7s)
  ✓   58 [chromium] › tests/specs/error-states.spec.js:233:3 › Error State Testing › should handle Lead Scoring API error (1.7s)
  ✓   53 [chromium] › tests/specs/error-states.spec.js:120:3 › Error State Testing › should allow retry after error (3.6s)
  ✓   53 [chromium] › tests/specs/error-states.spec.js:120:3 › Error State Testing › should allow retry after error (3.6s)
  ✓   59 [chromium] › tests/specs/error-states.spec.js:255:3 › Error State Testing › should handle Phishing Detector API error (1.6s)
  ✓   59 [chromium] › tests/specs/error-states.spec.js:255:3 › Error State Testing › should handle Phishing Detector API error (1.6s)
  ✓   67 [chromium] › tests/specs/guitar-navigation.spec.js:89:3 › Guitar Platform Navigation Tests › should navigate from Home to FretVision (956ms)
  ✓   67 [chromium] › tests/specs/guitar-navigation.spec.js:89:3 › Guitar Platform Navigation Tests › should navigate from Home to FretVision (956ms)
  ✓   61 [chromium] › tests/specs/error-states.spec.js:328:3 › Error State Testing › should clear error state on successful retry (4.6s)
  ✓   61 [chromium] › tests/specs/error-states.spec.js:328:3 › Error State Testing › should clear error state on successful retry (4.6s)
  ✘   62 [chromium] › tests/specs/guitar-navigation.spec.js:13:3 › Guitar Platform Navigation Tests › should display navigation bar on all pages (6.6s)
  ✘   62 [chromium] › tests/specs/guitar-navigation.spec.js:13:3 › Guitar Platform Navigation Tests › should display navigation bar on all pages (6.6s)
  ✘   64 [chromium] › tests/specs/guitar-navigation.spec.js:50:3 › Guitar Platform Navigation Tests › should highlight active route on FretVision page (5.8s)
  ✘   64 [chromium] › tests/specs/guitar-navigation.spec.js:50:3 › Guitar Platform Navigation Tests › should highlight active route on FretVision page (5.8s)
  ✘   65 [chromium] › tests/specs/guitar-navigation.spec.js:63:3 › Guitar Platform Navigation Tests › should highlight active route on Tab Player page (5.9s)
  ✘   65 [chromium] › tests/specs/guitar-navigation.spec.js:63:3 › Guitar Platform Navigation Tests › should highlight active route on Tab Player page (5.9s)
  ✘   66 [chromium] › tests/specs/guitar-navigation.spec.js:76:3 › Guitar Platform Navigation Tests › should highlight active route on Catalog page (5.8s)
  ✘   66 [chromium] › tests/specs/guitar-navigation.spec.js:76:3 › Guitar Platform Navigation Tests › should highlight active route on Catalog page (5.8s)
  ✘   71 [chromium] › tests/specs/guitar-navigation.spec.js:166:3 › Guitar Platform Navigation Tests › should load all pages successfully (1.0s)
  ✘   71 [chromium] › tests/specs/guitar-navigation.spec.js:166:3 › Guitar Platform Navigation Tests › should load all pages successfully (1.0s)
  ✓   73 [chromium] › tests/specs/guitar-navigation.spec.js:204:3 › Guitar Platform Navigation Tests › should be mobile responsive on small screens (822ms)
  ✓   73 [chromium] › tests/specs/guitar-navigation.spec.js:204:3 › Guitar Platform Navigation Tests › should be mobile responsive on small screens (822ms)
  ✓   72 [chromium] › tests/specs/guitar-navigation.spec.js:181:3 › Guitar Platform Navigation Tests › should maintain sticky navbar when scrolling (1.3s)
  ✓   72 [chromium] › tests/specs/guitar-navigation.spec.js:181:3 › Guitar Platform Navigation Tests › should maintain sticky navbar when scrolling (1.3s)
  ✓   60 [chromium] › tests/specs/error-states.spec.js:280:3 › Error State Testing › should display consistent error styling across demos (9.2s)
  ✓   60 [chromium] › tests/specs/error-states.spec.js:280:3 › Error State Testing › should display consistent error styling across demos (9.2s)
  ✘   74 [chromium] › tests/specs/guitar-navigation.spec.js:270:3 › Guitar Platform Navigation Tests › should have consistent dark theme across all pages (1.3s)
  ✘   74 [chromium] › tests/specs/guitar-navigation.spec.js:270:3 › Guitar Platform Navigation Tests › should have consistent dark theme across all pages (1.3s)
  ✓   75 [chromium] › tests/specs/guitar-navigation.spec.js:234:3 › Guitar Platform Navigation Tests › should handle browser back/forward navigation (1.2s)
  ✓   75 [chromium] › tests/specs/guitar-navigation.spec.js:234:3 › Guitar Platform Navigation Tests › should handle browser back/forward navigation (1.2s)
  ✓   76 [chromium] › tests/specs/guitar-navigation.spec.js:292:3 › Guitar Platform Navigation Tests › should navigate through all pages in sequence (1.2s)
  ✓   76 [chromium] › tests/specs/guitar-navigation.spec.js:292:3 › Guitar Platform Navigation Tests › should navigate through all pages in sequence (1.2s)
  ✓   77 [chromium] › tests/specs/mobile-responsiveness.spec.js:6:3 › Mobile Responsiveness Tests › should display mobile-optimized layout on small screens (1.2s)
  ✓   77 [chromium] › tests/specs/mobile-responsiveness.spec.js:6:3 › Mobile Responsiveness Tests › should display mobile-optimized layout on small screens (1.2s)
  ✓   80 [chromium] › tests/specs/mobile-responsiveness.spec.js:36:3 › Mobile Responsiveness Tests › should display demo cards in single column on mobile (992ms)
  ✓   80 [chromium] › tests/specs/mobile-responsiveness.spec.js:36:3 › Mobile Responsiveness Tests › should display demo cards in single column on mobile (992ms)
  ✓   78 [chromium] › tests/specs/mobile-responsiveness.spec.js:59:3 › Mobile Responsiveness Tests › should open Restaurant Analyzer modal on mobile (1.3s)
  ✓   78 [chromium] › tests/specs/mobile-responsiveness.spec.js:59:3 › Mobile Responsiveness Tests › should open Restaurant Analyzer modal on mobile (1.3s)
  ✓   81 [chromium] › tests/specs/mobile-responsiveness.spec.js:108:3 › Mobile Responsiveness Tests › should handle tablet landscape orientation (1.3s)
  ✓   81 [chromium] › tests/specs/mobile-responsiveness.spec.js:108:3 › Mobile Responsiveness Tests › should handle tablet landscape orientation (1.3s)
  ✘   79 [chromium] › tests/specs/mobile-responsiveness.spec.js:87:3 › Mobile Responsiveness Tests › should display restaurant selection in single column on mobile (1.8s)
  ✘   79 [chromium] › tests/specs/mobile-responsiveness.spec.js:87:3 › Mobile Responsiveness Tests › should display restaurant selection in single column on mobile (1.8s)
  ✓   84 [chromium] › tests/specs/mobile-responsiveness.spec.js:184:3 › Mobile Responsiveness Tests › should display readable text sizes on mobile (951ms)
  ✓   84 [chromium] › tests/specs/mobile-responsiveness.spec.js:184:3 › Mobile Responsiveness Tests › should display readable text sizes on mobile (951ms)
  ✓   82 [chromium] › tests/specs/mobile-responsiveness.spec.js:128:3 › Mobile Responsiveness Tests › should maintain functionality when rotating device (1.3s)
  ✓   82 [chromium] › tests/specs/mobile-responsiveness.spec.js:128:3 › Mobile Responsiveness Tests › should maintain functionality when rotating device (1.3s)
  ✘   85 [chromium] › tests/specs/mobile-responsiveness.spec.js:198:3 › Mobile Responsiveness Tests › should have touch-friendly navigation on mobile (962ms)
  ✘   85 [chromium] › tests/specs/mobile-responsiveness.spec.js:198:3 › Mobile Responsiveness Tests › should have touch-friendly navigation on mobile (962ms)
  ✘   68 [chromium] › tests/specs/guitar-navigation.spec.js:108:3 › Guitar Platform Navigation Tests › should navigate from FretVision to Tab Player (10.9s)
  ✘   68 [chromium] › tests/specs/guitar-navigation.spec.js:108:3 › Guitar Platform Navigation Tests › should navigate from FretVision to Tab Player (10.9s)
  ✓   87 [chromium] › tests/specs/mobile-responsiveness.spec.js:243:3 › Mobile Responsiveness Tests › should maintain aspect ratios for images on mobile (953ms)
  ✓   87 [chromium] › tests/specs/mobile-responsiveness.spec.js:243:3 › Mobile Responsiveness Tests › should maintain aspect ratios for images on mobile (953ms)
  ✓   88 [chromium] › tests/specs/restaurant-analyzer.spec.js:15:3 › Restaurant Analyzer - Cross-Browser Tests › should load the Restaurant Analyzer demo card (966ms)
  ✓   88 [chromium] › tests/specs/restaurant-analyzer.spec.js:15:3 › Restaurant Analyzer - Cross-Browser Tests › should load the Restaurant Analyzer demo card (966ms)
  ✓   90 [chromium] › tests/specs/mobile-responsiveness.spec.js:290:3 › Mobile Responsiveness Tests › should handle modal overflow on small viewports (973ms)
  ✓   90 [chromium] › tests/specs/mobile-responsiveness.spec.js:290:3 › Mobile Responsiveness Tests › should handle modal overflow on small viewports (973ms)
  ✓   89 [chromium] › tests/specs/mobile-responsiveness.spec.js:261:3 › Mobile Responsiveness Tests › should load Email Scorer on tablet (1.4s)
  ✓   89 [chromium] › tests/specs/mobile-responsiveness.spec.js:261:3 › Mobile Responsiveness Tests › should load Email Scorer on tablet (1.4s)
  ✘   69 [chromium] › tests/specs/guitar-navigation.spec.js:127:3 › Guitar Platform Navigation Tests › should navigate from Tab Player to Catalog (10.9s)
  ✘   69 [chromium] › tests/specs/guitar-navigation.spec.js:127:3 › Guitar Platform Navigation Tests › should navigate from Tab Player to Catalog (10.9s)
  ✓   91 [chromium] › tests/specs/restaurant-analyzer.spec.js:25:3 › Restaurant Analyzer - Cross-Browser Tests › should open Restaurant Analyzer modal on click (1.0s)
  ✓   91 [chromium] › tests/specs/restaurant-analyzer.spec.js:25:3 › Restaurant Analyzer - Cross-Browser Tests › should open Restaurant Analyzer modal on click (1.0s)
  ✓   86 [chromium] › tests/specs/mobile-responsiveness.spec.js:218:3 › Mobile Responsiveness Tests › should hide/show content appropriately on different breakpoints (3.1s)
  ✓   86 [chromium] › tests/specs/mobile-responsiveness.spec.js:218:3 › Mobile Responsiveness Tests › should hide/show content appropriately on different breakpoints (3.1s)
  ✓   92 [chromium] › tests/specs/restaurant-analyzer.spec.js:37:3 › Restaurant Analyzer - Cross-Browser Tests › should display all 5 Louisville restaurants (1.0s)
  ✓   92 [chromium] › tests/specs/restaurant-analyzer.spec.js:37:3 › Restaurant Analyzer - Cross-Browser Tests › should display all 5 Louisville restaurants (1.0s)
  ✓   93 [chromium] › tests/specs/restaurant-analyzer.spec.js:49:3 › Restaurant Analyzer - Cross-Browser Tests › should select a restaurant and enable analyze button (1.4s)
  ✓   93 [chromium] › tests/specs/restaurant-analyzer.spec.js:49:3 › Restaurant Analyzer - Cross-Browser Tests › should select a restaurant and enable analyze button (1.4s)
  ✓   95 [chromium] › tests/specs/restaurant-analyzer.spec.js:132:3 › Restaurant Analyzer - Cross-Browser Tests › should close modal with ESC key (966ms)
  ✓   95 [chromium] › tests/specs/restaurant-analyzer.spec.js:132:3 › Restaurant Analyzer - Cross-Browser Tests › should close modal with ESC key (966ms)
  ✓   96 [chromium] › tests/specs/restaurant-analyzer.spec.js:144:3 › Restaurant Analyzer - Cross-Browser Tests › should close modal with close button (1.0s)
  ✓   96 [chromium] › tests/specs/restaurant-analyzer.spec.js:144:3 › Restaurant Analyzer - Cross-Browser Tests › should close modal with close button (1.0s)
  ✓   94 [chromium] › tests/specs/restaurant-analyzer.spec.js:113:3 › Restaurant Analyzer - Cross-Browser Tests › should display loading progress indicators (1.4s)
  ✓   94 [chromium] › tests/specs/restaurant-analyzer.spec.js:113:3 › Restaurant Analyzer - Cross-Browser Tests › should display loading progress indicators (1.4s)
  ✓   98 [chromium] › tests/specs/restaurant-analyzer.spec.js:157:3 › Restaurant Analyzer - Cross-Browser Tests › should close modal by clicking outside (1.1s)
  ✓   98 [chromium] › tests/specs/restaurant-analyzer.spec.js:157:3 › Restaurant Analyzer - Cross-Browser Tests › should close modal by clicking outside (1.1s)
  ✘   70 [chromium] › tests/specs/guitar-navigation.spec.js:146:3 › Guitar Platform Navigation Tests › should navigate to Home when clicking logo (11.0s)
  ✘   70 [chromium] › tests/specs/guitar-navigation.spec.js:146:3 › Guitar Platform Navigation Tests › should navigate to Home when clicking logo (11.0s)
  ✓   99 [chromium] › tests/specs/restaurant-analyzer.spec.js:169:3 › Restaurant Analyzer - Cross-Browser Tests › should allow selecting different restaurants sequentially (1.6s)
  ✓   99 [chromium] › tests/specs/restaurant-analyzer.spec.js:169:3 › Restaurant Analyzer - Cross-Browser Tests › should allow selecting different restaurants sequentially (1.6s)
  ✓   83 [chromium] › tests/specs/mobile-responsiveness.spec.js:150:3 › Mobile Responsiveness Tests › should scroll smoothly on mobile after analysis (6.9s)
  ✓   83 [chromium] › tests/specs/mobile-responsiveness.spec.js:150:3 › Mobile Responsiveness Tests › should scroll smoothly on mobile after analysis (6.9s)
  ✓  102 [webkit] › tests/cross-subdomain.spec.js:16:3 › Cross-Subdomain Navigation › should navigate from main to demos (1.1s)
  ✓  102 [webkit] › tests/cross-subdomain.spec.js:16:3 › Cross-Subdomain Navigation › should navigate from main to demos (1.1s)
Internal error: step id not found: fixture@47Internal error: step id not found: fixture@47
  ✘  104 [webkit] › tests/cross-subdomain.spec.js:49:3 › Cross-Subdomain Navigation › should open email with subject "10-Hour Question" from about page (774ms)

  ✘  104 [webkit] › tests/cross-subdomain.spec.js:49:3 › Cross-Subdomain Navigation › should open email with subject "10-Hour Question" from about page (774ms)
  ✓  106 [webkit] › tests/cross-subdomain.spec.js:83:3 › Cross-Subdomain Navigation › should navigate from demos back to main (619ms)
  ✓  106 [webkit] › tests/cross-subdomain.spec.js:83:3 › Cross-Subdomain Navigation › should navigate from demos back to main (619ms)
  ✓  103 [webkit] › tests/cross-subdomain.spec.js:34:3 › Cross-Subdomain Navigation › should navigate from about to demos (1.9s)
  ✓  103 [webkit] › tests/cross-subdomain.spec.js:34:3 › Cross-Subdomain Navigation › should navigate from about to demos (1.9s)
  ✓  108 [webkit] › tests/cross-subdomain.spec.js:115:3 › Cross-Subdomain Navigation › should navigate from main to services (562ms)
  ✓  108 [webkit] › tests/cross-subdomain.spec.js:115:3 › Cross-Subdomain Navigation › should navigate from main to services (562ms)
  ✓  107 [webkit] › tests/cross-subdomain.spec.js:102:3 › Cross-Subdomain Navigation › should navigate from main to about (646ms)
  ✓  107 [webkit] › tests/cross-subdomain.spec.js:102:3 › Cross-Subdomain Navigation › should navigate from main to about (646ms)
  ✓  111 [webkit] › tests/error-states.spec.js:13:3 › Error State Handling › should display error when API is unreachable (608ms)
  ✓  111 [webkit] › tests/error-states.spec.js:13:3 › Error State Handling › should display error when API is unreachable (608ms)
  ✘  109 [webkit] › tests/cross-subdomain.spec.js:128:3 › Cross-Subdomain Navigation › should maintain consistent navigation across all subdomains (1.3s)
  ✘  109 [webkit] › tests/cross-subdomain.spec.js:128:3 › Cross-Subdomain Navigation › should maintain consistent navigation across all subdomains (1.3s)
  ✓  112 [webkit] › tests/error-states.spec.js:30:3 › Error State Handling › should display retry button after error (558ms)
  ✓  112 [webkit] › tests/error-states.spec.js:30:3 › Error State Handling › should display retry button after error (558ms)
  ✓  113 [webkit] › tests/error-states.spec.js:76:3 › Error State Handling › should handle timeout errors gracefully (575ms)
  ✓  113 [webkit] › tests/error-states.spec.js:76:3 › Error State Handling › should handle timeout errors gracefully (575ms)
  ✓  114 [webkit] › tests/error-states.spec.js:45:3 › Error State Handling › should allow retry after error (773ms)
  ✓  114 [webkit] › tests/error-states.spec.js:45:3 › Error State Handling › should allow retry after error (773ms)
  ✓  115 [webkit] › tests/error-states.spec.js:95:3 › Error State Handling › should handle 500 server errors (555ms)
  ✓  115 [webkit] › tests/error-states.spec.js:95:3 › Error State Handling › should handle 500 server errors (555ms)
  ✓  116 [webkit] › tests/error-states.spec.js:116:3 › Error State Handling › should handle 404 not found errors (601ms)
  ✓  116 [webkit] › tests/error-states.spec.js:116:3 › Error State Handling › should handle 404 not found errors (601ms)
  ✓  117 [webkit] › tests/error-states.spec.js:137:3 › Error State Handling › should handle malformed API responses (577ms)
  ✓  117 [webkit] › tests/error-states.spec.js:137:3 › Error State Handling › should handle malformed API responses (577ms)
  ✓  110 [webkit] › tests/cross-subdomain.spec.js:145:3 › Cross-Subdomain Navigation › should load all subdomains without errors (3.2s)
  ✓  110 [webkit] › tests/cross-subdomain.spec.js:145:3 › Cross-Subdomain Navigation › should load all subdomains without errors (3.2s)
  ✓  119 [webkit] › tests/mobile-responsive.spec.js:18:3 › Mobile Responsiveness - iPhone › should stack grid vertically on mobile (470ms)
  ✓  119 [webkit] › tests/mobile-responsive.spec.js:18:3 › Mobile Responsiveness - iPhone › should stack grid vertically on mobile (470ms)
  ✓  118 [webkit] › tests/error-states.spec.js:158:3 › Error State Handling › should maintain UI state during loading (588ms)
  ✓  118 [webkit] › tests/error-states.spec.js:158:3 › Error State Handling › should maintain UI state during loading (588ms)
  ✓  120 [webkit] › tests/mobile-responsive.spec.js:35:3 › Mobile Responsiveness - iPhone › should have readable text on mobile (576ms)
  ✓  120 [webkit] › tests/mobile-responsive.spec.js:35:3 › Mobile Responsiveness - iPhone › should have readable text on mobile (576ms)
  ✘  105 [webkit] › tests/cross-subdomain.spec.js:68:3 › Cross-Subdomain Navigation › should display 10-Hour Question prominently on about page (5.8s)
  ✘  105 [webkit] › tests/cross-subdomain.spec.js:68:3 › Cross-Subdomain Navigation › should display 10-Hour Question prominently on about page (5.8s)
  ✓  121 [webkit] › tests/mobile-responsive.spec.js:49:3 › Mobile Responsiveness - iPhone › should have tappable buttons on mobile (514ms)
  ✓  121 [webkit] › tests/mobile-responsive.spec.js:49:3 › Mobile Responsiveness - iPhone › should have tappable buttons on mobile (514ms)
  ✓  122 [webkit] › tests/mobile-responsive.spec.js:64:3 › Mobile Responsiveness - iPhone › should not have horizontal scroll (470ms)
  ✓  122 [webkit] › tests/mobile-responsive.spec.js:64:3 › Mobile Responsiveness - iPhone › should not have horizontal scroll (470ms)
  ✘  123 [webkit] › tests/mobile-responsive.spec.js:72:3 › Mobile Responsiveness - iPhone › should be able to interact with Restaurant Analyzer on mobile (505ms)
  ✘  123 [webkit] › tests/mobile-responsive.spec.js:72:3 › Mobile Responsiveness - iPhone › should be able to interact with Restaurant Analyzer on mobile (505ms)
  ✓  124 [webkit] › tests/mobile-responsive.spec.js:115:3 › Mobile Responsiveness - Android › should handle touch interactions on Android (501ms)
  ✓  124 [webkit] › tests/mobile-responsive.spec.js:115:3 › Mobile Responsiveness - Android › should handle touch interactions on Android (501ms)
  ✓  125 [webkit] › tests/mobile-responsive.spec.js:138:3 › Tablet Responsiveness - iPad › should use medium layout on tablet (646ms)
  ✓  125 [webkit] › tests/mobile-responsive.spec.js:138:3 › Tablet Responsiveness - iPad › should use medium layout on tablet (646ms)
  ✓  126 [webkit] › tests/mobile-responsive.spec.js:107:3 › Mobile Responsiveness - Android › should load properly on Android (721ms)
  ✓  126 [webkit] › tests/mobile-responsive.spec.js:107:3 › Mobile Responsiveness - Android › should load properly on Android (721ms)
  ✓  128 [webkit] › tests/restaurant-analyzer.spec.js:18:3 › Restaurant Analyzer - Desktop Chrome › should display Restaurant Analyzer demo (601ms)
  ✓  128 [webkit] › tests/restaurant-analyzer.spec.js:18:3 › Restaurant Analyzer - Desktop Chrome › should display Restaurant Analyzer demo (601ms)
  ✓  129 [webkit] › tests/mobile-responsive.spec.js:156:3 › Tablet Responsiveness - iPad › should be fully interactive on tablet (798ms)
  ✓  129 [webkit] › tests/mobile-responsive.spec.js:156:3 › Tablet Responsiveness - iPad › should be fully interactive on tablet (798ms)
  ✘  130 [webkit] › tests/restaurant-analyzer.spec.js:24:3 › Restaurant Analyzer - Desktop Chrome › should analyze Jack Fry's restaurant (612ms)
  ✘  130 [webkit] › tests/restaurant-analyzer.spec.js:24:3 › Restaurant Analyzer - Desktop Chrome › should analyze Jack Fry's restaurant (612ms)
  ✓  131 [webkit] › tests/restaurant-analyzer.spec.js:48:3 › Restaurant Analyzer - Desktop Chrome › should handle offline error state (573ms)
  ✓  131 [webkit] › tests/restaurant-analyzer.spec.js:48:3 › Restaurant Analyzer - Desktop Chrome › should handle offline error state (573ms)
  ✓  132 [webkit] › tests/restaurant-analyzer.spec.js:63:3 › Restaurant Analyzer - Desktop Chrome › should display retry button on error (729ms)
  ✓  132 [webkit] › tests/restaurant-analyzer.spec.js:63:3 › Restaurant Analyzer - Desktop Chrome › should display retry button on error (729ms)
  ✓  133 [webkit] › tests/specs/cross-subdomain-navigation.spec.js:28:3 › Cross-Subdomain Navigation Tests › should navigate from demos to about subdomain (1.1s)
  ✓  133 [webkit] › tests/specs/cross-subdomain-navigation.spec.js:28:3 › Cross-Subdomain Navigation Tests › should navigate from demos to about subdomain (1.1s)
  ✓  135 [webkit] › tests/specs/cross-subdomain-navigation.spec.js:44:3 › Cross-Subdomain Navigation Tests › should navigate from demos to services subdomain (1.1s)
  ✓  135 [webkit] › tests/specs/cross-subdomain-navigation.spec.js:44:3 › Cross-Subdomain Navigation Tests › should navigate from demos to services subdomain (1.1s)
  ✘  134 [webkit] › tests/specs/cross-subdomain-navigation.spec.js:6:3 › Cross-Subdomain Navigation Tests › should navigate from demos to main site (1.3s)
  ✘  134 [webkit] › tests/specs/cross-subdomain-navigation.spec.js:6:3 › Cross-Subdomain Navigation Tests › should navigate from demos to main site (1.3s)
  ✘   97 [chromium] › tests/specs/restaurant-analyzer.spec.js:69:3 › Restaurant Analyzer - Cross-Browser Tests › should analyze a restaurant and display results (12.8s)
  ✘   97 [chromium] › tests/specs/restaurant-analyzer.spec.js:69:3 › Restaurant Analyzer - Cross-Browser Tests › should analyze a restaurant and display results (12.8s)
  ✓  100 [chromium] › tests/specs/restaurant-analyzer.spec.js:189:3 › Restaurant Analyzer - Cross-Browser Tests › should display theme breakdown with sentiment indicators (11.9s)
  ✓  100 [chromium] › tests/specs/restaurant-analyzer.spec.js:189:3 › Restaurant Analyzer - Cross-Browser Tests › should display theme breakdown with sentiment indicators (11.9s)
  ✓  136 [webkit] › tests/specs/cross-subdomain-navigation.spec.js:60:3 › Cross-Subdomain Navigation Tests › should maintain session state across subdomains (1.7s)
  ✓  136 [webkit] › tests/specs/cross-subdomain-navigation.spec.js:60:3 › Cross-Subdomain Navigation Tests › should maintain session state across subdomains (1.7s)
  ✓  139 [webkit] › tests/specs/cross-subdomain-navigation.spec.js:137:3 › Cross-Subdomain Navigation Tests › should handle external navigation from demos page (1.3s)
  ✓  139 [webkit] › tests/specs/cross-subdomain-navigation.spec.js:137:3 › Cross-Subdomain Navigation Tests › should handle external navigation from demos page (1.3s)
  ✓  140 [webkit] › tests/specs/cross-subdomain-navigation.spec.js:158:3 › Cross-Subdomain Navigation Tests › should navigate to GitHub from footer (1.3s)
  ✓  140 [webkit] › tests/specs/cross-subdomain-navigation.spec.js:158:3 › Cross-Subdomain Navigation Tests › should navigate to GitHub from footer (1.3s)
  ✓  141 [webkit] › tests/specs/cross-subdomain-navigation.spec.js:178:3 › Cross-Subdomain Navigation Tests › should handle email links correctly (1.1s)
  ✓  141 [webkit] › tests/specs/cross-subdomain-navigation.spec.js:178:3 › Cross-Subdomain Navigation Tests › should handle email links correctly (1.1s)
  ✓  144 [webkit] › tests/specs/cross-subdomain-navigation.spec.js:226:3 › Cross-Subdomain Navigation Tests › should handle 404 errors gracefully (276ms)
  ✓  144 [webkit] › tests/specs/cross-subdomain-navigation.spec.js:226:3 › Cross-Subdomain Navigation Tests › should handle 404 errors gracefully (276ms)
  ✘  127 [webkit] › tests/restaurant-analyzer.spec.js:13:3 › Restaurant Analyzer - Desktop Chrome › should load demos page successfully (5.7s)
  ✘  127 [webkit] › tests/restaurant-analyzer.spec.js:13:3 › Restaurant Analyzer - Desktop Chrome › should load demos page successfully (5.7s)
  ✓  142 [webkit] › tests/specs/cross-subdomain-navigation.spec.js:196:3 › Cross-Subdomain Navigation Tests › should navigate back to demos from main site (1.0s)
  ✓  142 [webkit] › tests/specs/cross-subdomain-navigation.spec.js:196:3 › Cross-Subdomain Navigation Tests › should navigate back to demos from main site (1.0s)
  ✓  143 [webkit] › tests/specs/cross-subdomain-navigation.spec.js:216:3 › Cross-Subdomain Navigation Tests › should preserve query parameters across navigation (1.1s)
  ✓  143 [webkit] › tests/specs/cross-subdomain-navigation.spec.js:216:3 › Cross-Subdomain Navigation Tests › should preserve query parameters across navigation (1.1s)
  ✓  147 [webkit] › tests/specs/cross-subdomain-navigation.spec.js:275:3 › Cross-Subdomain Navigation Tests › should handle subdomain redirects correctly (578ms)
  ✓  147 [webkit] › tests/specs/cross-subdomain-navigation.spec.js:275:3 › Cross-Subdomain Navigation Tests › should handle subdomain redirects correctly (578ms)
  ✓  138 [webkit] › tests/specs/cross-subdomain-navigation.spec.js:108:3 › Cross-Subdomain Navigation Tests › should have consistent branding across subdomains (3.2s)
  ✓  138 [webkit] › tests/specs/cross-subdomain-navigation.spec.js:108:3 › Cross-Subdomain Navigation Tests › should have consistent branding across subdomains (3.2s)
  ✓  145 [webkit] › tests/specs/cross-subdomain-navigation.spec.js:234:3 › Cross-Subdomain Navigation Tests › should load assets from correct CDN/origin (1.7s)
  ✓  145 [webkit] › tests/specs/cross-subdomain-navigation.spec.js:234:3 › Cross-Subdomain Navigation Tests › should load assets from correct CDN/origin (1.7s)
  ✓  146 [webkit] › tests/specs/cross-subdomain-navigation.spec.js:259:3 › Cross-Subdomain Navigation Tests › should navigate using browser back/forward buttons (1.3s)
  ✓  146 [webkit] › tests/specs/cross-subdomain-navigation.spec.js:259:3 › Cross-Subdomain Navigation Tests › should navigate using browser back/forward buttons (1.3s)
  ✓  137 [webkit] › tests/specs/cross-subdomain-navigation.spec.js:83:3 › Cross-Subdomain Navigation Tests › should load all subdomains successfully (4.5s)
  ✓  137 [webkit] › tests/specs/cross-subdomain-navigation.spec.js:83:3 › Cross-Subdomain Navigation Tests › should load all subdomains successfully (4.5s)
  ✓  149 [webkit] › tests/specs/cross-subdomain-navigation.spec.js:303:3 › Cross-Subdomain Navigation Tests › should load fonts consistently across subdomains (1.1s)
  ✓  149 [webkit] › tests/specs/cross-subdomain-navigation.spec.js:303:3 › Cross-Subdomain Navigation Tests › should load fonts consistently across subdomains (1.1s)
  ✓  148 [webkit] › tests/specs/cross-subdomain-navigation.spec.js:283:3 › Cross-Subdomain Navigation Tests › should have consistent meta tags across subdomains (1.7s)
  ✓  148 [webkit] › tests/specs/cross-subdomain-navigation.spec.js:283:3 › Cross-Subdomain Navigation Tests › should have consistent meta tags across subdomains (1.7s)
  ✓  101 [chromium] › tests/specs/restaurant-analyzer.spec.js:213:3 › Restaurant Analyzer - Cross-Browser Tests › should display CTA for custom analysis (16.9s)
  ✓  101 [chromium] › tests/specs/restaurant-analyzer.spec.js:213:3 › Restaurant Analyzer - Cross-Browser Tests › should display CTA for custom analysis (16.9s)
  ✓  151 [webkit] › tests/specs/error-states.spec.js:45:3 › Error State Testing › should handle 500 server error gracefully (2.1s)
  ✓  151 [webkit] › tests/specs/error-states.spec.js:45:3 › Error State Testing › should handle 500 server error gracefully (2.1s)
  ✘  153 [webkit] › tests/specs/error-states.spec.js:98:3 › Error State Testing › should handle 502 bad gateway error (2.2s)
  ✘  153 [webkit] › tests/specs/error-states.spec.js:98:3 › Error State Testing › should handle 502 bad gateway error (2.2s)
  ✓  155 [webkit] › tests/specs/error-states.spec.js:155:3 › Error State Testing › should display error for Email Scorer API failure (2.3s)
  ✓  155 [webkit] › tests/specs/error-states.spec.js:155:3 › Error State Testing › should display error for Email Scorer API failure (2.3s)
  ✓  152 [webkit] › tests/specs/error-states.spec.js:70:3 › Error State Testing › should handle 429 rate limit error (2.9s)
  ✓  152 [webkit] › tests/specs/error-states.spec.js:70:3 › Error State Testing › should handle 429 rate limit error (2.9s)
  ✓  156 [webkit] › tests/specs/error-states.spec.js:184:3 › Error State Testing › should handle empty form submission gracefully (1.4s)
  ✓  156 [webkit] › tests/specs/error-states.spec.js:184:3 › Error State Testing › should handle empty form submission gracefully (1.4s)
  ✓  157 [webkit] › tests/specs/error-states.spec.js:196:3 › Error State Testing › should validate required fields in Restaurant Analyzer (2.2s)
  ✓  157 [webkit] › tests/specs/error-states.spec.js:196:3 › Error State Testing › should validate required fields in Restaurant Analyzer (2.2s)
  ✓  154 [webkit] › tests/specs/error-states.spec.js:120:3 › Error State Testing › should allow retry after error (3.8s)
  ✓  154 [webkit] › tests/specs/error-states.spec.js:120:3 › Error State Testing › should allow retry after error (3.8s)
  ✓  159 [webkit] › tests/specs/error-states.spec.js:233:3 › Error State Testing › should handle Lead Scoring API error (2.1s)
  ✓  159 [webkit] › tests/specs/error-states.spec.js:233:3 › Error State Testing › should handle Lead Scoring API error (2.1s)
  ✓  160 [webkit] › tests/specs/error-states.spec.js:255:3 › Error State Testing › should handle Phishing Detector API error (2.1s)
  ✓  160 [webkit] › tests/specs/error-states.spec.js:255:3 › Error State Testing › should handle Phishing Detector API error (2.1s)
  ✓  158 [webkit] › tests/specs/error-states.spec.js:208:3 › Error State Testing › should handle Sentiment Analysis API error (2.2s)
  ✓  158 [webkit] › tests/specs/error-states.spec.js:208:3 › Error State Testing › should handle Sentiment Analysis API error (2.2s)
  ✓  164 [webkit] › tests/specs/guitar-navigation.spec.js:37:3 › Guitar Platform Navigation Tests › should highlight active route on Home page (886ms)
  ✓  164 [webkit] › tests/specs/guitar-navigation.spec.js:37:3 › Guitar Platform Navigation Tests › should highlight active route on Home page (886ms)
  ✘  150 [webkit] › tests/specs/error-states.spec.js:11:3 › Error State Testing › should display error message when API is unavailable (7.2s)
  ✘  150 [webkit] › tests/specs/error-states.spec.js:11:3 › Error State Testing › should display error message when API is unavailable (7.2s)
  ✓  168 [webkit] › tests/specs/guitar-navigation.spec.js:89:3 › Guitar Platform Navigation Tests › should navigate from Home to FretVision (1.1s)
  ✓  168 [webkit] › tests/specs/guitar-navigation.spec.js:89:3 › Guitar Platform Navigation Tests › should navigate from Home to FretVision (1.1s)
  ✓  162 [webkit] › tests/specs/error-states.spec.js:328:3 › Error State Testing › should clear error state on successful retry (5.2s)
  ✓  162 [webkit] › tests/specs/error-states.spec.js:328:3 › Error State Testing › should clear error state on successful retry (5.2s)
  ✘  163 [webkit] › tests/specs/guitar-navigation.spec.js:13:3 › Guitar Platform Navigation Tests › should display navigation bar on all pages (6.5s)
  ✘  163 [webkit] › tests/specs/guitar-navigation.spec.js:13:3 › Guitar Platform Navigation Tests › should display navigation bar on all pages (6.5s)
  ✘  165 [webkit] › tests/specs/guitar-navigation.spec.js:50:3 › Guitar Platform Navigation Tests › should highlight active route on FretVision page (5.8s)
  ✘  165 [webkit] › tests/specs/guitar-navigation.spec.js:50:3 › Guitar Platform Navigation Tests › should highlight active route on FretVision page (5.8s)
  ✘  166 [webkit] › tests/specs/guitar-navigation.spec.js:63:3 › Guitar Platform Navigation Tests › should highlight active route on Tab Player page (5.8s)
  ✘  166 [webkit] › tests/specs/guitar-navigation.spec.js:63:3 › Guitar Platform Navigation Tests › should highlight active route on Tab Player page (5.8s)
  ✘  167 [webkit] › tests/specs/guitar-navigation.spec.js:76:3 › Guitar Platform Navigation Tests › should highlight active route on Catalog page (5.8s)
  ✘  167 [webkit] › tests/specs/guitar-navigation.spec.js:76:3 › Guitar Platform Navigation Tests › should highlight active route on Catalog page (5.8s)
  ✓  161 [webkit] › tests/specs/error-states.spec.js:280:3 › Error State Testing › should display consistent error styling across demos (8.6s)
  ✓  161 [webkit] › tests/specs/error-states.spec.js:280:3 › Error State Testing › should display consistent error styling across demos (8.6s)
  ✘  172 [webkit] › tests/specs/guitar-navigation.spec.js:166:3 › Guitar Platform Navigation Tests › should load all pages successfully (1.1s)
  ✘  172 [webkit] › tests/specs/guitar-navigation.spec.js:166:3 › Guitar Platform Navigation Tests › should load all pages successfully (1.1s)
  ✓  173 [webkit] › tests/specs/guitar-navigation.spec.js:181:3 › Guitar Platform Navigation Tests › should maintain sticky navbar when scrolling (1.5s)
  ✓  173 [webkit] › tests/specs/guitar-navigation.spec.js:181:3 › Guitar Platform Navigation Tests › should maintain sticky navbar when scrolling (1.5s)
  ✓  175 [webkit] › tests/specs/guitar-navigation.spec.js:204:3 › Guitar Platform Navigation Tests › should be mobile responsive on small screens (1.0s)
  ✓  175 [webkit] › tests/specs/guitar-navigation.spec.js:204:3 › Guitar Platform Navigation Tests › should be mobile responsive on small screens (1.0s)
  ✓  174 [webkit] › tests/specs/guitar-navigation.spec.js:234:3 › Guitar Platform Navigation Tests › should handle browser back/forward navigation (1.2s)
  ✓  174 [webkit] › tests/specs/guitar-navigation.spec.js:234:3 › Guitar Platform Navigation Tests › should handle browser back/forward navigation (1.2s)
  ✓  177 [webkit] › tests/specs/guitar-navigation.spec.js:292:3 › Guitar Platform Navigation Tests › should navigate through all pages in sequence (1.3s)
  ✓  177 [webkit] › tests/specs/guitar-navigation.spec.js:292:3 › Guitar Platform Navigation Tests › should navigate through all pages in sequence (1.3s)
  ✓  179 [webkit] › tests/specs/mobile-responsiveness.spec.js:36:3 › Mobile Responsiveness Tests › should display demo cards in single column on mobile (1.0s)
  ✓  179 [webkit] › tests/specs/mobile-responsiveness.spec.js:36:3 › Mobile Responsiveness Tests › should display demo cards in single column on mobile (1.0s)
  ✘  176 [webkit] › tests/specs/guitar-navigation.spec.js:270:3 › Guitar Platform Navigation Tests › should have consistent dark theme across all pages (1.6s)
  ✘  176 [webkit] › tests/specs/guitar-navigation.spec.js:270:3 › Guitar Platform Navigation Tests › should have consistent dark theme across all pages (1.6s)
  ✓  178 [webkit] › tests/specs/mobile-responsiveness.spec.js:6:3 › Mobile Responsiveness Tests › should display mobile-optimized layout on small screens (1.5s)
  ✓  178 [webkit] › tests/specs/mobile-responsiveness.spec.js:6:3 › Mobile Responsiveness Tests › should display mobile-optimized layout on small screens (1.5s)
  ✘  181 [webkit] › tests/specs/mobile-responsiveness.spec.js:87:3 › Mobile Responsiveness Tests › should display restaurant selection in single column on mobile (1.1s)
  ✘  181 [webkit] › tests/specs/mobile-responsiveness.spec.js:87:3 › Mobile Responsiveness Tests › should display restaurant selection in single column on mobile (1.1s)
  ✓  180 [webkit] › tests/specs/mobile-responsiveness.spec.js:59:3 › Mobile Responsiveness Tests › should open Restaurant Analyzer modal on mobile (1.6s)
  ✓  180 [webkit] › tests/specs/mobile-responsiveness.spec.js:59:3 › Mobile Responsiveness Tests › should open Restaurant Analyzer modal on mobile (1.6s)
  ✓  182 [webkit] › tests/specs/mobile-responsiveness.spec.js:128:3 › Mobile Responsiveness Tests › should maintain functionality when rotating device (2.0s)
  ✓  182 [webkit] › tests/specs/mobile-responsiveness.spec.js:128:3 › Mobile Responsiveness Tests › should maintain functionality when rotating device (2.0s)
  ✓  183 [webkit] › tests/specs/mobile-responsiveness.spec.js:108:3 › Mobile Responsiveness Tests › should handle tablet landscape orientation (1.7s)
  ✓  183 [webkit] › tests/specs/mobile-responsiveness.spec.js:108:3 › Mobile Responsiveness Tests › should handle tablet landscape orientation (1.7s)
  ✓  185 [webkit] › tests/specs/mobile-responsiveness.spec.js:184:3 › Mobile Responsiveness Tests › should display readable text sizes on mobile (1.0s)
  ✓  185 [webkit] › tests/specs/mobile-responsiveness.spec.js:184:3 › Mobile Responsiveness Tests › should display readable text sizes on mobile (1.0s)
  ✘  186 [webkit] › tests/specs/mobile-responsiveness.spec.js:198:3 › Mobile Responsiveness Tests › should have touch-friendly navigation on mobile (1.0s)
  ✘  186 [webkit] › tests/specs/mobile-responsiveness.spec.js:198:3 › Mobile Responsiveness Tests › should have touch-friendly navigation on mobile (1.0s)
  ✓  188 [webkit] › tests/specs/mobile-responsiveness.spec.js:243:3 › Mobile Responsiveness Tests › should maintain aspect ratios for images on mobile (1.0s)
  ✓  188 [webkit] › tests/specs/mobile-responsiveness.spec.js:243:3 › Mobile Responsiveness Tests › should maintain aspect ratios for images on mobile (1.0s)
  ✘  169 [webkit] › tests/specs/guitar-navigation.spec.js:108:3 › Guitar Platform Navigation Tests › should navigate from FretVision to Tab Player (10.8s)
  ✘  169 [webkit] › tests/specs/guitar-navigation.spec.js:108:3 › Guitar Platform Navigation Tests › should navigate from FretVision to Tab Player (10.8s)
  ✓  189 [webkit] › tests/specs/mobile-responsiveness.spec.js:290:3 › Mobile Responsiveness Tests › should handle modal overflow on small viewports (1.1s)
  ✓  189 [webkit] › tests/specs/mobile-responsiveness.spec.js:290:3 › Mobile Responsiveness Tests › should handle modal overflow on small viewports (1.1s)
  ✓  190 [webkit] › tests/specs/mobile-responsiveness.spec.js:261:3 › Mobile Responsiveness Tests › should load Email Scorer on tablet (1.9s)
  ✓  190 [webkit] › tests/specs/mobile-responsiveness.spec.js:261:3 › Mobile Responsiveness Tests › should load Email Scorer on tablet (1.9s)
  ✘  170 [webkit] › tests/specs/guitar-navigation.spec.js:127:3 › Guitar Platform Navigation Tests › should navigate from Tab Player to Catalog (10.8s)
  ✘  170 [webkit] › tests/specs/guitar-navigation.spec.js:127:3 › Guitar Platform Navigation Tests › should navigate from Tab Player to Catalog (10.8s)
  ✓  191 [webkit] › tests/specs/restaurant-analyzer.spec.js:25:3 › Restaurant Analyzer - Cross-Browser Tests › should open Restaurant Analyzer modal on click (1.2s)
  ✓  191 [webkit] › tests/specs/restaurant-analyzer.spec.js:25:3 › Restaurant Analyzer - Cross-Browser Tests › should open Restaurant Analyzer modal on click (1.2s)
  ✓  192 [webkit] › tests/specs/restaurant-analyzer.spec.js:15:3 › Restaurant Analyzer - Cross-Browser Tests › should load the Restaurant Analyzer demo card (1.2s)
  ✓  192 [webkit] › tests/specs/restaurant-analyzer.spec.js:15:3 › Restaurant Analyzer - Cross-Browser Tests › should load the Restaurant Analyzer demo card (1.2s)
  ✓  187 [webkit] › tests/specs/mobile-responsiveness.spec.js:218:3 › Mobile Responsiveness Tests › should hide/show content appropriately on different breakpoints (4.0s)
  ✓  187 [webkit] › tests/specs/mobile-responsiveness.spec.js:218:3 › Mobile Responsiveness Tests › should hide/show content appropriately on different breakpoints (4.0s)
  ✓  193 [webkit] › tests/specs/restaurant-analyzer.spec.js:37:3 › Restaurant Analyzer - Cross-Browser Tests › should display all 5 Louisville restaurants (1.2s)
  ✓  193 [webkit] › tests/specs/restaurant-analyzer.spec.js:37:3 › Restaurant Analyzer - Cross-Browser Tests › should display all 5 Louisville restaurants (1.2s)
  ✓  197 [webkit] › tests/specs/restaurant-analyzer.spec.js:132:3 › Restaurant Analyzer - Cross-Browser Tests › should close modal with ESC key (1.2s)
  ✓  197 [webkit] › tests/specs/restaurant-analyzer.spec.js:132:3 › Restaurant Analyzer - Cross-Browser Tests › should close modal with ESC key (1.2s)
  ✘  171 [webkit] › tests/specs/guitar-navigation.spec.js:146:3 › Guitar Platform Navigation Tests › should navigate to Home when clicking logo (10.9s)
  ✘  171 [webkit] › tests/specs/guitar-navigation.spec.js:146:3 › Guitar Platform Navigation Tests › should navigate to Home when clicking logo (10.9s)
  ✓  198 [webkit] › tests/specs/restaurant-analyzer.spec.js:144:3 › Restaurant Analyzer - Cross-Browser Tests › should close modal with close button (1.2s)
  ✓  198 [webkit] › tests/specs/restaurant-analyzer.spec.js:144:3 › Restaurant Analyzer - Cross-Browser Tests › should close modal with close button (1.2s)
  ✓  196 [webkit] › tests/specs/restaurant-analyzer.spec.js:113:3 › Restaurant Analyzer - Cross-Browser Tests › should display loading progress indicators (2.2s)
  ✓  196 [webkit] › tests/specs/restaurant-analyzer.spec.js:113:3 › Restaurant Analyzer - Cross-Browser Tests › should display loading progress indicators (2.2s)
  ✓  195 [webkit] › tests/specs/restaurant-analyzer.spec.js:49:3 › Restaurant Analyzer - Cross-Browser Tests › should select a restaurant and enable analyze button (2.3s)
  ✓  195 [webkit] › tests/specs/restaurant-analyzer.spec.js:49:3 › Restaurant Analyzer - Cross-Browser Tests › should select a restaurant and enable analyze button (2.3s)
  ✓  199 [webkit] › tests/specs/restaurant-analyzer.spec.js:157:3 › Restaurant Analyzer - Cross-Browser Tests › should close modal by clicking outside (1.2s)
  ✓  199 [webkit] › tests/specs/restaurant-analyzer.spec.js:157:3 › Restaurant Analyzer - Cross-Browser Tests › should close modal by clicking outside (1.2s)
  ✓  203 [mobile-chrome] › tests/cross-subdomain.spec.js:16:3 › Cross-Subdomain Navigation › should navigate from main to demos (581ms)
  ✓  203 [mobile-chrome] › tests/cross-subdomain.spec.js:16:3 › Cross-Subdomain Navigation › should navigate from main to demos (581ms)
  ✓  184 [webkit] › tests/specs/mobile-responsiveness.spec.js:150:3 › Mobile Responsiveness Tests › should scroll smoothly on mobile after analysis (8.4s)
  ✓  184 [webkit] › tests/specs/mobile-responsiveness.spec.js:150:3 › Mobile Responsiveness Tests › should scroll smoothly on mobile after analysis (8.4s)
Internal error: step id not found: fixture@38Internal error: step id not found: fixture@38
  ✘  205 [mobile-chrome] › tests/cross-subdomain.spec.js:49:3 › Cross-Subdomain Navigation › should open email with subject "10-Hour Question" from about page (383ms)

  ✘  205 [mobile-chrome] › tests/cross-subdomain.spec.js:49:3 › Cross-Subdomain Navigation › should open email with subject "10-Hour Question" from about page (383ms)
  ✓  204 [mobile-chrome] › tests/cross-subdomain.spec.js:34:3 › Cross-Subdomain Navigation › should navigate from about to demos (1.4s)
  ✓  204 [mobile-chrome] › tests/cross-subdomain.spec.js:34:3 › Cross-Subdomain Navigation › should navigate from about to demos (1.4s)
  ✓  200 [webkit] › tests/specs/restaurant-analyzer.spec.js:169:3 › Restaurant Analyzer - Cross-Browser Tests › should allow selecting different restaurants sequentially (2.5s)
  ✓  200 [webkit] › tests/specs/restaurant-analyzer.spec.js:169:3 › Restaurant Analyzer - Cross-Browser Tests › should allow selecting different restaurants sequentially (2.5s)
  ✓  208 [mobile-chrome] › tests/cross-subdomain.spec.js:102:3 › Cross-Subdomain Navigation › should navigate from main to about (430ms)
  ✓  208 [mobile-chrome] › tests/cross-subdomain.spec.js:102:3 › Cross-Subdomain Navigation › should navigate from main to about (430ms)
  ✓  207 [mobile-chrome] › tests/cross-subdomain.spec.js:83:3 › Cross-Subdomain Navigation › should navigate from demos back to main (502ms)
  ✓  207 [mobile-chrome] › tests/cross-subdomain.spec.js:83:3 › Cross-Subdomain Navigation › should navigate from demos back to main (502ms)
  ✓  211 [mobile-chrome] › tests/cross-subdomain.spec.js:115:3 › Cross-Subdomain Navigation › should navigate from main to services (394ms)
  ✓  211 [mobile-chrome] › tests/cross-subdomain.spec.js:115:3 › Cross-Subdomain Navigation › should navigate from main to services (394ms)
  ✘  209 [mobile-chrome] › tests/cross-subdomain.spec.js:128:3 › Cross-Subdomain Navigation › should maintain consistent navigation across all subdomains (961ms)
  ✘  209 [mobile-chrome] › tests/cross-subdomain.spec.js:128:3 › Cross-Subdomain Navigation › should maintain consistent navigation across all subdomains (961ms)
  ✓  212 [mobile-chrome] › tests/error-states.spec.js:13:3 › Error State Handling › should display error when API is unreachable (488ms)
  ✓  212 [mobile-chrome] › tests/error-states.spec.js:13:3 › Error State Handling › should display error when API is unreachable (488ms)
  ✓  213 [mobile-chrome] › tests/error-states.spec.js:45:3 › Error State Handling › should allow retry after error (478ms)
  ✓  213 [mobile-chrome] › tests/error-states.spec.js:45:3 › Error State Handling › should allow retry after error (478ms)
  ✓  214 [mobile-chrome] › tests/error-states.spec.js:30:3 › Error State Handling › should display retry button after error (509ms)
  ✓  214 [mobile-chrome] › tests/error-states.spec.js:30:3 › Error State Handling › should display retry button after error (509ms)
  ✓  215 [mobile-chrome] › tests/error-states.spec.js:76:3 › Error State Handling › should handle timeout errors gracefully (476ms)
  ✓  215 [mobile-chrome] › tests/error-states.spec.js:76:3 › Error State Handling › should handle timeout errors gracefully (476ms)
  ✓  216 [mobile-chrome] › tests/error-states.spec.js:95:3 › Error State Handling › should handle 500 server errors (468ms)
  ✓  216 [mobile-chrome] › tests/error-states.spec.js:95:3 › Error State Handling › should handle 500 server errors (468ms)
  ✓  217 [mobile-chrome] › tests/error-states.spec.js:116:3 › Error State Handling › should handle 404 not found errors (478ms)
  ✓  217 [mobile-chrome] › tests/error-states.spec.js:116:3 › Error State Handling › should handle 404 not found errors (478ms)
  ✓  218 [mobile-chrome] › tests/error-states.spec.js:137:3 › Error State Handling › should handle malformed API responses (460ms)
  ✓  218 [mobile-chrome] › tests/error-states.spec.js:137:3 › Error State Handling › should handle malformed API responses (460ms)
  ✓  219 [mobile-chrome] › tests/error-states.spec.js:158:3 › Error State Handling › should maintain UI state during loading (497ms)
  ✓  219 [mobile-chrome] › tests/error-states.spec.js:158:3 › Error State Handling › should maintain UI state during loading (497ms)
  ✓  210 [mobile-chrome] › tests/cross-subdomain.spec.js:145:3 › Cross-Subdomain Navigation › should load all subdomains without errors (3.0s)
  ✓  210 [mobile-chrome] › tests/cross-subdomain.spec.js:145:3 › Cross-Subdomain Navigation › should load all subdomains without errors (3.0s)
  ✓  220 [mobile-chrome] › tests/mobile-responsive.spec.js:18:3 › Mobile Responsiveness - iPhone › should stack grid vertically on mobile (512ms)
  ✓  220 [mobile-chrome] › tests/mobile-responsive.spec.js:18:3 › Mobile Responsiveness - iPhone › should stack grid vertically on mobile (512ms)
  ✓  222 [mobile-chrome] › tests/mobile-responsive.spec.js:49:3 › Mobile Responsiveness - iPhone › should have tappable buttons on mobile (488ms)
  ✓  222 [mobile-chrome] › tests/mobile-responsive.spec.js:49:3 › Mobile Responsiveness - iPhone › should have tappable buttons on mobile (488ms)
  ✓  221 [mobile-chrome] › tests/mobile-responsive.spec.js:35:3 › Mobile Responsiveness - iPhone › should have readable text on mobile (512ms)
  ✓  221 [mobile-chrome] › tests/mobile-responsive.spec.js:35:3 › Mobile Responsiveness - iPhone › should have readable text on mobile (512ms)
  ✓  223 [mobile-chrome] › tests/mobile-responsive.spec.js:64:3 › Mobile Responsiveness - iPhone › should not have horizontal scroll (497ms)
  ✓  223 [mobile-chrome] › tests/mobile-responsive.spec.js:64:3 › Mobile Responsiveness - iPhone › should not have horizontal scroll (497ms)
  ✓  225 [mobile-chrome] › tests/mobile-responsive.spec.js:107:3 › Mobile Responsiveness - Android › should load properly on Android (535ms)
  ✓  225 [mobile-chrome] › tests/mobile-responsive.spec.js:107:3 › Mobile Responsiveness - Android › should load properly on Android (535ms)
  ✓  224 [mobile-chrome] › tests/mobile-responsive.spec.js:72:3 › Mobile Responsiveness - iPhone › should be able to interact with Restaurant Analyzer on mobile (802ms)
  ✓  224 [mobile-chrome] › tests/mobile-responsive.spec.js:72:3 › Mobile Responsiveness - iPhone › should be able to interact with Restaurant Analyzer on mobile (802ms)
  ✓  226 [mobile-chrome] › tests/mobile-responsive.spec.js:115:3 › Mobile Responsiveness - Android › should handle touch interactions on Android (535ms)
  ✓  226 [mobile-chrome] › tests/mobile-responsive.spec.js:115:3 › Mobile Responsiveness - Android › should handle touch interactions on Android (535ms)
  ✘  206 [mobile-chrome] › tests/cross-subdomain.spec.js:68:3 › Cross-Subdomain Navigation › should display 10-Hour Question prominently on about page (5.5s)
  ✘  206 [mobile-chrome] › tests/cross-subdomain.spec.js:68:3 › Cross-Subdomain Navigation › should display 10-Hour Question prominently on about page (5.5s)
  ✓  227 [mobile-chrome] › tests/mobile-responsive.spec.js:138:3 › Tablet Responsiveness - iPad › should use medium layout on tablet (868ms)
  ✓  227 [mobile-chrome] › tests/mobile-responsive.spec.js:138:3 › Tablet Responsiveness - iPad › should use medium layout on tablet (868ms)
  ✓  228 [mobile-chrome] › tests/mobile-responsive.spec.js:156:3 › Tablet Responsiveness - iPad › should be fully interactive on tablet (881ms)
  ✓  228 [mobile-chrome] › tests/mobile-responsive.spec.js:156:3 › Tablet Responsiveness - iPad › should be fully interactive on tablet (881ms)
  ✘  230 [mobile-chrome] › tests/restaurant-analyzer.spec.js:24:3 › Restaurant Analyzer - Desktop Chrome › should analyze Jack Fry's restaurant (480ms)
  ✘  230 [mobile-chrome] › tests/restaurant-analyzer.spec.js:24:3 › Restaurant Analyzer - Desktop Chrome › should analyze Jack Fry's restaurant (480ms)
  ✓  232 [mobile-chrome] › tests/restaurant-analyzer.spec.js:48:3 › Restaurant Analyzer - Desktop Chrome › should handle offline error state (479ms)
  ✓  232 [mobile-chrome] › tests/restaurant-analyzer.spec.js:48:3 › Restaurant Analyzer - Desktop Chrome › should handle offline error state (479ms)
  ✓  231 [mobile-chrome] › tests/restaurant-analyzer.spec.js:18:3 › Restaurant Analyzer - Desktop Chrome › should display Restaurant Analyzer demo (497ms)
  ✓  231 [mobile-chrome] › tests/restaurant-analyzer.spec.js:18:3 › Restaurant Analyzer - Desktop Chrome › should display Restaurant Analyzer demo (497ms)
  ✓  234 [mobile-chrome] › tests/restaurant-analyzer.spec.js:63:3 › Restaurant Analyzer - Desktop Chrome › should display retry button on error (495ms)
  ✓  234 [mobile-chrome] › tests/restaurant-analyzer.spec.js:63:3 › Restaurant Analyzer - Desktop Chrome › should display retry button on error (495ms)
  ✓  235 [mobile-chrome] › tests/specs/cross-subdomain-navigation.spec.js:28:3 › Cross-Subdomain Navigation Tests › should navigate from demos to about subdomain (1.1s)
  ✓  235 [mobile-chrome] › tests/specs/cross-subdomain-navigation.spec.js:28:3 › Cross-Subdomain Navigation Tests › should navigate from demos to about subdomain (1.1s)
  ✓  236 [mobile-chrome] › tests/specs/cross-subdomain-navigation.spec.js:44:3 › Cross-Subdomain Navigation Tests › should navigate from demos to services subdomain (1.0s)
  ✓  236 [mobile-chrome] › tests/specs/cross-subdomain-navigation.spec.js:44:3 › Cross-Subdomain Navigation Tests › should navigate from demos to services subdomain (1.0s)
Internal error: step id not found: fixture@38Internal error: step id not found: fixture@38
  ✘  233 [mobile-chrome] › tests/specs/cross-subdomain-navigation.spec.js:6:3 › Cross-Subdomain Navigation Tests › should navigate from demos to main site (2.1s)

  ✘  233 [mobile-chrome] › tests/specs/cross-subdomain-navigation.spec.js:6:3 › Cross-Subdomain Navigation Tests › should navigate from demos to main site (2.1s)
  ✓  201 [webkit] › tests/specs/restaurant-analyzer.spec.js:189:3 › Restaurant Analyzer - Cross-Browser Tests › should display theme breakdown with sentiment indicators (11.2s)
  ✓  201 [webkit] › tests/specs/restaurant-analyzer.spec.js:189:3 › Restaurant Analyzer - Cross-Browser Tests › should display theme breakdown with sentiment indicators (11.2s)
  ✓  237 [mobile-chrome] › tests/specs/cross-subdomain-navigation.spec.js:60:3 › Cross-Subdomain Navigation Tests › should maintain session state across subdomains (1.6s)
  ✓  237 [mobile-chrome] › tests/specs/cross-subdomain-navigation.spec.js:60:3 › Cross-Subdomain Navigation Tests › should maintain session state across subdomains (1.6s)
  ✘  194 [webkit] › tests/specs/restaurant-analyzer.spec.js:69:3 › Restaurant Analyzer - Cross-Browser Tests › should analyze a restaurant and display results (14.0s)
  ✘  194 [webkit] › tests/specs/restaurant-analyzer.spec.js:69:3 › Restaurant Analyzer - Cross-Browser Tests › should analyze a restaurant and display results (14.0s)
  ✓  240 [mobile-chrome] › tests/specs/cross-subdomain-navigation.spec.js:158:3 › Cross-Subdomain Navigation Tests › should navigate to GitHub from footer (1.1s)
  ✓  240 [mobile-chrome] › tests/specs/cross-subdomain-navigation.spec.js:158:3 › Cross-Subdomain Navigation Tests › should navigate to GitHub from footer (1.1s)
  ✓  241 [mobile-chrome] › tests/specs/cross-subdomain-navigation.spec.js:137:3 › Cross-Subdomain Navigation Tests › should handle external navigation from demos page (1.1s)
  ✓  241 [mobile-chrome] › tests/specs/cross-subdomain-navigation.spec.js:137:3 › Cross-Subdomain Navigation Tests › should handle external navigation from demos page (1.1s)
  ✘  229 [mobile-chrome] › tests/restaurant-analyzer.spec.js:13:3 › Restaurant Analyzer - Desktop Chrome › should load demos page successfully (5.7s)
  ✘  229 [mobile-chrome] › tests/restaurant-analyzer.spec.js:13:3 › Restaurant Analyzer - Desktop Chrome › should load demos page successfully (5.7s)
  ✓  242 [mobile-chrome] › tests/specs/cross-subdomain-navigation.spec.js:178:3 › Cross-Subdomain Navigation Tests › should handle email links correctly (1.2s)
  ✓  242 [mobile-chrome] › tests/specs/cross-subdomain-navigation.spec.js:178:3 › Cross-Subdomain Navigation Tests › should handle email links correctly (1.2s)
  ✓  243 [mobile-chrome] › tests/specs/cross-subdomain-navigation.spec.js:196:3 › Cross-Subdomain Navigation Tests › should navigate back to demos from main site (952ms)
  ✓  243 [mobile-chrome] › tests/specs/cross-subdomain-navigation.spec.js:196:3 › Cross-Subdomain Navigation Tests › should navigate back to demos from main site (952ms)
  ✓  245 [mobile-chrome] › tests/specs/cross-subdomain-navigation.spec.js:226:3 › Cross-Subdomain Navigation Tests › should handle 404 errors gracefully (246ms)
  ✓  245 [mobile-chrome] › tests/specs/cross-subdomain-navigation.spec.js:226:3 › Cross-Subdomain Navigation Tests › should handle 404 errors gracefully (246ms)
  ✓  244 [mobile-chrome] › tests/specs/cross-subdomain-navigation.spec.js:216:3 › Cross-Subdomain Navigation Tests › should preserve query parameters across navigation (1.1s)
  ✓  244 [mobile-chrome] › tests/specs/cross-subdomain-navigation.spec.js:216:3 › Cross-Subdomain Navigation Tests › should preserve query parameters across navigation (1.1s)
  ✓  239 [mobile-chrome] › tests/specs/cross-subdomain-navigation.spec.js:108:3 › Cross-Subdomain Navigation Tests › should have consistent branding across subdomains (3.0s)
  ✓  239 [mobile-chrome] › tests/specs/cross-subdomain-navigation.spec.js:108:3 › Cross-Subdomain Navigation Tests › should have consistent branding across subdomains (3.0s)
  ✓  248 [mobile-chrome] › tests/specs/cross-subdomain-navigation.spec.js:275:3 › Cross-Subdomain Navigation Tests › should handle subdomain redirects correctly (471ms)
  ✓  248 [mobile-chrome] › tests/specs/cross-subdomain-navigation.spec.js:275:3 › Cross-Subdomain Navigation Tests › should handle subdomain redirects correctly (471ms)
  ✓  247 [mobile-chrome] › tests/specs/cross-subdomain-navigation.spec.js:259:3 › Cross-Subdomain Navigation Tests › should navigate using browser back/forward buttons (1.0s)
  ✓  247 [mobile-chrome] › tests/specs/cross-subdomain-navigation.spec.js:259:3 › Cross-Subdomain Navigation Tests › should navigate using browser back/forward buttons (1.0s)
  ✓  246 [mobile-chrome] › tests/specs/cross-subdomain-navigation.spec.js:234:3 › Cross-Subdomain Navigation Tests › should load assets from correct CDN/origin (1.6s)
  ✓  246 [mobile-chrome] › tests/specs/cross-subdomain-navigation.spec.js:234:3 › Cross-Subdomain Navigation Tests › should load assets from correct CDN/origin (1.6s)
  ✓  250 [mobile-chrome] › tests/specs/cross-subdomain-navigation.spec.js:303:3 › Cross-Subdomain Navigation Tests › should load fonts consistently across subdomains (1.1s)
  ✓  250 [mobile-chrome] › tests/specs/cross-subdomain-navigation.spec.js:303:3 › Cross-Subdomain Navigation Tests › should load fonts consistently across subdomains (1.1s)
  ✓  249 [mobile-chrome] › tests/specs/cross-subdomain-navigation.spec.js:283:3 › Cross-Subdomain Navigation Tests › should have consistent meta tags across subdomains (1.7s)
  ✓  249 [mobile-chrome] › tests/specs/cross-subdomain-navigation.spec.js:283:3 › Cross-Subdomain Navigation Tests › should have consistent meta tags across subdomains (1.7s)
  ✓  252 [mobile-chrome] › tests/specs/error-states.spec.js:45:3 › Error State Testing › should handle 500 server error gracefully (1.6s)
  ✓  252 [mobile-chrome] › tests/specs/error-states.spec.js:45:3 › Error State Testing › should handle 500 server error gracefully (1.6s)
  ✓  202 [webkit] › tests/specs/restaurant-analyzer.spec.js:213:3 › Restaurant Analyzer - Cross-Browser Tests › should display CTA for custom analysis (16.3s)
  ✓  202 [webkit] › tests/specs/restaurant-analyzer.spec.js:213:3 › Restaurant Analyzer - Cross-Browser Tests › should display CTA for custom analysis (16.3s)
  ✘  254 [mobile-chrome] › tests/specs/error-states.spec.js:98:3 › Error State Testing › should handle 502 bad gateway error (1.7s)
  ✘  254 [mobile-chrome] › tests/specs/error-states.spec.js:98:3 › Error State Testing › should handle 502 bad gateway error (1.7s)
  ✓  238 [mobile-chrome] › tests/specs/cross-subdomain-navigation.spec.js:83:3 › Cross-Subdomain Navigation Tests › should load all subdomains successfully (6.8s)
  ✓  238 [mobile-chrome] › tests/specs/cross-subdomain-navigation.spec.js:83:3 › Cross-Subdomain Navigation Tests › should load all subdomains successfully (6.8s)
  ✓  251 [mobile-chrome] › tests/specs/error-states.spec.js:11:3 › Error State Testing › should display error message when API is unavailable (3.4s)
  ✓  251 [mobile-chrome] › tests/specs/error-states.spec.js:11:3 › Error State Testing › should display error message when API is unavailable (3.4s)
  ✓  253 [mobile-chrome] › tests/specs/error-states.spec.js:70:3 › Error State Testing › should handle 429 rate limit error (3.4s)
  ✓  253 [mobile-chrome] › tests/specs/error-states.spec.js:70:3 › Error State Testing › should handle 429 rate limit error (3.4s)
  ✓  257 [mobile-chrome] › tests/specs/error-states.spec.js:184:3 › Error State Testing › should handle empty form submission gracefully (1.2s)
  ✓  257 [mobile-chrome] › tests/specs/error-states.spec.js:184:3 › Error State Testing › should handle empty form submission gracefully (1.2s)
  ✓  259 [mobile-chrome] › tests/specs/error-states.spec.js:196:3 › Error State Testing › should validate required fields in Restaurant Analyzer (1.2s)
  ✓  259 [mobile-chrome] › tests/specs/error-states.spec.js:196:3 › Error State Testing › should validate required fields in Restaurant Analyzer (1.2s)
  ✓  260 [mobile-chrome] › tests/specs/error-states.spec.js:233:3 › Error State Testing › should handle Lead Scoring API error (1.6s)
  ✓  260 [mobile-chrome] › tests/specs/error-states.spec.js:233:3 › Error State Testing › should handle Lead Scoring API error (1.6s)
  ✓  255 [mobile-chrome] › tests/specs/error-states.spec.js:120:3 › Error State Testing › should allow retry after error (3.7s)
  ✓  255 [mobile-chrome] › tests/specs/error-states.spec.js:120:3 › Error State Testing › should allow retry after error (3.7s)
  ✓  258 [mobile-chrome] › tests/specs/error-states.spec.js:208:3 › Error State Testing › should handle Sentiment Analysis API error (2.2s)
  ✓  258 [mobile-chrome] › tests/specs/error-states.spec.js:208:3 › Error State Testing › should handle Sentiment Analysis API error (2.2s)
  ✓  265 [mobile-chrome] › tests/specs/guitar-navigation.spec.js:37:3 › Guitar Platform Navigation Tests › should highlight active route on Home page (826ms)
  ✓  265 [mobile-chrome] › tests/specs/guitar-navigation.spec.js:37:3 › Guitar Platform Navigation Tests › should highlight active route on Home page (826ms)
  ✓  261 [mobile-chrome] › tests/specs/error-states.spec.js:255:3 › Error State Testing › should handle Phishing Detector API error (2.1s)
  ✓  261 [mobile-chrome] › tests/specs/error-states.spec.js:255:3 › Error State Testing › should handle Phishing Detector API error (2.1s)
  ✓  256 [mobile-chrome] › tests/specs/error-states.spec.js:155:3 › Error State Testing › should display error for Email Scorer API failure (4.9s)
  ✓  256 [mobile-chrome] › tests/specs/error-states.spec.js:155:3 › Error State Testing › should display error for Email Scorer API failure (4.9s)
  ✓  269 [mobile-chrome] › tests/specs/guitar-navigation.spec.js:89:3 › Guitar Platform Navigation Tests › should navigate from Home to FretVision (1.0s)
  ✓  269 [mobile-chrome] › tests/specs/guitar-navigation.spec.js:89:3 › Guitar Platform Navigation Tests › should navigate from Home to FretVision (1.0s)
  ✓  263 [mobile-chrome] › tests/specs/error-states.spec.js:328:3 › Error State Testing › should clear error state on successful retry (4.6s)
  ✓  263 [mobile-chrome] › tests/specs/error-states.spec.js:328:3 › Error State Testing › should clear error state on successful retry (4.6s)
  ✘  266 [mobile-chrome] › tests/specs/guitar-navigation.spec.js:50:3 › Guitar Platform Navigation Tests › should highlight active route on FretVision page (5.8s)
  ✘  266 [mobile-chrome] › tests/specs/guitar-navigation.spec.js:50:3 › Guitar Platform Navigation Tests › should highlight active route on FretVision page (5.8s)
  ✘  264 [mobile-chrome] › tests/specs/guitar-navigation.spec.js:13:3 › Guitar Platform Navigation Tests › should display navigation bar on all pages (6.4s)
  ✘  264 [mobile-chrome] › tests/specs/guitar-navigation.spec.js:13:3 › Guitar Platform Navigation Tests › should display navigation bar on all pages (6.4s)
  ✘  267 [mobile-chrome] › tests/specs/guitar-navigation.spec.js:63:3 › Guitar Platform Navigation Tests › should highlight active route on Tab Player page (5.8s)
  ✘  267 [mobile-chrome] › tests/specs/guitar-navigation.spec.js:63:3 › Guitar Platform Navigation Tests › should highlight active route on Tab Player page (5.8s)
  ✘  268 [mobile-chrome] › tests/specs/guitar-navigation.spec.js:76:3 › Guitar Platform Navigation Tests › should highlight active route on Catalog page (5.8s)
  ✘  268 [mobile-chrome] › tests/specs/guitar-navigation.spec.js:76:3 › Guitar Platform Navigation Tests › should highlight active route on Catalog page (5.8s)
  ✓  262 [mobile-chrome] › tests/specs/error-states.spec.js:280:3 › Error State Testing › should display consistent error styling across demos (8.4s)
  ✓  262 [mobile-chrome] › tests/specs/error-states.spec.js:280:3 › Error State Testing › should display consistent error styling across demos (8.4s)
  ✘  273 [mobile-chrome] › tests/specs/guitar-navigation.spec.js:166:3 › Guitar Platform Navigation Tests › should load all pages successfully (912ms)
  ✘  273 [mobile-chrome] › tests/specs/guitar-navigation.spec.js:166:3 › Guitar Platform Navigation Tests › should load all pages successfully (912ms)
  ✓  275 [mobile-chrome] › tests/specs/guitar-navigation.spec.js:204:3 › Guitar Platform Navigation Tests › should be mobile responsive on small screens (887ms)
  ✓  275 [mobile-chrome] › tests/specs/guitar-navigation.spec.js:204:3 › Guitar Platform Navigation Tests › should be mobile responsive on small screens (887ms)
  ✓  274 [mobile-chrome] › tests/specs/guitar-navigation.spec.js:181:3 › Guitar Platform Navigation Tests › should maintain sticky navbar when scrolling (1.4s)
  ✓  274 [mobile-chrome] › tests/specs/guitar-navigation.spec.js:181:3 › Guitar Platform Navigation Tests › should maintain sticky navbar when scrolling (1.4s)
  ✓  276 [mobile-chrome] › tests/specs/guitar-navigation.spec.js:234:3 › Guitar Platform Navigation Tests › should handle browser back/forward navigation (1.3s)
  ✓  276 [mobile-chrome] › tests/specs/guitar-navigation.spec.js:234:3 › Guitar Platform Navigation Tests › should handle browser back/forward navigation (1.3s)
  ✘  277 [mobile-chrome] › tests/specs/guitar-navigation.spec.js:270:3 › Guitar Platform Navigation Tests › should have consistent dark theme across all pages (1.4s)
  ✘  277 [mobile-chrome] › tests/specs/guitar-navigation.spec.js:270:3 › Guitar Platform Navigation Tests › should have consistent dark theme across all pages (1.4s)
  ✓  278 [mobile-chrome] › tests/specs/guitar-navigation.spec.js:292:3 › Guitar Platform Navigation Tests › should navigate through all pages in sequence (1.2s)
  ✓  278 [mobile-chrome] › tests/specs/guitar-navigation.spec.js:292:3 › Guitar Platform Navigation Tests › should navigate through all pages in sequence (1.2s)
  ✓  280 [mobile-chrome] › tests/specs/mobile-responsiveness.spec.js:36:3 › Mobile Responsiveness Tests › should display demo cards in single column on mobile (1.0s)
  ✓  280 [mobile-chrome] › tests/specs/mobile-responsiveness.spec.js:36:3 › Mobile Responsiveness Tests › should display demo cards in single column on mobile (1.0s)
  ✓  279 [mobile-chrome] › tests/specs/mobile-responsiveness.spec.js:6:3 › Mobile Responsiveness Tests › should display mobile-optimized layout on small screens (2.8s)
  ✓  279 [mobile-chrome] › tests/specs/mobile-responsiveness.spec.js:6:3 › Mobile Responsiveness Tests › should display mobile-optimized layout on small screens (2.8s)
  ✘  281 [mobile-chrome] › tests/specs/mobile-responsiveness.spec.js:87:3 › Mobile Responsiveness Tests › should display restaurant selection in single column on mobile (2.6s)
  ✘  281 [mobile-chrome] › tests/specs/mobile-responsiveness.spec.js:87:3 › Mobile Responsiveness Tests › should display restaurant selection in single column on mobile (2.6s)
  ✓  284 [mobile-chrome] › tests/specs/mobile-responsiveness.spec.js:128:3 › Mobile Responsiveness Tests › should maintain functionality when rotating device (1.2s)
  ✓  284 [mobile-chrome] › tests/specs/mobile-responsiveness.spec.js:128:3 › Mobile Responsiveness Tests › should maintain functionality when rotating device (1.2s)
  ✓  282 [mobile-chrome] › tests/specs/mobile-responsiveness.spec.js:59:3 › Mobile Responsiveness Tests › should open Restaurant Analyzer modal on mobile (3.0s)
  ✓  282 [mobile-chrome] › tests/specs/mobile-responsiveness.spec.js:59:3 › Mobile Responsiveness Tests › should open Restaurant Analyzer modal on mobile (3.0s)
  ✓  283 [mobile-chrome] › tests/specs/mobile-responsiveness.spec.js:108:3 › Mobile Responsiveness Tests › should handle tablet landscape orientation (3.4s)
  ✓  283 [mobile-chrome] › tests/specs/mobile-responsiveness.spec.js:108:3 › Mobile Responsiveness Tests › should handle tablet landscape orientation (3.4s)
  ✓  285 [mobile-chrome] › tests/specs/mobile-responsiveness.spec.js:184:3 › Mobile Responsiveness Tests › should display readable text sizes on mobile (1.2s)
  ✓  285 [mobile-chrome] › tests/specs/mobile-responsiveness.spec.js:184:3 › Mobile Responsiveness Tests › should display readable text sizes on mobile (1.2s)
  ✘  270 [mobile-chrome] › tests/specs/guitar-navigation.spec.js:108:3 › Guitar Platform Navigation Tests › should navigate from FretVision to Tab Player (10.9s)
  ✘  270 [mobile-chrome] › tests/specs/guitar-navigation.spec.js:108:3 › Guitar Platform Navigation Tests › should navigate from FretVision to Tab Player (10.9s)
  ✘  287 [mobile-chrome] › tests/specs/mobile-responsiveness.spec.js:198:3 › Mobile Responsiveness Tests › should have touch-friendly navigation on mobile (1.1s)
  ✘  287 [mobile-chrome] › tests/specs/mobile-responsiveness.spec.js:198:3 › Mobile Responsiveness Tests › should have touch-friendly navigation on mobile (1.1s)
  ✓  289 [mobile-chrome] › tests/specs/mobile-responsiveness.spec.js:243:3 › Mobile Responsiveness Tests › should maintain aspect ratios for images on mobile (1.0s)
  ✓  289 [mobile-chrome] › tests/specs/mobile-responsiveness.spec.js:243:3 › Mobile Responsiveness Tests › should maintain aspect ratios for images on mobile (1.0s)
  ✘  271 [mobile-chrome] › tests/specs/guitar-navigation.spec.js:127:3 › Guitar Platform Navigation Tests › should navigate from Tab Player to Catalog (10.9s)
  ✘  271 [mobile-chrome] › tests/specs/guitar-navigation.spec.js:127:3 › Guitar Platform Navigation Tests › should navigate from Tab Player to Catalog (10.9s)
  ✓  292 [mobile-chrome] › tests/specs/restaurant-analyzer.spec.js:15:3 › Restaurant Analyzer - Cross-Browser Tests › should load the Restaurant Analyzer demo card (1.1s)
  ✓  292 [mobile-chrome] › tests/specs/restaurant-analyzer.spec.js:15:3 › Restaurant Analyzer - Cross-Browser Tests › should load the Restaurant Analyzer demo card (1.1s)
  ✘  291 [mobile-chrome] › tests/specs/mobile-responsiveness.spec.js:290:3 › Mobile Responsiveness Tests › should handle modal overflow on small viewports (1.5s)
  ✘  291 [mobile-chrome] › tests/specs/mobile-responsiveness.spec.js:290:3 › Mobile Responsiveness Tests › should handle modal overflow on small viewports (1.5s)
  ✓  293 [mobile-chrome] › tests/specs/restaurant-analyzer.spec.js:25:3 › Restaurant Analyzer - Cross-Browser Tests › should open Restaurant Analyzer modal on click (1.2s)
  ✓  293 [mobile-chrome] › tests/specs/restaurant-analyzer.spec.js:25:3 › Restaurant Analyzer - Cross-Browser Tests › should open Restaurant Analyzer modal on click (1.2s)
  ✓  294 [mobile-chrome] › tests/specs/restaurant-analyzer.spec.js:37:3 › Restaurant Analyzer - Cross-Browser Tests › should display all 5 Louisville restaurants (1.2s)
  ✓  294 [mobile-chrome] › tests/specs/restaurant-analyzer.spec.js:37:3 › Restaurant Analyzer - Cross-Browser Tests › should display all 5 Louisville restaurants (1.2s)
  ✘  272 [mobile-chrome] › tests/specs/guitar-navigation.spec.js:146:3 › Guitar Platform Navigation Tests › should navigate to Home when clicking logo (10.9s)
  ✘  272 [mobile-chrome] › tests/specs/guitar-navigation.spec.js:146:3 › Guitar Platform Navigation Tests › should navigate to Home when clicking logo (10.9s)
  ✓  295 [mobile-chrome] › tests/specs/restaurant-analyzer.spec.js:49:3 › Restaurant Analyzer - Cross-Browser Tests › should select a restaurant and enable analyze button (1.5s)
  ✓  295 [mobile-chrome] › tests/specs/restaurant-analyzer.spec.js:49:3 › Restaurant Analyzer - Cross-Browser Tests › should select a restaurant and enable analyze button (1.5s)
  ✓  290 [mobile-chrome] › tests/specs/mobile-responsiveness.spec.js:261:3 › Mobile Responsiveness Tests › should load Email Scorer on tablet (3.6s)
  ✓  290 [mobile-chrome] › tests/specs/mobile-responsiveness.spec.js:261:3 › Mobile Responsiveness Tests › should load Email Scorer on tablet (3.6s)
  ✓  297 [mobile-chrome] › tests/specs/restaurant-analyzer.spec.js:113:3 › Restaurant Analyzer - Cross-Browser Tests › should display loading progress indicators (1.5s)
  ✓  297 [mobile-chrome] › tests/specs/restaurant-analyzer.spec.js:113:3 › Restaurant Analyzer - Cross-Browser Tests › should display loading progress indicators (1.5s)
  ✓  298 [mobile-chrome] › tests/specs/restaurant-analyzer.spec.js:144:3 › Restaurant Analyzer - Cross-Browser Tests › should close modal with close button (1.1s)
  ✓  298 [mobile-chrome] › tests/specs/restaurant-analyzer.spec.js:144:3 › Restaurant Analyzer - Cross-Browser Tests › should close modal with close button (1.1s)
  ✓  300 [mobile-chrome] › tests/specs/restaurant-analyzer.spec.js:157:3 › Restaurant Analyzer - Cross-Browser Tests › should close modal by clicking outside (1.1s)
  ✓  300 [mobile-chrome] › tests/specs/restaurant-analyzer.spec.js:157:3 › Restaurant Analyzer - Cross-Browser Tests › should close modal by clicking outside (1.1s)
  ✓  299 [mobile-chrome] › tests/specs/restaurant-analyzer.spec.js:132:3 › Restaurant Analyzer - Cross-Browser Tests › should close modal with ESC key (1.1s)
  ✓  299 [mobile-chrome] › tests/specs/restaurant-analyzer.spec.js:132:3 › Restaurant Analyzer - Cross-Browser Tests › should close modal with ESC key (1.1s)
  ✓  286 [mobile-chrome] › tests/specs/mobile-responsiveness.spec.js:150:3 › Mobile Responsiveness Tests › should scroll smoothly on mobile after analysis (7.0s)
  ✓  286 [mobile-chrome] › tests/specs/mobile-responsiveness.spec.js:150:3 › Mobile Responsiveness Tests › should scroll smoothly on mobile after analysis (7.0s)
  ✓  301 [mobile-chrome] › tests/specs/restaurant-analyzer.spec.js:169:3 › Restaurant Analyzer - Cross-Browser Tests › should allow selecting different restaurants sequentially (1.5s)
  ✓  301 [mobile-chrome] › tests/specs/restaurant-analyzer.spec.js:169:3 › Restaurant Analyzer - Cross-Browser Tests › should allow selecting different restaurants sequentially (1.5s)
  ✓  304 [mobile-safari] › tests/cross-subdomain.spec.js:16:3 › Cross-Subdomain Navigation › should navigate from main to demos (584ms)
  ✓  304 [mobile-safari] › tests/cross-subdomain.spec.js:16:3 › Cross-Subdomain Navigation › should navigate from main to demos (584ms)
Internal error: step id not found: fixture@47Internal error: step id not found: fixture@47
  ✘  307 [mobile-safari] › tests/cross-subdomain.spec.js:49:3 › Cross-Subdomain Navigation › should open email with subject "10-Hour Question" from about page (558ms)

  ✘  307 [mobile-safari] › tests/cross-subdomain.spec.js:49:3 › Cross-Subdomain Navigation › should open email with subject "10-Hour Question" from about page (558ms)
  ✓  306 [mobile-safari] › tests/cross-subdomain.spec.js:34:3 › Cross-Subdomain Navigation › should navigate from about to demos (1.4s)
  ✓  306 [mobile-safari] › tests/cross-subdomain.spec.js:34:3 › Cross-Subdomain Navigation › should navigate from about to demos (1.4s)
  ✓  309 [mobile-safari] › tests/cross-subdomain.spec.js:102:3 › Cross-Subdomain Navigation › should navigate from main to about (448ms)
  ✓  309 [mobile-safari] › tests/cross-subdomain.spec.js:102:3 › Cross-Subdomain Navigation › should navigate from main to about (448ms)
  ✓  308 [mobile-safari] › tests/cross-subdomain.spec.js:83:3 › Cross-Subdomain Navigation › should navigate from demos back to main (627ms)
  ✓  308 [mobile-safari] › tests/cross-subdomain.spec.js:83:3 › Cross-Subdomain Navigation › should navigate from demos back to main (627ms)
  ✓  310 [mobile-safari] › tests/cross-subdomain.spec.js:115:3 › Cross-Subdomain Navigation › should navigate from main to services (415ms)
  ✓  310 [mobile-safari] › tests/cross-subdomain.spec.js:115:3 › Cross-Subdomain Navigation › should navigate from main to services (415ms)
  ✓  288 [mobile-chrome] › tests/specs/mobile-responsiveness.spec.js:218:3 › Mobile Responsiveness Tests › should hide/show content appropriately on different breakpoints (9.5s)
  ✓  288 [mobile-chrome] › tests/specs/mobile-responsiveness.spec.js:218:3 › Mobile Responsiveness Tests › should hide/show content appropriately on different breakpoints (9.5s)
  ✘  311 [mobile-safari] › tests/cross-subdomain.spec.js:128:3 › Cross-Subdomain Navigation › should maintain consistent navigation across all subdomains (1.1s)
  ✘  311 [mobile-safari] › tests/cross-subdomain.spec.js:128:3 › Cross-Subdomain Navigation › should maintain consistent navigation across all subdomains (1.1s)
  ✓  313 [mobile-safari] › tests/error-states.spec.js:13:3 › Error State Handling › should display error when API is unreachable (637ms)
  ✓  313 [mobile-safari] › tests/error-states.spec.js:13:3 › Error State Handling › should display error when API is unreachable (637ms)
  ✓  314 [mobile-safari] › tests/error-states.spec.js:30:3 › Error State Handling › should display retry button after error (638ms)
  ✓  314 [mobile-safari] › tests/error-states.spec.js:30:3 › Error State Handling › should display retry button after error (638ms)
  ✓  315 [mobile-safari] › tests/error-states.spec.js:45:3 › Error State Handling › should allow retry after error (515ms)
  ✓  315 [mobile-safari] › tests/error-states.spec.js:45:3 › Error State Handling › should allow retry after error (515ms)
  ✓  316 [mobile-safari] › tests/error-states.spec.js:76:3 › Error State Handling › should handle timeout errors gracefully (518ms)
  ✓  316 [mobile-safari] › tests/error-states.spec.js:76:3 › Error State Handling › should handle timeout errors gracefully (518ms)
  ✓  317 [mobile-safari] › tests/error-states.spec.js:95:3 › Error State Handling › should handle 500 server errors (498ms)
  ✓  317 [mobile-safari] › tests/error-states.spec.js:95:3 › Error State Handling › should handle 500 server errors (498ms)
  ✓  319 [mobile-safari] › tests/error-states.spec.js:137:3 › Error State Handling › should handle malformed API responses (488ms)
  ✓  319 [mobile-safari] › tests/error-states.spec.js:137:3 › Error State Handling › should handle malformed API responses (488ms)
  ✓  318 [mobile-safari] › tests/error-states.spec.js:116:3 › Error State Handling › should handle 404 not found errors (515ms)
  ✓  318 [mobile-safari] › tests/error-states.spec.js:116:3 › Error State Handling › should handle 404 not found errors (515ms)
  ✘  305 [mobile-safari] › tests/cross-subdomain.spec.js:68:3 › Cross-Subdomain Navigation › should display 10-Hour Question prominently on about page (5.5s)
  ✘  305 [mobile-safari] › tests/cross-subdomain.spec.js:68:3 › Cross-Subdomain Navigation › should display 10-Hour Question prominently on about page (5.5s)
  ✓  312 [mobile-safari] › tests/cross-subdomain.spec.js:145:3 › Cross-Subdomain Navigation › should load all subdomains without errors (3.0s)
  ✓  312 [mobile-safari] › tests/cross-subdomain.spec.js:145:3 › Cross-Subdomain Navigation › should load all subdomains without errors (3.0s)
  ✓  320 [mobile-safari] › tests/error-states.spec.js:158:3 › Error State Handling › should maintain UI state during loading (521ms)
  ✓  320 [mobile-safari] › tests/error-states.spec.js:158:3 › Error State Handling › should maintain UI state during loading (521ms)
  ✓  321 [mobile-safari] › tests/mobile-responsive.spec.js:18:3 › Mobile Responsiveness - iPhone › should stack grid vertically on mobile (537ms)
  ✓  321 [mobile-safari] › tests/mobile-responsive.spec.js:18:3 › Mobile Responsiveness - iPhone › should stack grid vertically on mobile (537ms)
  ✓  322 [mobile-safari] › tests/mobile-responsive.spec.js:49:3 › Mobile Responsiveness - iPhone › should have tappable buttons on mobile (538ms)
  ✓  322 [mobile-safari] › tests/mobile-responsive.spec.js:49:3 › Mobile Responsiveness - iPhone › should have tappable buttons on mobile (538ms)
  ✓  324 [mobile-safari] › tests/mobile-responsive.spec.js:64:3 › Mobile Responsiveness - iPhone › should not have horizontal scroll (531ms)
  ✓  324 [mobile-safari] › tests/mobile-responsive.spec.js:64:3 › Mobile Responsiveness - iPhone › should not have horizontal scroll (531ms)
  ✓  323 [mobile-safari] › tests/mobile-responsive.spec.js:35:3 › Mobile Responsiveness - iPhone › should have readable text on mobile (733ms)
  ✓  323 [mobile-safari] › tests/mobile-responsive.spec.js:35:3 › Mobile Responsiveness - iPhone › should have readable text on mobile (733ms)
  ✓  326 [mobile-safari] › tests/mobile-responsive.spec.js:107:3 › Mobile Responsiveness - Android › should load properly on Android (545ms)
  ✓  326 [mobile-safari] › tests/mobile-responsive.spec.js:107:3 › Mobile Responsiveness - Android › should load properly on Android (545ms)
  ✓  327 [mobile-safari] › tests/mobile-responsive.spec.js:115:3 › Mobile Responsiveness - Android › should handle touch interactions on Android (528ms)
  ✓  327 [mobile-safari] › tests/mobile-responsive.spec.js:115:3 › Mobile Responsiveness - Android › should handle touch interactions on Android (528ms)
  ✓  325 [mobile-safari] › tests/mobile-responsive.spec.js:72:3 › Mobile Responsiveness - iPhone › should be able to interact with Restaurant Analyzer on mobile (1.4s)
  ✓  325 [mobile-safari] › tests/mobile-responsive.spec.js:72:3 › Mobile Responsiveness - iPhone › should be able to interact with Restaurant Analyzer on mobile (1.4s)
  ✓  329 [mobile-safari] › tests/mobile-responsive.spec.js:156:3 › Tablet Responsiveness - iPad › should be fully interactive on tablet (761ms)
  ✓  329 [mobile-safari] › tests/mobile-responsive.spec.js:156:3 › Tablet Responsiveness - iPad › should be fully interactive on tablet (761ms)
  ✓  328 [mobile-safari] › tests/mobile-responsive.spec.js:138:3 › Tablet Responsiveness - iPad › should use medium layout on tablet (786ms)
  ✓  328 [mobile-safari] › tests/mobile-responsive.spec.js:138:3 › Tablet Responsiveness - iPad › should use medium layout on tablet (786ms)
  ✓  331 [mobile-safari] › tests/restaurant-analyzer.spec.js:18:3 › Restaurant Analyzer - Desktop Chrome › should display Restaurant Analyzer demo (509ms)
  ✓  331 [mobile-safari] › tests/restaurant-analyzer.spec.js:18:3 › Restaurant Analyzer - Desktop Chrome › should display Restaurant Analyzer demo (509ms)
  ✓  333 [mobile-safari] › tests/restaurant-analyzer.spec.js:48:3 › Restaurant Analyzer - Desktop Chrome › should handle offline error state (488ms)
  ✓  333 [mobile-safari] › tests/restaurant-analyzer.spec.js:48:3 › Restaurant Analyzer - Desktop Chrome › should handle offline error state (488ms)
  ✘  332 [mobile-safari] › tests/restaurant-analyzer.spec.js:24:3 › Restaurant Analyzer - Desktop Chrome › should analyze Jack Fry's restaurant (502ms)
  ✘  332 [mobile-safari] › tests/restaurant-analyzer.spec.js:24:3 › Restaurant Analyzer - Desktop Chrome › should analyze Jack Fry's restaurant (502ms)
  ✓  334 [mobile-safari] › tests/restaurant-analyzer.spec.js:63:3 › Restaurant Analyzer - Desktop Chrome › should display retry button on error (491ms)
  ✓  334 [mobile-safari] › tests/restaurant-analyzer.spec.js:63:3 › Restaurant Analyzer - Desktop Chrome › should display retry button on error (491ms)
  ✘  335 [mobile-safari] › tests/specs/cross-subdomain-navigation.spec.js:6:3 › Cross-Subdomain Navigation Tests › should navigate from demos to main site (1.1s)
  ✘  335 [mobile-safari] › tests/specs/cross-subdomain-navigation.spec.js:6:3 › Cross-Subdomain Navigation Tests › should navigate from demos to main site (1.1s)
  ✓  337 [mobile-safari] › tests/specs/cross-subdomain-navigation.spec.js:44:3 › Cross-Subdomain Navigation Tests › should navigate from demos to services subdomain (1.1s)
  ✓  337 [mobile-safari] › tests/specs/cross-subdomain-navigation.spec.js:44:3 › Cross-Subdomain Navigation Tests › should navigate from demos to services subdomain (1.1s)
  ✓  336 [mobile-safari] › tests/specs/cross-subdomain-navigation.spec.js:28:3 › Cross-Subdomain Navigation Tests › should navigate from demos to about subdomain (1.2s)
  ✓  336 [mobile-safari] › tests/specs/cross-subdomain-navigation.spec.js:28:3 › Cross-Subdomain Navigation Tests › should navigate from demos to about subdomain (1.2s)
  ✘  296 [mobile-chrome] › tests/specs/restaurant-analyzer.spec.js:69:3 › Restaurant Analyzer - Cross-Browser Tests › should analyze a restaurant and display results (13.5s)
  ✘  296 [mobile-chrome] › tests/specs/restaurant-analyzer.spec.js:69:3 › Restaurant Analyzer - Cross-Browser Tests › should analyze a restaurant and display results (13.5s)
  ✓  303 [mobile-chrome] › tests/specs/restaurant-analyzer.spec.js:213:3 › Restaurant Analyzer - Cross-Browser Tests › should display CTA for custom analysis (11.8s)
  ✓  303 [mobile-chrome] › tests/specs/restaurant-analyzer.spec.js:213:3 › Restaurant Analyzer - Cross-Browser Tests › should display CTA for custom analysis (11.8s)
  ✓  338 [mobile-safari] › tests/specs/cross-subdomain-navigation.spec.js:60:3 › Cross-Subdomain Navigation Tests › should maintain session state across subdomains (1.8s)
  ✓  338 [mobile-safari] › tests/specs/cross-subdomain-navigation.spec.js:60:3 › Cross-Subdomain Navigation Tests › should maintain session state across subdomains (1.8s)
  ✓  341 [mobile-safari] › tests/specs/cross-subdomain-navigation.spec.js:137:3 › Cross-Subdomain Navigation Tests › should handle external navigation from demos page (1.2s)
  ✓  341 [mobile-safari] › tests/specs/cross-subdomain-navigation.spec.js:137:3 › Cross-Subdomain Navigation Tests › should handle external navigation from demos page (1.2s)
  ✓  342 [mobile-safari] › tests/specs/cross-subdomain-navigation.spec.js:158:3 › Cross-Subdomain Navigation Tests › should navigate to GitHub from footer (1.2s)
  ✓  342 [mobile-safari] › tests/specs/cross-subdomain-navigation.spec.js:158:3 › Cross-Subdomain Navigation Tests › should navigate to GitHub from footer (1.2s)
  ✓  343 [mobile-safari] › tests/specs/cross-subdomain-navigation.spec.js:178:3 › Cross-Subdomain Navigation Tests › should handle email links correctly (1.1s)
  ✓  343 [mobile-safari] › tests/specs/cross-subdomain-navigation.spec.js:178:3 › Cross-Subdomain Navigation Tests › should handle email links correctly (1.1s)
  ✘  330 [mobile-safari] › tests/restaurant-analyzer.spec.js:13:3 › Restaurant Analyzer - Desktop Chrome › should load demos page successfully (5.5s)
  ✘  330 [mobile-safari] › tests/restaurant-analyzer.spec.js:13:3 › Restaurant Analyzer - Desktop Chrome › should load demos page successfully (5.5s)
  ✓  346 [mobile-safari] › tests/specs/cross-subdomain-navigation.spec.js:226:3 › Cross-Subdomain Navigation Tests › should handle 404 errors gracefully (257ms)
  ✓  346 [mobile-safari] › tests/specs/cross-subdomain-navigation.spec.js:226:3 › Cross-Subdomain Navigation Tests › should handle 404 errors gracefully (257ms)
  ✓  344 [mobile-safari] › tests/specs/cross-subdomain-navigation.spec.js:196:3 › Cross-Subdomain Navigation Tests › should navigate back to demos from main site (987ms)
  ✓  344 [mobile-safari] › tests/specs/cross-subdomain-navigation.spec.js:196:3 › Cross-Subdomain Navigation Tests › should navigate back to demos from main site (987ms)
  ✓  340 [mobile-safari] › tests/specs/cross-subdomain-navigation.spec.js:108:3 › Cross-Subdomain Navigation Tests › should have consistent branding across subdomains (3.1s)
  ✓  340 [mobile-safari] › tests/specs/cross-subdomain-navigation.spec.js:108:3 › Cross-Subdomain Navigation Tests › should have consistent branding across subdomains (3.1s)
  ✓  348 [mobile-safari] › tests/specs/cross-subdomain-navigation.spec.js:275:3 › Cross-Subdomain Navigation Tests › should handle subdomain redirects correctly (533ms)
  ✓  348 [mobile-safari] › tests/specs/cross-subdomain-navigation.spec.js:275:3 › Cross-Subdomain Navigation Tests › should handle subdomain redirects correctly (533ms)
  ✓  345 [mobile-safari] › tests/specs/cross-subdomain-navigation.spec.js:216:3 › Cross-Subdomain Navigation Tests › should preserve query parameters across navigation (1.1s)
  ✓  345 [mobile-safari] › tests/specs/cross-subdomain-navigation.spec.js:216:3 › Cross-Subdomain Navigation Tests › should preserve query parameters across navigation (1.1s)
  ✓  347 [mobile-safari] › tests/specs/cross-subdomain-navigation.spec.js:259:3 › Cross-Subdomain Navigation Tests › should navigate using browser back/forward buttons (1.2s)
  ✓  347 [mobile-safari] › tests/specs/cross-subdomain-navigation.spec.js:259:3 › Cross-Subdomain Navigation Tests › should navigate using browser back/forward buttons (1.2s)
  ✓  351 [mobile-safari] › tests/specs/cross-subdomain-navigation.spec.js:303:3 › Cross-Subdomain Navigation Tests › should load fonts consistently across subdomains (1.1s)
  ✓  351 [mobile-safari] › tests/specs/cross-subdomain-navigation.spec.js:303:3 › Cross-Subdomain Navigation Tests › should load fonts consistently across subdomains (1.1s)
  ✓  339 [mobile-safari] › tests/specs/cross-subdomain-navigation.spec.js:83:3 › Cross-Subdomain Navigation Tests › should load all subdomains successfully (4.9s)
  ✓  339 [mobile-safari] › tests/specs/cross-subdomain-navigation.spec.js:83:3 › Cross-Subdomain Navigation Tests › should load all subdomains successfully (4.9s)
  ✓  349 [mobile-safari] › tests/specs/cross-subdomain-navigation.spec.js:283:3 › Cross-Subdomain Navigation Tests › should have consistent meta tags across subdomains (1.8s)
  ✓  349 [mobile-safari] › tests/specs/cross-subdomain-navigation.spec.js:283:3 › Cross-Subdomain Navigation Tests › should have consistent meta tags across subdomains (1.8s)
  ✓  350 [mobile-safari] › tests/specs/cross-subdomain-navigation.spec.js:234:3 › Cross-Subdomain Navigation Tests › should load assets from correct CDN/origin (1.8s)
  ✓  350 [mobile-safari] › tests/specs/cross-subdomain-navigation.spec.js:234:3 › Cross-Subdomain Navigation Tests › should load assets from correct CDN/origin (1.8s)
  ✓  353 [mobile-safari] › tests/specs/error-states.spec.js:45:3 › Error State Testing › should handle 500 server error gracefully (2.1s)
  ✓  353 [mobile-safari] › tests/specs/error-states.spec.js:45:3 › Error State Testing › should handle 500 server error gracefully (2.1s)
  ✓  302 [mobile-chrome] › tests/specs/restaurant-analyzer.spec.js:189:3 › Restaurant Analyzer - Cross-Browser Tests › should display theme breakdown with sentiment indicators (17.2s)
  ✓  302 [mobile-chrome] › tests/specs/restaurant-analyzer.spec.js:189:3 › Restaurant Analyzer - Cross-Browser Tests › should display theme breakdown with sentiment indicators (17.2s)
  ✘  355 [mobile-safari] › tests/specs/error-states.spec.js:98:3 › Error State Testing › should handle 502 bad gateway error (2.1s)
  ✘  355 [mobile-safari] › tests/specs/error-states.spec.js:98:3 › Error State Testing › should handle 502 bad gateway error (2.1s)
  ✓  358 [mobile-safari] › tests/specs/error-states.spec.js:184:3 › Error State Testing › should handle empty form submission gracefully (1.1s)
  ✓  358 [mobile-safari] › tests/specs/error-states.spec.js:184:3 › Error State Testing › should handle empty form submission gracefully (1.1s)
  ✓  354 [mobile-safari] › tests/specs/error-states.spec.js:70:3 › Error State Testing › should handle 429 rate limit error (3.0s)
  ✓  354 [mobile-safari] › tests/specs/error-states.spec.js:70:3 › Error State Testing › should handle 429 rate limit error (3.0s)
  ✓  357 [mobile-safari] › tests/specs/error-states.spec.js:155:3 › Error State Testing › should display error for Email Scorer API failure (2.5s)
  ✓  357 [mobile-safari] › tests/specs/error-states.spec.js:155:3 › Error State Testing › should display error for Email Scorer API failure (2.5s)
  ✓  359 [mobile-safari] › tests/specs/error-states.spec.js:196:3 › Error State Testing › should validate required fields in Restaurant Analyzer (1.3s)
  ✓  359 [mobile-safari] › tests/specs/error-states.spec.js:196:3 › Error State Testing › should validate required fields in Restaurant Analyzer (1.3s)
  ✓  360 [mobile-safari] › tests/specs/error-states.spec.js:208:3 › Error State Testing › should handle Sentiment Analysis API error (1.7s)
  ✓  360 [mobile-safari] › tests/specs/error-states.spec.js:208:3 › Error State Testing › should handle Sentiment Analysis API error (1.7s)
  ✓  356 [mobile-safari] › tests/specs/error-states.spec.js:120:3 › Error State Testing › should allow retry after error (4.1s)
  ✓  356 [mobile-safari] › tests/specs/error-states.spec.js:120:3 › Error State Testing › should allow retry after error (4.1s)
  ✓  361 [mobile-safari] › tests/specs/error-states.spec.js:233:3 › Error State Testing › should handle Lead Scoring API error (2.0s)
  ✓  361 [mobile-safari] › tests/specs/error-states.spec.js:233:3 › Error State Testing › should handle Lead Scoring API error (2.0s)
  ✓  362 [mobile-safari] › tests/specs/error-states.spec.js:255:3 › Error State Testing › should handle Phishing Detector API error (2.0s)
  ✓  362 [mobile-safari] › tests/specs/error-states.spec.js:255:3 › Error State Testing › should handle Phishing Detector API error (2.0s)
  ✓  365 [mobile-safari] › tests/specs/guitar-navigation.spec.js:37:3 › Guitar Platform Navigation Tests › should highlight active route on Home page (924ms)
  ✓  365 [mobile-safari] › tests/specs/guitar-navigation.spec.js:37:3 › Guitar Platform Navigation Tests › should highlight active route on Home page (924ms)
  ✘  352 [mobile-safari] › tests/specs/error-states.spec.js:11:3 › Error State Testing › should display error message when API is unavailable (6.6s)
  ✘  352 [mobile-safari] › tests/specs/error-states.spec.js:11:3 › Error State Testing › should display error message when API is unavailable (6.6s)
  ✓  370 [mobile-safari] › tests/specs/guitar-navigation.spec.js:89:3 › Guitar Platform Navigation Tests › should navigate from Home to FretVision (1.0s)
  ✓  370 [mobile-safari] › tests/specs/guitar-navigation.spec.js:89:3 › Guitar Platform Navigation Tests › should navigate from Home to FretVision (1.0s)
  ✓  364 [mobile-safari] › tests/specs/error-states.spec.js:328:3 › Error State Testing › should clear error state on successful retry (5.1s)
  ✓  364 [mobile-safari] › tests/specs/error-states.spec.js:328:3 › Error State Testing › should clear error state on successful retry (5.1s)
  ✘  367 [mobile-safari] › tests/specs/guitar-navigation.spec.js:50:3 › Guitar Platform Navigation Tests › should highlight active route on FretVision page (5.8s)
  ✘  367 [mobile-safari] › tests/specs/guitar-navigation.spec.js:50:3 › Guitar Platform Navigation Tests › should highlight active route on FretVision page (5.8s)
  ✘  368 [mobile-safari] › tests/specs/guitar-navigation.spec.js:63:3 › Guitar Platform Navigation Tests › should highlight active route on Tab Player page (5.7s)
  ✘  368 [mobile-safari] › tests/specs/guitar-navigation.spec.js:63:3 › Guitar Platform Navigation Tests › should highlight active route on Tab Player page (5.7s)
  ✘  366 [mobile-safari] › tests/specs/guitar-navigation.spec.js:13:3 › Guitar Platform Navigation Tests › should display navigation bar on all pages (6.4s)
  ✘  366 [mobile-safari] › tests/specs/guitar-navigation.spec.js:13:3 › Guitar Platform Navigation Tests › should display navigation bar on all pages (6.4s)
  ✘  369 [mobile-safari] › tests/specs/guitar-navigation.spec.js:76:3 › Guitar Platform Navigation Tests › should highlight active route on Catalog page (5.8s)
  ✘  369 [mobile-safari] › tests/specs/guitar-navigation.spec.js:76:3 › Guitar Platform Navigation Tests › should highlight active route on Catalog page (5.8s)
  ✓  363 [mobile-safari] › tests/specs/error-states.spec.js:280:3 › Error State Testing › should display consistent error styling across demos (8.5s)
  ✓  363 [mobile-safari] › tests/specs/error-states.spec.js:280:3 › Error State Testing › should display consistent error styling across demos (8.5s)
  ✘  374 [mobile-safari] › tests/specs/guitar-navigation.spec.js:166:3 › Guitar Platform Navigation Tests › should load all pages successfully (1.1s)
  ✘  374 [mobile-safari] › tests/specs/guitar-navigation.spec.js:166:3 › Guitar Platform Navigation Tests › should load all pages successfully (1.1s)
  ✓  376 [mobile-safari] › tests/specs/guitar-navigation.spec.js:204:3 › Guitar Platform Navigation Tests › should be mobile responsive on small screens (1.0s)
  ✓  376 [mobile-safari] › tests/specs/guitar-navigation.spec.js:204:3 › Guitar Platform Navigation Tests › should be mobile responsive on small screens (1.0s)
  ✓  377 [mobile-safari] › tests/specs/guitar-navigation.spec.js:234:3 › Guitar Platform Navigation Tests › should handle browser back/forward navigation (1.2s)
  ✓  377 [mobile-safari] › tests/specs/guitar-navigation.spec.js:234:3 › Guitar Platform Navigation Tests › should handle browser back/forward navigation (1.2s)
  ✓  375 [mobile-safari] › tests/specs/guitar-navigation.spec.js:181:3 › Guitar Platform Navigation Tests › should maintain sticky navbar when scrolling (1.5s)
  ✓  375 [mobile-safari] › tests/specs/guitar-navigation.spec.js:181:3 › Guitar Platform Navigation Tests › should maintain sticky navbar when scrolling (1.5s)
  ✓  378 [mobile-safari] › tests/specs/guitar-navigation.spec.js:292:3 › Guitar Platform Navigation Tests › should navigate through all pages in sequence (1.3s)
  ✓  378 [mobile-safari] › tests/specs/guitar-navigation.spec.js:292:3 › Guitar Platform Navigation Tests › should navigate through all pages in sequence (1.3s)
  ✓  381 [mobile-safari] › tests/specs/mobile-responsiveness.spec.js:36:3 › Mobile Responsiveness Tests › should display demo cards in single column on mobile (1.1s)
  ✓  381 [mobile-safari] › tests/specs/mobile-responsiveness.spec.js:36:3 › Mobile Responsiveness Tests › should display demo cards in single column on mobile (1.1s)
  ✘  379 [mobile-safari] › tests/specs/guitar-navigation.spec.js:270:3 › Guitar Platform Navigation Tests › should have consistent dark theme across all pages (1.5s)
  ✘  379 [mobile-safari] › tests/specs/guitar-navigation.spec.js:270:3 › Guitar Platform Navigation Tests › should have consistent dark theme across all pages (1.5s)
  ✓  380 [mobile-safari] › tests/specs/mobile-responsiveness.spec.js:6:3 › Mobile Responsiveness Tests › should display mobile-optimized layout on small screens (2.0s)
  ✓  380 [mobile-safari] › tests/specs/mobile-responsiveness.spec.js:6:3 › Mobile Responsiveness Tests › should display mobile-optimized layout on small screens (2.0s)
  ✘  383 [mobile-safari] › tests/specs/mobile-responsiveness.spec.js:87:3 › Mobile Responsiveness Tests › should display restaurant selection in single column on mobile (1.2s)
  ✘  383 [mobile-safari] › tests/specs/mobile-responsiveness.spec.js:87:3 › Mobile Responsiveness Tests › should display restaurant selection in single column on mobile (1.2s)
  ✓  382 [mobile-safari] › tests/specs/mobile-responsiveness.spec.js:59:3 › Mobile Responsiveness Tests › should open Restaurant Analyzer modal on mobile (2.1s)
  ✓  382 [mobile-safari] › tests/specs/mobile-responsiveness.spec.js:59:3 › Mobile Responsiveness Tests › should open Restaurant Analyzer modal on mobile (2.1s)
  ✓  385 [mobile-safari] › tests/specs/mobile-responsiveness.spec.js:128:3 › Mobile Responsiveness Tests › should maintain functionality when rotating device (2.0s)
  ✓  385 [mobile-safari] › tests/specs/mobile-responsiveness.spec.js:128:3 › Mobile Responsiveness Tests › should maintain functionality when rotating device (2.0s)
  ✓  387 [mobile-safari] › tests/specs/mobile-responsiveness.spec.js:184:3 › Mobile Responsiveness Tests › should display readable text sizes on mobile (1.1s)
  ✓  387 [mobile-safari] › tests/specs/mobile-responsiveness.spec.js:184:3 › Mobile Responsiveness Tests › should display readable text sizes on mobile (1.1s)
  ✓  384 [mobile-safari] › tests/specs/mobile-responsiveness.spec.js:108:3 › Mobile Responsiveness Tests › should handle tablet landscape orientation (2.4s)
  ✓  384 [mobile-safari] › tests/specs/mobile-responsiveness.spec.js:108:3 › Mobile Responsiveness Tests › should handle tablet landscape orientation (2.4s)
  ✘  388 [mobile-safari] › tests/specs/mobile-responsiveness.spec.js:198:3 › Mobile Responsiveness Tests › should have touch-friendly navigation on mobile (1.1s)
  ✘  388 [mobile-safari] › tests/specs/mobile-responsiveness.spec.js:198:3 › Mobile Responsiveness Tests › should have touch-friendly navigation on mobile (1.1s)
  ✘  371 [mobile-safari] › tests/specs/guitar-navigation.spec.js:108:3 › Guitar Platform Navigation Tests › should navigate from FretVision to Tab Player (10.8s)
  ✘  371 [mobile-safari] › tests/specs/guitar-navigation.spec.js:108:3 › Guitar Platform Navigation Tests › should navigate from FretVision to Tab Player (10.8s)
  ✓  390 [mobile-safari] › tests/specs/mobile-responsiveness.spec.js:243:3 › Mobile Responsiveness Tests › should maintain aspect ratios for images on mobile (1.1s)
  ✓  390 [mobile-safari] › tests/specs/mobile-responsiveness.spec.js:243:3 › Mobile Responsiveness Tests › should maintain aspect ratios for images on mobile (1.1s)
  ✘  372 [mobile-safari] › tests/specs/guitar-navigation.spec.js:127:3 › Guitar Platform Navigation Tests › should navigate from Tab Player to Catalog (10.8s)
  ✘  372 [mobile-safari] › tests/specs/guitar-navigation.spec.js:127:3 › Guitar Platform Navigation Tests › should navigate from Tab Player to Catalog (10.8s)
  ✓  393 [mobile-safari] › tests/specs/restaurant-analyzer.spec.js:15:3 › Restaurant Analyzer - Cross-Browser Tests › should load the Restaurant Analyzer demo card (1.2s)
  ✓  393 [mobile-safari] › tests/specs/restaurant-analyzer.spec.js:15:3 › Restaurant Analyzer - Cross-Browser Tests › should load the Restaurant Analyzer demo card (1.2s)
  ✓  392 [mobile-safari] › tests/specs/mobile-responsiveness.spec.js:290:3 › Mobile Responsiveness Tests › should handle modal overflow on small viewports (1.3s)
  ✓  392 [mobile-safari] › tests/specs/mobile-responsiveness.spec.js:290:3 › Mobile Responsiveness Tests › should handle modal overflow on small viewports (1.3s)
  ✓  394 [mobile-safari] › tests/specs/restaurant-analyzer.spec.js:37:3 › Restaurant Analyzer - Cross-Browser Tests › should display all 5 Louisville restaurants (1.2s)
  ✓  394 [mobile-safari] › tests/specs/restaurant-analyzer.spec.js:37:3 › Restaurant Analyzer - Cross-Browser Tests › should display all 5 Louisville restaurants (1.2s)
  ✓  391 [mobile-safari] › tests/specs/mobile-responsiveness.spec.js:261:3 › Mobile Responsiveness Tests › should load Email Scorer on tablet (2.5s)
  ✓  391 [mobile-safari] › tests/specs/mobile-responsiveness.spec.js:261:3 › Mobile Responsiveness Tests › should load Email Scorer on tablet (2.5s)
  ✓  396 [mobile-safari] › tests/specs/restaurant-analyzer.spec.js:25:3 › Restaurant Analyzer - Cross-Browser Tests › should open Restaurant Analyzer modal on click (1.3s)
  ✓  396 [mobile-safari] › tests/specs/restaurant-analyzer.spec.js:25:3 › Restaurant Analyzer - Cross-Browser Tests › should open Restaurant Analyzer modal on click (1.3s)
  ✓  395 [mobile-safari] › tests/specs/restaurant-analyzer.spec.js:49:3 › Restaurant Analyzer - Cross-Browser Tests › should select a restaurant and enable analyze button (2.1s)
  ✓  395 [mobile-safari] › tests/specs/restaurant-analyzer.spec.js:49:3 › Restaurant Analyzer - Cross-Browser Tests › should select a restaurant and enable analyze button (2.1s)
  ✘  373 [mobile-safari] › tests/specs/guitar-navigation.spec.js:146:3 › Guitar Platform Navigation Tests › should navigate to Home when clicking logo (10.9s)
  ✘  373 [mobile-safari] › tests/specs/guitar-navigation.spec.js:146:3 › Guitar Platform Navigation Tests › should navigate to Home when clicking logo (10.9s)
  ✓  399 [mobile-safari] › tests/specs/restaurant-analyzer.spec.js:132:3 › Restaurant Analyzer - Cross-Browser Tests › should close modal with ESC key (1.1s)
  ✓  399 [mobile-safari] › tests/specs/restaurant-analyzer.spec.js:132:3 › Restaurant Analyzer - Cross-Browser Tests › should close modal with ESC key (1.1s)
  ✓  400 [mobile-safari] › tests/specs/restaurant-analyzer.spec.js:144:3 › Restaurant Analyzer - Cross-Browser Tests › should close modal with close button (1.1s)
  ✓  400 [mobile-safari] › tests/specs/restaurant-analyzer.spec.js:144:3 › Restaurant Analyzer - Cross-Browser Tests › should close modal with close button (1.1s)
  ✓  389 [mobile-safari] › tests/specs/mobile-responsiveness.spec.js:218:3 › Mobile Responsiveness Tests › should hide/show content appropriately on different breakpoints (5.9s)
  ✓  389 [mobile-safari] › tests/specs/mobile-responsiveness.spec.js:218:3 › Mobile Responsiveness Tests › should hide/show content appropriately on different breakpoints (5.9s)
  ✓  398 [mobile-safari] › tests/specs/restaurant-analyzer.spec.js:113:3 › Restaurant Analyzer - Cross-Browser Tests › should display loading progress indicators (2.1s)
  ✓  398 [mobile-safari] › tests/specs/restaurant-analyzer.spec.js:113:3 › Restaurant Analyzer - Cross-Browser Tests › should display loading progress indicators (2.1s)
  ✓  386 [mobile-safari] › tests/specs/mobile-responsiveness.spec.js:150:3 › Mobile Responsiveness Tests › should scroll smoothly on mobile after analysis (7.8s)
  ✓  386 [mobile-safari] › tests/specs/mobile-responsiveness.spec.js:150:3 › Mobile Responsiveness Tests › should scroll smoothly on mobile after analysis (7.8s)
  ✓  401 [mobile-safari] › tests/specs/restaurant-analyzer.spec.js:157:3 › Restaurant Analyzer - Cross-Browser Tests › should close modal by clicking outside (1.6s)
  ✓  401 [mobile-safari] › tests/specs/restaurant-analyzer.spec.js:157:3 › Restaurant Analyzer - Cross-Browser Tests › should close modal by clicking outside (1.6s)
  ✓  402 [mobile-safari] › tests/specs/restaurant-analyzer.spec.js:169:3 › Restaurant Analyzer - Cross-Browser Tests › should allow selecting different restaurants sequentially (2.0s)
  ✓  402 [mobile-safari] › tests/specs/restaurant-analyzer.spec.js:169:3 › Restaurant Analyzer - Cross-Browser Tests › should allow selecting different restaurants sequentially (2.0s)
  ✘  397 [mobile-safari] › tests/specs/restaurant-analyzer.spec.js:69:3 › Restaurant Analyzer - Cross-Browser Tests › should analyze a restaurant and display results (13.0s)
  ✘  397 [mobile-safari] › tests/specs/restaurant-analyzer.spec.js:69:3 › Restaurant Analyzer - Cross-Browser Tests › should analyze a restaurant and display results (13.0s)
  ✓  404 [mobile-safari] › tests/specs/restaurant-analyzer.spec.js:213:3 › Restaurant Analyzer - Cross-Browser Tests › should display CTA for custom analysis (11.2s)
  ✓  404 [mobile-safari] › tests/specs/restaurant-analyzer.spec.js:213:3 › Restaurant Analyzer - Cross-Browser Tests › should display CTA for custom analysis (11.2s)
  ✓  403 [mobile-safari] › tests/specs/restaurant-analyzer.spec.js:189:3 › Restaurant Analyzer - Cross-Browser Tests › should display theme breakdown with sentiment indicators (16.7s)
  ✓  403 [mobile-safari] › tests/specs/restaurant-analyzer.spec.js:189:3 › Restaurant Analyzer - Cross-Browser Tests › should display theme breakdown with sentiment indicators (16.7s)


  1) [chromium] › tests/cross-subdomain.spec.js:49:3 › Cross-Subdomain Navigation › should open email with subject "10-Hour Question" from about page 

    Error: browserContext.waitForEvent: Test ended.

      49 |   test('should open email with subject "10-Hour Question" from about page', async ({ page, context }) => {
      50 |     // Track new page/popup openings
    > 51 |     const pagePromise = context.waitForEvent('page');
         |                                 ^
      52 |
      53 |     await page.goto(subdomains.about);
      54 |
        at /Users/matthewscott/Projects/projectlavos-monorepo/tests/cross-subdomain.spec.js:51:33

    attachment #1: screenshot (image/png) ──────────────────────────────────────────────────────────
    test-results/cross-subdomain-Cross-Subd-f5446-ur-Question-from-about-page-chromium/test-failed-1.png
    ────────────────────────────────────────────────────────────────────────────────────────────────

    attachment #2: video (video/webm) ──────────────────────────────────────────────────────────────
    test-results/cross-subdomain-Cross-Subd-f5446-ur-Question-from-about-page-chromium/video.webm
    ────────────────────────────────────────────────────────────────────────────────────────────────

  2) [chromium] › tests/cross-subdomain.spec.js:68:3 › Cross-Subdomain Navigation › should display 10-Hour Question prominently on about page 

    Error: [2mexpect([22m[31mlocator[39m[2m).[22mtoBeVisible[2m([22m[2m)[22m failed

    Locator: locator('text=/10.*hour.*question/i, text=/what.*taking.*10.*hour/i').first()
    Expected: visible
    Timeout: 5000ms
    Error: element(s) not found

    Call log:
    [2m  - Expect "toBeVisible" with timeout 5000ms[22m
    [2m  - waiting for locator('text=/10.*hour.*question/i, text=/what.*taking.*10.*hour/i').first()[22m


      71 |     // Look for 10-Hour Question in hero section (item 22)
      72 |     const tenHourQuestion = page.locator('text=/10.*hour.*question/i, text=/what.*taking.*10.*hour/i').first();
    > 73 |     await expect(tenHourQuestion).toBeVisible({ timeout: 5000 });
         |                                   ^
      74 |
      75 |     // Should be in prominent position (top 50% of viewport)
      76 |     const box = await tenHourQuestion.boundingBox();
        at /Users/matthewscott/Projects/projectlavos-monorepo/tests/cross-subdomain.spec.js:73:35

    attachment #1: screenshot (image/png) ──────────────────────────────────────────────────────────
    test-results/cross-subdomain-Cross-Subd-568c8-n-prominently-on-about-page-chromium/test-failed-1.png
    ────────────────────────────────────────────────────────────────────────────────────────────────

    attachment #2: video (video/webm) ──────────────────────────────────────────────────────────────
    test-results/cross-subdomain-Cross-Subd-568c8-n-prominently-on-about-page-chromium/video.webm
    ────────────────────────────────────────────────────────────────────────────────────────────────

    Error Context: test-results/cross-subdomain-Cross-Subd-568c8-n-prominently-on-about-page-chromium/error-context.md

  3) [chromium] › tests/cross-subdomain.spec.js:128:3 › Cross-Subdomain Navigation › should maintain consistent navigation across all subdomains 

    Error: [2mexpect([22m[31mreceived[39m[2m).[22mtoBeGreaterThan[2m([22m[32mexpected[39m[2m)[22m

    Expected: > [32m0[39m
    Received:   [31m0[39m

      139 |       // Should have links to other subdomains
      140 |       const links = await page.locator('nav a, header a').count();
    > 141 |       expect(links).toBeGreaterThan(0);
          |                     ^
      142 |     }
      143 |   });
      144 |
        at /Users/matthewscott/Projects/projectlavos-monorepo/tests/cross-subdomain.spec.js:141:21

    attachment #1: screenshot (image/png) ──────────────────────────────────────────────────────────
    test-results/cross-subdomain-Cross-Subd-cec9e-ation-across-all-subdomains-chromium/test-failed-1.png
    ────────────────────────────────────────────────────────────────────────────────────────────────

    attachment #2: video (video/webm) ──────────────────────────────────────────────────────────────
    test-results/cross-subdomain-Cross-Subd-cec9e-ation-across-all-subdomains-chromium/video.webm
    ────────────────────────────────────────────────────────────────────────────────────────────────

    Error Context: test-results/cross-subdomain-Cross-Subd-cec9e-ation-across-all-subdomains-chromium/error-context.md

  4) [chromium] › tests/mobile-responsive.spec.js:72:3 › Mobile Responsiveness - iPhone › should be able to interact with Restaurant Analyzer on mobile 

    Error: locator.tap: The page does not support tap. Use hasTouch context option to enable touch support.

      78 |     if (await dropdown.isVisible({ timeout: 3000 }).catch(() => false)) {
      79 |       // Tap dropdown
    > 80 |       await dropdown.tap();
         |                      ^
      81 |       
      82 |       // Select option
      83 |       await dropdown.selectOption({ index: 1 });
        at /Users/matthewscott/Projects/projectlavos-monorepo/tests/mobile-responsive.spec.js:80:22

    attachment #1: screenshot (image/png) ──────────────────────────────────────────────────────────
    test-results/mobile-responsive-Mobile-R-c8d55-staurant-Analyzer-on-mobile-chromium/test-failed-1.png
    ────────────────────────────────────────────────────────────────────────────────────────────────

    attachment #2: video (video/webm) ──────────────────────────────────────────────────────────────
    test-results/mobile-responsive-Mobile-R-c8d55-staurant-Analyzer-on-mobile-chromium/video.webm
    ────────────────────────────────────────────────────────────────────────────────────────────────

    Error Context: test-results/mobile-responsive-Mobile-R-c8d55-staurant-Analyzer-on-mobile-chromium/error-context.md

  5) [chromium] › tests/restaurant-analyzer.spec.js:13:3 › Restaurant Analyzer - Desktop Chrome › should load demos page successfully 

    Error: [2mexpect([22m[31mlocator[39m[2m).[22mtoContainText[2m([22m[32mexpected[39m[2m)[22m failed

    Locator: locator('h1')
    Expected pattern: [32m/demo/i[39m
    Received string:  [31m"Matthew Scott"[39m
    Timeout: 5000ms

    Call log:
    [2m  - Expect "toContainText" with timeout 5000ms[22m
    [2m  - waiting for locator('h1')[22m
    [2m    9 × locator resolved to <h1 class="text-5xl md:text-7xl font-black px-12 py-6 bg-white text-lavos-blue border-4 border-lavos-black shadow-brutal-lg">Matthew Scott</h1>[22m
    [2m      - unexpected value "Matthew Scott"[22m


      13 |   test('should load demos page successfully', async ({ page }) => {
      14 |     await expect(page).toHaveTitle(/Project Lavos/i);
    > 15 |     await expect(page.locator('h1')).toContainText(/demo/i);
         |                                      ^
      16 |   });
      17 |
      18 |   test('should display Restaurant Analyzer demo', async ({ page }) => {
        at /Users/matthewscott/Projects/projectlavos-monorepo/tests/restaurant-analyzer.spec.js:15:38

    attachment #1: screenshot (image/png) ──────────────────────────────────────────────────────────
    test-results/restaurant-analyzer-Restau-b565a-oad-demos-page-successfully-chromium/test-failed-1.png
    ────────────────────────────────────────────────────────────────────────────────────────────────

    attachment #2: video (video/webm) ──────────────────────────────────────────────────────────────
    test-results/restaurant-analyzer-Restau-b565a-oad-demos-page-successfully-chromium/video.webm
    ────────────────────────────────────────────────────────────────────────────────────────────────

    Error Context: test-results/restaurant-analyzer-Restau-b565a-oad-demos-page-successfully-chromium/error-context.md

  6) [chromium] › tests/restaurant-analyzer.spec.js:24:3 › Restaurant Analyzer - Desktop Chrome › should analyze Jack Fry's restaurant 

    Error: locator.selectOption: options[0].label: expected string, got object

      29 |     const dropdown = page.locator('select').first();
      30 |     if (await dropdown.isVisible({ timeout: 2000 }).catch(() => false)) {
    > 31 |       await dropdown.selectOption({ label: /Jack.*Fry/i });
         |                      ^
      32 |     } else if (await jackFrysButton.isVisible({ timeout: 2000 }).catch(() => false)) {
      33 |       await jackFrysButton.click();
      34 |     }
        at /Users/matthewscott/Projects/projectlavos-monorepo/tests/restaurant-analyzer.spec.js:31:22

    attachment #1: screenshot (image/png) ──────────────────────────────────────────────────────────
    test-results/restaurant-analyzer-Restau-51d37-alyze-Jack-Fry-s-restaurant-chromium/test-failed-1.png
    ────────────────────────────────────────────────────────────────────────────────────────────────

    attachment #2: video (video/webm) ──────────────────────────────────────────────────────────────
    test-results/restaurant-analyzer-Restau-51d37-alyze-Jack-Fry-s-restaurant-chromium/video.webm
    ────────────────────────────────────────────────────────────────────────────────────────────────

    Error Context: test-results/restaurant-analyzer-Restau-51d37-alyze-Jack-Fry-s-restaurant-chromium/error-context.md

  7) [chromium] › tests/specs/cross-subdomain-navigation.spec.js:6:3 › Cross-Subdomain Navigation Tests › should navigate from demos to main site 

    Error: [2mexpect([22m[31mreceived[39m[2m).[22mnot[2m.[22mtoContain[2m([22m[32mexpected[39m[2m) // indexOf[22m

    Expected substring: not [32m"demos."[39m
    Received string:        [31m"https://[7mdemos.[27mprojectlavos.com/"[39m

      20 |       // Verify we're on main site
      21 |       expect(page.url()).toContain('projectlavos.com');
    > 22 |       expect(page.url()).not.toContain('demos.');
         |                              ^
      23 |       expect(page.url()).not.toContain('about.');
      24 |       expect(page.url()).not.toContain('services.');
      25 |     }
        at /Users/matthewscott/Projects/projectlavos-monorepo/tests/specs/cross-subdomain-navigation.spec.js:22:30

    attachment #1: screenshot (image/png) ──────────────────────────────────────────────────────────
    test-results/specs-cross-subdomain-navi-8e288-ate-from-demos-to-main-site-chromium/test-failed-1.png
    ────────────────────────────────────────────────────────────────────────────────────────────────

    attachment #2: video (video/webm) ──────────────────────────────────────────────────────────────
    test-results/specs-cross-subdomain-navi-8e288-ate-from-demos-to-main-site-chromium/video.webm
    ────────────────────────────────────────────────────────────────────────────────────────────────

    Error Context: test-results/specs-cross-subdomain-navi-8e288-ate-from-demos-to-main-site-chromium/error-context.md

  8) [chromium] › tests/specs/error-states.spec.js:98:3 › Error State Testing › should handle 502 bad gateway error 

    Error: [2mexpect([22m[31mlocator[39m[2m).[22mtoBeVisible[2m([22m[2m)[22m failed

    Locator: locator('text=/server error|try again/i')
    Expected: visible
    Error: strict mode violation: locator('text=/server error|try again/i') resolved to 2 elements:
        1) <strong class="text-red-700 block mb-2">⚠️ Server error. Our team has been notified. Plea…</strong> aka getByText('⚠️ Server error. Our team has')
        2) <button class="mt-2 bg-red-600 text-white px-4 py-2 rounded-sm font-semibold hover:bg-red-700 transition-colors disabled:opacity-50">Try Again</button> aka getByRole('button', { name: 'Try Again' })

    Call log:
    [2m  - Expect "toBeVisible" with timeout 10000ms[22m
    [2m  - waiting for locator('text=/server error|try again/i')[22m


      115 |
      116 |     // Verify error message
    > 117 |     await expect(page.locator('text=/server error|try again/i')).toBeVisible({ timeout: 10000 });
          |                                                                  ^
      118 |   });
      119 |
      120 |   test('should allow retry after error', async ({ page, context }) => {
        at /Users/matthewscott/Projects/projectlavos-monorepo/tests/specs/error-states.spec.js:117:66

    attachment #1: screenshot (image/png) ──────────────────────────────────────────────────────────
    test-results/specs-error-states-Error-S-b1460-andle-502-bad-gateway-error-chromium/test-failed-1.png
    ────────────────────────────────────────────────────────────────────────────────────────────────

    attachment #2: video (video/webm) ──────────────────────────────────────────────────────────────
    test-results/specs-error-states-Error-S-b1460-andle-502-bad-gateway-error-chromium/video.webm
    ────────────────────────────────────────────────────────────────────────────────────────────────

    Error Context: test-results/specs-error-states-Error-S-b1460-andle-502-bad-gateway-error-chromium/error-context.md

  9) [chromium] › tests/specs/guitar-navigation.spec.js:13:3 › Guitar Platform Navigation Tests › should display navigation bar on all pages 

    Error: [2mexpect([22m[31mlocator[39m[2m).[22mtoBeVisible[2m([22m[2m)[22m failed

    Locator: locator('nav.bg-gray-800')
    Expected: visible
    Timeout: 5000ms
    Error: element(s) not found

    Call log:
    [2m  - Expect "toBeVisible" with timeout 5000ms[22m
    [2m  - waiting for locator('nav.bg-gray-800')[22m


      18 |       // Navigation bar should be visible
      19 |       const nav = page.locator('nav.bg-gray-800');
    > 20 |       await expect(nav).toBeVisible();
         |                         ^
      21 |
      22 |       // Should have sticky positioning
      23 |       const navClasses = await nav.getAttribute('class');
        at /Users/matthewscott/Projects/projectlavos-monorepo/tests/specs/guitar-navigation.spec.js:20:25

    attachment #1: screenshot (image/png) ──────────────────────────────────────────────────────────
    test-results/specs-guitar-navigation-Gu-844c6-navigation-bar-on-all-pages-chromium/test-failed-1.png
    ────────────────────────────────────────────────────────────────────────────────────────────────

    attachment #2: video (video/webm) ──────────────────────────────────────────────────────────────
    test-results/specs-guitar-navigation-Gu-844c6-navigation-bar-on-all-pages-chromium/video.webm
    ────────────────────────────────────────────────────────────────────────────────────────────────

    Error Context: test-results/specs-guitar-navigation-Gu-844c6-navigation-bar-on-all-pages-chromium/error-context.md

  10) [chromium] › tests/specs/guitar-navigation.spec.js:50:3 › Guitar Platform Navigation Tests › should highlight active route on FretVision page 

    Error: [2mexpect([22m[31mlocator[39m[2m).[22mtoBeVisible[2m([22m[2m)[22m failed

    Locator: locator('nav a:has-text("FretVision")')
    Expected: visible
    Timeout: 5000ms
    Error: element(s) not found

    Call log:
    [2m  - Expect "toBeVisible" with timeout 5000ms[22m
    [2m  - waiting for locator('nav a:has-text("FretVision")')[22m


      54 |     // FretVision link should have active class (bg-green-500)
      55 |     const fretVisionLink = page.locator('nav a:has-text("FretVision")');
    > 56 |     await expect(fretVisionLink).toBeVisible();
         |                                  ^
      57 |
      58 |     const classes = await fretVisionLink.getAttribute('class');
      59 |     expect(classes).toContain('bg-green-500');
        at /Users/matthewscott/Projects/projectlavos-monorepo/tests/specs/guitar-navigation.spec.js:56:34

    attachment #1: screenshot (image/png) ──────────────────────────────────────────────────────────
    test-results/specs-guitar-navigation-Gu-26e36-ve-route-on-FretVision-page-chromium/test-failed-1.png
    ────────────────────────────────────────────────────────────────────────────────────────────────

    attachment #2: video (video/webm) ──────────────────────────────────────────────────────────────
    test-results/specs-guitar-navigation-Gu-26e36-ve-route-on-FretVision-page-chromium/video.webm
    ────────────────────────────────────────────────────────────────────────────────────────────────

    Error Context: test-results/specs-guitar-navigation-Gu-26e36-ve-route-on-FretVision-page-chromium/error-context.md

  11) [chromium] › tests/specs/guitar-navigation.spec.js:63:3 › Guitar Platform Navigation Tests › should highlight active route on Tab Player page 

    Error: [2mexpect([22m[31mlocator[39m[2m).[22mtoBeVisible[2m([22m[2m)[22m failed

    Locator: locator('nav a:has-text("Tab Player")')
    Expected: visible
    Timeout: 5000ms
    Error: element(s) not found

    Call log:
    [2m  - Expect "toBeVisible" with timeout 5000ms[22m
    [2m  - waiting for locator('nav a:has-text("Tab Player")')[22m


      67 |     // Tab Player link should have active class (bg-blue-500)
      68 |     const tabPlayerLink = page.locator('nav a:has-text("Tab Player")');
    > 69 |     await expect(tabPlayerLink).toBeVisible();
         |                                 ^
      70 |
      71 |     const classes = await tabPlayerLink.getAttribute('class');
      72 |     expect(classes).toContain('bg-blue-500');
        at /Users/matthewscott/Projects/projectlavos-monorepo/tests/specs/guitar-navigation.spec.js:69:33

    attachment #1: screenshot (image/png) ──────────────────────────────────────────────────────────
    test-results/specs-guitar-navigation-Gu-93ede-ve-route-on-Tab-Player-page-chromium/test-failed-1.png
    ────────────────────────────────────────────────────────────────────────────────────────────────

    attachment #2: video (video/webm) ──────────────────────────────────────────────────────────────
    test-results/specs-guitar-navigation-Gu-93ede-ve-route-on-Tab-Player-page-chromium/video.webm
    ────────────────────────────────────────────────────────────────────────────────────────────────

    Error Context: test-results/specs-guitar-navigation-Gu-93ede-ve-route-on-Tab-Player-page-chromium/error-context.md

  12) [chromium] › tests/specs/guitar-navigation.spec.js:76:3 › Guitar Platform Navigation Tests › should highlight active route on Catalog page 

    Error: [2mexpect([22m[31mlocator[39m[2m).[22mtoBeVisible[2m([22m[2m)[22m failed

    Locator: locator('nav a:has-text("Catalog")')
    Expected: visible
    Timeout: 5000ms
    Error: element(s) not found

    Call log:
    [2m  - Expect "toBeVisible" with timeout 5000ms[22m
    [2m  - waiting for locator('nav a:has-text("Catalog")')[22m


      80 |     // Catalog link should have active class (bg-purple-500)
      81 |     const catalogLink = page.locator('nav a:has-text("Catalog")');
    > 82 |     await expect(catalogLink).toBeVisible();
         |                               ^
      83 |
      84 |     const classes = await catalogLink.getAttribute('class');
      85 |     expect(classes).toContain('bg-purple-500');
        at /Users/matthewscott/Projects/projectlavos-monorepo/tests/specs/guitar-navigation.spec.js:82:31

    attachment #1: screenshot (image/png) ──────────────────────────────────────────────────────────
    test-results/specs-guitar-navigation-Gu-10de7-ctive-route-on-Catalog-page-chromium/test-failed-1.png
    ────────────────────────────────────────────────────────────────────────────────────────────────

    attachment #2: video (video/webm) ──────────────────────────────────────────────────────────────
    test-results/specs-guitar-navigation-Gu-10de7-ctive-route-on-Catalog-page-chromium/video.webm
    ────────────────────────────────────────────────────────────────────────────────────────────────

    Error Context: test-results/specs-guitar-navigation-Gu-10de7-ctive-route-on-Catalog-page-chromium/error-context.md

  13) [chromium] › tests/specs/guitar-navigation.spec.js:108:3 › Guitar Platform Navigation Tests › should navigate from FretVision to Tab Player 

    TimeoutError: page.click: Timeout 10000ms exceeded.
    Call log:
    [2m  - waiting for locator('nav a:has-text("Tab Player")')[22m


      111 |
      112 |     // Click Tab Player link in navbar
    > 113 |     await page.click('nav a:has-text("Tab Player")');
          |                ^
      114 |     await page.waitForURL('**/tabplayer');
      115 |     await page.waitForLoadState('networkidle');
      116 |
        at /Users/matthewscott/Projects/projectlavos-monorepo/tests/specs/guitar-navigation.spec.js:113:16

    attachment #1: screenshot (image/png) ──────────────────────────────────────────────────────────
    test-results/specs-guitar-navigation-Gu-28249-om-FretVision-to-Tab-Player-chromium/test-failed-1.png
    ────────────────────────────────────────────────────────────────────────────────────────────────

    attachment #2: video (video/webm) ──────────────────────────────────────────────────────────────
    test-results/specs-guitar-navigation-Gu-28249-om-FretVision-to-Tab-Player-chromium/video.webm
    ────────────────────────────────────────────────────────────────────────────────────────────────

    Error Context: test-results/specs-guitar-navigation-Gu-28249-om-FretVision-to-Tab-Player-chromium/error-context.md

  14) [chromium] › tests/specs/guitar-navigation.spec.js:127:3 › Guitar Platform Navigation Tests › should navigate from Tab Player to Catalog 

    TimeoutError: page.click: Timeout 10000ms exceeded.
    Call log:
    [2m  - waiting for locator('nav a:has-text("Catalog")')[22m


      130 |
      131 |     // Click Catalog link in navbar
    > 132 |     await page.click('nav a:has-text("Catalog")');
          |                ^
      133 |     await page.waitForURL('**/catalog');
      134 |     await page.waitForLoadState('networkidle');
      135 |
        at /Users/matthewscott/Projects/projectlavos-monorepo/tests/specs/guitar-navigation.spec.js:132:16

    attachment #1: screenshot (image/png) ──────────────────────────────────────────────────────────
    test-results/specs-guitar-navigation-Gu-e4134--from-Tab-Player-to-Catalog-chromium/test-failed-1.png
    ────────────────────────────────────────────────────────────────────────────────────────────────

    attachment #2: video (video/webm) ──────────────────────────────────────────────────────────────
    test-results/specs-guitar-navigation-Gu-e4134--from-Tab-Player-to-Catalog-chromium/video.webm
    ────────────────────────────────────────────────────────────────────────────────────────────────

    Error Context: test-results/specs-guitar-navigation-Gu-e4134--from-Tab-Player-to-Catalog-chromium/error-context.md

  15) [chromium] › tests/specs/guitar-navigation.spec.js:146:3 › Guitar Platform Navigation Tests › should navigate to Home when clicking logo 

    TimeoutError: page.click: Timeout 10000ms exceeded.
    Call log:
    [2m  - waiting for locator('nav a:has-text("Guitar Platform")')[22m


      150 |
      151 |     // Click logo
    > 152 |     await page.click('nav a:has-text("Guitar Platform")');
          |                ^
      153 |     await page.waitForURL(`${baseUrl}/`);
      154 |     await page.waitForLoadState('networkidle');
      155 |
        at /Users/matthewscott/Projects/projectlavos-monorepo/tests/specs/guitar-navigation.spec.js:152:16

    attachment #1: screenshot (image/png) ──────────────────────────────────────────────────────────
    test-results/specs-guitar-navigation-Gu-9e72e--to-Home-when-clicking-logo-chromium/test-failed-1.png
    ────────────────────────────────────────────────────────────────────────────────────────────────

    attachment #2: video (video/webm) ──────────────────────────────────────────────────────────────
    test-results/specs-guitar-navigation-Gu-9e72e--to-Home-when-clicking-logo-chromium/video.webm
    ────────────────────────────────────────────────────────────────────────────────────────────────

    Error Context: test-results/specs-guitar-navigation-Gu-9e72e--to-Home-when-clicking-logo-chromium/error-context.md

  16) [chromium] › tests/specs/guitar-navigation.spec.js:166:3 › Guitar Platform Navigation Tests › should load all pages successfully 

    Error: [2mexpect([22m[31mreceived[39m[2m).[22mtoBe[2m([22m[32mexpected[39m[2m) // Object.is equality[22m

    Expected: [32m200[39m
    Received: [31m404[39m

      169 |
      170 |       // Verify successful load
    > 171 |       expect(response.status()).toBe(200);
          |                                 ^
      172 |
      173 |       await page.waitForLoadState('networkidle');
      174 |
        at /Users/matthewscott/Projects/projectlavos-monorepo/tests/specs/guitar-navigation.spec.js:171:33

    attachment #1: screenshot (image/png) ──────────────────────────────────────────────────────────
    test-results/specs-guitar-navigation-Gu-e2b55-load-all-pages-successfully-chromium/test-failed-1.png
    ────────────────────────────────────────────────────────────────────────────────────────────────

    attachment #2: video (video/webm) ──────────────────────────────────────────────────────────────
    test-results/specs-guitar-navigation-Gu-e2b55-load-all-pages-successfully-chromium/video.webm
    ────────────────────────────────────────────────────────────────────────────────────────────────

    Error Context: test-results/specs-guitar-navigation-Gu-e2b55-load-all-pages-successfully-chromium/error-context.md

  17) [chromium] › tests/specs/guitar-navigation.spec.js:270:3 › Guitar Platform Navigation Tests › should have consistent dark theme across all pages 

    Error: page.evaluate: TypeError: Failed to execute 'getComputedStyle' on 'Window': parameter 1 is not of type 'Element'.
        at eval (eval at evaluate (:290:30), <anonymous>:3:23)
        at UtilityScript.evaluate (<anonymous>:292:16)
        at UtilityScript.<anonymous> (<anonymous>:1:44)
        at eval (eval at evaluate (:290:30), <anonymous>:3:23)
        at UtilityScript.evaluate (<anonymous>:292:16)
        at UtilityScript.<anonymous> (<anonymous>:1:44)
        at /Users/matthewscott/Projects/projectlavos-monorepo/tests/specs/guitar-navigation.spec.js:276:37

    attachment #1: screenshot (image/png) ──────────────────────────────────────────────────────────
    test-results/specs-guitar-navigation-Gu-b8a3c-dark-theme-across-all-pages-chromium/test-failed-1.png
    ────────────────────────────────────────────────────────────────────────────────────────────────

    attachment #2: video (video/webm) ──────────────────────────────────────────────────────────────
    test-results/specs-guitar-navigation-Gu-b8a3c-dark-theme-across-all-pages-chromium/video.webm
    ────────────────────────────────────────────────────────────────────────────────────────────────

    Error Context: test-results/specs-guitar-navigation-Gu-b8a3c-dark-theme-across-all-pages-chromium/error-context.md

  18) [chromium] › tests/specs/mobile-responsiveness.spec.js:87:3 › Mobile Responsiveness Tests › should display restaurant selection in single column on mobile 

    Error: [2mexpect([22m[31mlocator[39m[2m).[22mtoBeVisible[2m([22m[2m)[22m failed

    Locator: locator('.grid.grid-cols-1.md\\:grid-cols-2')
    Expected: visible
    Error: strict mode violation: locator('.grid.grid-cols-1.md\\:grid-cols-2') resolved to 2 elements:
        1) <div class="grid grid-cols-1 md:grid-cols-2 gap-8">…</div> aka locator('div').filter({ hasText: 'PhishGuard ML7-model ensemble' }).nth(3)
        2) <div class="grid grid-cols-1 md:grid-cols-2 gap-4">…</div> aka getByText('🍽️Jack Fry\'sUpscale Southern🥂Proof on MainContemporary American🍺')

    Call log:
    [2m  - Expect "toBeVisible" with timeout 5000ms[22m
    [2m  - waiting for locator('.grid.grid-cols-1.md\\:grid-cols-2')[22m


       96 |     // Check that restaurant buttons stack vertically
       97 |     const restaurantGrid = page.locator('.grid.grid-cols-1.md\\:grid-cols-2');
    >  98 |     await expect(restaurantGrid).toBeVisible();
          |                                  ^
       99 |
      100 |     // Verify buttons are tappable (large enough touch targets)
      101 |     const firstButton = page.locator('button:has-text("Jack Fry")').first();
        at /Users/matthewscott/Projects/projectlavos-monorepo/tests/specs/mobile-responsiveness.spec.js:98:34

    attachment #1: screenshot (image/png) ──────────────────────────────────────────────────────────
    test-results/specs-mobile-responsivenes-fa2c2--in-single-column-on-mobile-chromium/test-failed-1.png
    ────────────────────────────────────────────────────────────────────────────────────────────────

    attachment #2: video (video/webm) ──────────────────────────────────────────────────────────────
    test-results/specs-mobile-responsivenes-fa2c2--in-single-column-on-mobile-chromium/video.webm
    ────────────────────────────────────────────────────────────────────────────────────────────────

    Error Context: test-results/specs-mobile-responsivenes-fa2c2--in-single-column-on-mobile-chromium/error-context.md

  19) [chromium] › tests/specs/mobile-responsiveness.spec.js:198:3 › Mobile Responsiveness Tests › should have touch-friendly navigation on mobile 

    Error: [2mexpect([22m[31mreceived[39m[2m).[22mtoBeGreaterThanOrEqual[2m([22m[32mexpected[39m[2m)[22m

    Expected: >= [32m44[39m
    Received:    [31m31.94921875[39m

      206 |
      207 |     // Touch target should be sufficient (minimum 44px per accessibility guidelines)
    > 208 |     expect(cardBox.height).toBeGreaterThanOrEqual(44);
          |                            ^
      209 |     expect(cardBox.width).toBeGreaterThanOrEqual(44);
      210 |
      211 |     // Verify card is tappable
        at /Users/matthewscott/Projects/projectlavos-monorepo/tests/specs/mobile-responsiveness.spec.js:208:28

    attachment #1: screenshot (image/png) ──────────────────────────────────────────────────────────
    test-results/specs-mobile-responsivenes-a9b0f-iendly-navigation-on-mobile-chromium/test-failed-1.png
    ────────────────────────────────────────────────────────────────────────────────────────────────

    attachment #2: video (video/webm) ──────────────────────────────────────────────────────────────
    test-results/specs-mobile-responsivenes-a9b0f-iendly-navigation-on-mobile-chromium/video.webm
    ────────────────────────────────────────────────────────────────────────────────────────────────

    Error Context: test-results/specs-mobile-responsivenes-a9b0f-iendly-navigation-on-mobile-chromium/error-context.md

  20) [chromium] › tests/specs/restaurant-analyzer.spec.js:69:3 › Restaurant Analyzer - Cross-Browser Tests › should analyze a restaurant and display results 

    Error: [2mexpect([22m[31mlocator[39m[2m).[22mtoBeVisible[2m([22m[2m)[22m failed

    Locator: locator('text=/[0-5]\\.[0-9]\\/5\\.0/').first()
    Expected: visible
    Timeout: 5000ms
    Error: element(s) not found

    Call log:
    [2m  - Expect "toBeVisible" with timeout 5000ms[22m
    [2m  - waiting for locator('text=/[0-5]\\.[0-9]\\/5\\.0/').first()[22m


      102 |     // Verify sentiment score is displayed (should be a number between 0-5)
      103 |     const sentimentScore = await page.locator('text=/[0-5]\\.[0-9]\\/5\\.0/').first();
    > 104 |     await expect(sentimentScore).toBeVisible();
          |                                  ^
      105 |
      106 |     // Take screenshot of results for visual verification
      107 |     await page.screenshot({
        at /Users/matthewscott/Projects/projectlavos-monorepo/tests/specs/restaurant-analyzer.spec.js:104:34

    attachment #1: screenshot (image/png) ──────────────────────────────────────────────────────────
    test-results/specs-restaurant-analyzer--97e66-taurant-and-display-results-chromium/test-failed-1.png
    ────────────────────────────────────────────────────────────────────────────────────────────────

    attachment #2: video (video/webm) ──────────────────────────────────────────────────────────────
    test-results/specs-restaurant-analyzer--97e66-taurant-and-display-results-chromium/video.webm
    ────────────────────────────────────────────────────────────────────────────────────────────────

    Error Context: test-results/specs-restaurant-analyzer--97e66-taurant-and-display-results-chromium/error-context.md

  21) [webkit] › tests/cross-subdomain.spec.js:49:3 › Cross-Subdomain Navigation › should open email with subject "10-Hour Question" from about page 

    Error: browserContext.waitForEvent: Test ended.

      49 |   test('should open email with subject "10-Hour Question" from about page', async ({ page, context }) => {
      50 |     // Track new page/popup openings
    > 51 |     const pagePromise = context.waitForEvent('page');
         |                                 ^
      52 |
      53 |     await page.goto(subdomains.about);
      54 |
        at /Users/matthewscott/Projects/projectlavos-monorepo/tests/cross-subdomain.spec.js:51:33

    attachment #1: screenshot (image/png) ──────────────────────────────────────────────────────────
    test-results/cross-subdomain-Cross-Subd-f5446-ur-Question-from-about-page-webkit/test-failed-1.png
    ────────────────────────────────────────────────────────────────────────────────────────────────

    attachment #2: video (video/webm) ──────────────────────────────────────────────────────────────
    test-results/cross-subdomain-Cross-Subd-f5446-ur-Question-from-about-page-webkit/video.webm
    ────────────────────────────────────────────────────────────────────────────────────────────────

  22) [webkit] › tests/cross-subdomain.spec.js:68:3 › Cross-Subdomain Navigation › should display 10-Hour Question prominently on about page 

    Error: [2mexpect([22m[31mlocator[39m[2m).[22mtoBeVisible[2m([22m[2m)[22m failed

    Locator: locator('text=/10.*hour.*question/i, text=/what.*taking.*10.*hour/i').first()
    Expected: visible
    Timeout: 5000ms
    Error: element(s) not found

    Call log:
    [2m  - Expect "toBeVisible" with timeout 5000ms[22m
    [2m  - waiting for locator('text=/10.*hour.*question/i, text=/what.*taking.*10.*hour/i').first()[22m


      71 |     // Look for 10-Hour Question in hero section (item 22)
      72 |     const tenHourQuestion = page.locator('text=/10.*hour.*question/i, text=/what.*taking.*10.*hour/i').first();
    > 73 |     await expect(tenHourQuestion).toBeVisible({ timeout: 5000 });
         |                                   ^
      74 |
      75 |     // Should be in prominent position (top 50% of viewport)
      76 |     const box = await tenHourQuestion.boundingBox();
        at /Users/matthewscott/Projects/projectlavos-monorepo/tests/cross-subdomain.spec.js:73:35

    attachment #1: screenshot (image/png) ──────────────────────────────────────────────────────────
    test-results/cross-subdomain-Cross-Subd-568c8-n-prominently-on-about-page-webkit/test-failed-1.png
    ────────────────────────────────────────────────────────────────────────────────────────────────

    attachment #2: video (video/webm) ──────────────────────────────────────────────────────────────
    test-results/cross-subdomain-Cross-Subd-568c8-n-prominently-on-about-page-webkit/video.webm
    ────────────────────────────────────────────────────────────────────────────────────────────────

    Error Context: test-results/cross-subdomain-Cross-Subd-568c8-n-prominently-on-about-page-webkit/error-context.md

  23) [webkit] › tests/cross-subdomain.spec.js:128:3 › Cross-Subdomain Navigation › should maintain consistent navigation across all subdomains 

    Error: [2mexpect([22m[31mreceived[39m[2m).[22mtoBeGreaterThan[2m([22m[32mexpected[39m[2m)[22m

    Expected: > [32m0[39m
    Received:   [31m0[39m

      139 |       // Should have links to other subdomains
      140 |       const links = await page.locator('nav a, header a').count();
    > 141 |       expect(links).toBeGreaterThan(0);
          |                     ^
      142 |     }
      143 |   });
      144 |
        at /Users/matthewscott/Projects/projectlavos-monorepo/tests/cross-subdomain.spec.js:141:21

    attachment #1: screenshot (image/png) ──────────────────────────────────────────────────────────
    test-results/cross-subdomain-Cross-Subd-cec9e-ation-across-all-subdomains-webkit/test-failed-1.png
    ────────────────────────────────────────────────────────────────────────────────────────────────

    attachment #2: video (video/webm) ──────────────────────────────────────────────────────────────
    test-results/cross-subdomain-Cross-Subd-cec9e-ation-across-all-subdomains-webkit/video.webm
    ────────────────────────────────────────────────────────────────────────────────────────────────

    Error Context: test-results/cross-subdomain-Cross-Subd-cec9e-ation-across-all-subdomains-webkit/error-context.md

  24) [webkit] › tests/mobile-responsive.spec.js:72:3 › Mobile Responsiveness - iPhone › should be able to interact with Restaurant Analyzer on mobile 

    Error: locator.tap: The page does not support tap. Use hasTouch context option to enable touch support.

      78 |     if (await dropdown.isVisible({ timeout: 3000 }).catch(() => false)) {
      79 |       // Tap dropdown
    > 80 |       await dropdown.tap();
         |                      ^
      81 |       
      82 |       // Select option
      83 |       await dropdown.selectOption({ index: 1 });
        at /Users/matthewscott/Projects/projectlavos-monorepo/tests/mobile-responsive.spec.js:80:22

    attachment #1: screenshot (image/png) ──────────────────────────────────────────────────────────
    test-results/mobile-responsive-Mobile-R-c8d55-staurant-Analyzer-on-mobile-webkit/test-failed-1.png
    ────────────────────────────────────────────────────────────────────────────────────────────────

    attachment #2: video (video/webm) ──────────────────────────────────────────────────────────────
    test-results/mobile-responsive-Mobile-R-c8d55-staurant-Analyzer-on-mobile-webkit/video.webm
    ────────────────────────────────────────────────────────────────────────────────────────────────

    Error Context: test-results/mobile-responsive-Mobile-R-c8d55-staurant-Analyzer-on-mobile-webkit/error-context.md

  25) [webkit] › tests/restaurant-analyzer.spec.js:13:3 › Restaurant Analyzer - Desktop Chrome › should load demos page successfully 

    Error: [2mexpect([22m[31mlocator[39m[2m).[22mtoContainText[2m([22m[32mexpected[39m[2m)[22m failed

    Locator: locator('h1')
    Expected pattern: [32m/demo/i[39m
    Received string:  [31m"Matthew Scott"[39m
    Timeout: 5000ms

    Call log:
    [2m  - Expect "toContainText" with timeout 5000ms[22m
    [2m  - waiting for locator('h1')[22m
    [2m    9 × locator resolved to <h1 class="text-5xl md:text-7xl font-black px-12 py-6 bg-white text-lavos-blue border-4 border-lavos-black shadow-brutal-lg">Matthew Scott</h1>[22m
    [2m      - unexpected value "Matthew Scott"[22m


      13 |   test('should load demos page successfully', async ({ page }) => {
      14 |     await expect(page).toHaveTitle(/Project Lavos/i);
    > 15 |     await expect(page.locator('h1')).toContainText(/demo/i);
         |                                      ^
      16 |   });
      17 |
      18 |   test('should display Restaurant Analyzer demo', async ({ page }) => {
        at /Users/matthewscott/Projects/projectlavos-monorepo/tests/restaurant-analyzer.spec.js:15:38

    attachment #1: screenshot (image/png) ──────────────────────────────────────────────────────────
    test-results/restaurant-analyzer-Restau-b565a-oad-demos-page-successfully-webkit/test-failed-1.png
    ────────────────────────────────────────────────────────────────────────────────────────────────

    attachment #2: video (video/webm) ──────────────────────────────────────────────────────────────
    test-results/restaurant-analyzer-Restau-b565a-oad-demos-page-successfully-webkit/video.webm
    ────────────────────────────────────────────────────────────────────────────────────────────────

    Error Context: test-results/restaurant-analyzer-Restau-b565a-oad-demos-page-successfully-webkit/error-context.md

  26) [webkit] › tests/restaurant-analyzer.spec.js:24:3 › Restaurant Analyzer - Desktop Chrome › should analyze Jack Fry's restaurant 

    Error: locator.selectOption: options[0].label: expected string, got object

      29 |     const dropdown = page.locator('select').first();
      30 |     if (await dropdown.isVisible({ timeout: 2000 }).catch(() => false)) {
    > 31 |       await dropdown.selectOption({ label: /Jack.*Fry/i });
         |                      ^
      32 |     } else if (await jackFrysButton.isVisible({ timeout: 2000 }).catch(() => false)) {
      33 |       await jackFrysButton.click();
      34 |     }
        at /Users/matthewscott/Projects/projectlavos-monorepo/tests/restaurant-analyzer.spec.js:31:22

    attachment #1: screenshot (image/png) ──────────────────────────────────────────────────────────
    test-results/restaurant-analyzer-Restau-51d37-alyze-Jack-Fry-s-restaurant-webkit/test-failed-1.png
    ────────────────────────────────────────────────────────────────────────────────────────────────

    attachment #2: video (video/webm) ──────────────────────────────────────────────────────────────
    test-results/restaurant-analyzer-Restau-51d37-alyze-Jack-Fry-s-restaurant-webkit/video.webm
    ────────────────────────────────────────────────────────────────────────────────────────────────

    Error Context: test-results/restaurant-analyzer-Restau-51d37-alyze-Jack-Fry-s-restaurant-webkit/error-context.md

  27) [webkit] › tests/specs/cross-subdomain-navigation.spec.js:6:3 › Cross-Subdomain Navigation Tests › should navigate from demos to main site 

    Error: [2mexpect([22m[31mreceived[39m[2m).[22mnot[2m.[22mtoContain[2m([22m[32mexpected[39m[2m) // indexOf[22m

    Expected substring: not [32m"demos."[39m
    Received string:        [31m"https://[7mdemos.[27mprojectlavos.com/"[39m

      20 |       // Verify we're on main site
      21 |       expect(page.url()).toContain('projectlavos.com');
    > 22 |       expect(page.url()).not.toContain('demos.');
         |                              ^
      23 |       expect(page.url()).not.toContain('about.');
      24 |       expect(page.url()).not.toContain('services.');
      25 |     }
        at /Users/matthewscott/Projects/projectlavos-monorepo/tests/specs/cross-subdomain-navigation.spec.js:22:30

    attachment #1: screenshot (image/png) ──────────────────────────────────────────────────────────
    test-results/specs-cross-subdomain-navi-8e288-ate-from-demos-to-main-site-webkit/test-failed-1.png
    ────────────────────────────────────────────────────────────────────────────────────────────────

    attachment #2: video (video/webm) ──────────────────────────────────────────────────────────────
    test-results/specs-cross-subdomain-navi-8e288-ate-from-demos-to-main-site-webkit/video.webm
    ────────────────────────────────────────────────────────────────────────────────────────────────

    Error Context: test-results/specs-cross-subdomain-navi-8e288-ate-from-demos-to-main-site-webkit/error-context.md

  28) [webkit] › tests/specs/error-states.spec.js:11:3 › Error State Testing › should display error message when API is unavailable 

    Error: [2mexpect([22m[31mlocator[39m[2m).[22mtoBeVisible[2m([22m[2m)[22m failed

    Locator: locator('text=/cannot connect|network|failed/i')
    Expected: visible
    Timeout: 5000ms
    Error: element(s) not found

    Call log:
    [2m  - Expect "toBeVisible" with timeout 5000ms[22m
    [2m  - waiting for locator('text=/cannot connect|network|failed/i')[22m


      30 |
      31 |     // Verify error text is user-friendly
    > 32 |     await expect(page.locator('text=/cannot connect|network|failed/i')).toBeVisible();
         |                                                                         ^
      33 |
      34 |     // Verify "Try Again" button is present
      35 |     const retryButton = page.locator('button:has-text("Try Again")');
        at /Users/matthewscott/Projects/projectlavos-monorepo/tests/specs/error-states.spec.js:32:73

    attachment #1: screenshot (image/png) ──────────────────────────────────────────────────────────
    test-results/specs-error-states-Error-S-14ab5-age-when-API-is-unavailable-webkit/test-failed-1.png
    ────────────────────────────────────────────────────────────────────────────────────────────────

    attachment #2: video (video/webm) ──────────────────────────────────────────────────────────────
    test-results/specs-error-states-Error-S-14ab5-age-when-API-is-unavailable-webkit/video.webm
    ────────────────────────────────────────────────────────────────────────────────────────────────

    Error Context: test-results/specs-error-states-Error-S-14ab5-age-when-API-is-unavailable-webkit/error-context.md

  29) [webkit] › tests/specs/error-states.spec.js:98:3 › Error State Testing › should handle 502 bad gateway error 

    Error: [2mexpect([22m[31mlocator[39m[2m).[22mtoBeVisible[2m([22m[2m)[22m failed

    Locator: locator('text=/server error|try again/i')
    Expected: visible
    Error: strict mode violation: locator('text=/server error|try again/i') resolved to 2 elements:
        1) <strong class="text-red-700 block mb-2">⚠️ Server error. Our team has been notified. Plea…</strong> aka getByText('⚠️ Server error. Our team has')
        2) <button class="mt-2 bg-red-600 text-white px-4 py-2 rounded-sm font-semibold hover:bg-red-700 transition-colors disabled:opacity-50">Try Again</button> aka getByRole('button', { name: 'Try Again' })

    Call log:
    [2m  - Expect "toBeVisible" with timeout 10000ms[22m
    [2m  - waiting for locator('text=/server error|try again/i')[22m


      115 |
      116 |     // Verify error message
    > 117 |     await expect(page.locator('text=/server error|try again/i')).toBeVisible({ timeout: 10000 });
          |                                                                  ^
      118 |   });
      119 |
      120 |   test('should allow retry after error', async ({ page, context }) => {
        at /Users/matthewscott/Projects/projectlavos-monorepo/tests/specs/error-states.spec.js:117:66

    attachment #1: screenshot (image/png) ──────────────────────────────────────────────────────────
    test-results/specs-error-states-Error-S-b1460-andle-502-bad-gateway-error-webkit/test-failed-1.png
    ────────────────────────────────────────────────────────────────────────────────────────────────

    attachment #2: video (video/webm) ──────────────────────────────────────────────────────────────
    test-results/specs-error-states-Error-S-b1460-andle-502-bad-gateway-error-webkit/video.webm
    ────────────────────────────────────────────────────────────────────────────────────────────────

    Error Context: test-results/specs-error-states-Error-S-b1460-andle-502-bad-gateway-error-webkit/error-context.md

  30) [webkit] › tests/specs/guitar-navigation.spec.js:13:3 › Guitar Platform Navigation Tests › should display navigation bar on all pages 

    Error: [2mexpect([22m[31mlocator[39m[2m).[22mtoBeVisible[2m([22m[2m)[22m failed

    Locator: locator('nav.bg-gray-800')
    Expected: visible
    Timeout: 5000ms
    Error: element(s) not found

    Call log:
    [2m  - Expect "toBeVisible" with timeout 5000ms[22m
    [2m  - waiting for locator('nav.bg-gray-800')[22m


      18 |       // Navigation bar should be visible
      19 |       const nav = page.locator('nav.bg-gray-800');
    > 20 |       await expect(nav).toBeVisible();
         |                         ^
      21 |
      22 |       // Should have sticky positioning
      23 |       const navClasses = await nav.getAttribute('class');
        at /Users/matthewscott/Projects/projectlavos-monorepo/tests/specs/guitar-navigation.spec.js:20:25

    attachment #1: screenshot (image/png) ──────────────────────────────────────────────────────────
    test-results/specs-guitar-navigation-Gu-844c6-navigation-bar-on-all-pages-webkit/test-failed-1.png
    ────────────────────────────────────────────────────────────────────────────────────────────────

    attachment #2: video (video/webm) ──────────────────────────────────────────────────────────────
    test-results/specs-guitar-navigation-Gu-844c6-navigation-bar-on-all-pages-webkit/video.webm
    ────────────────────────────────────────────────────────────────────────────────────────────────

    Error Context: test-results/specs-guitar-navigation-Gu-844c6-navigation-bar-on-all-pages-webkit/error-context.md

  31) [webkit] › tests/specs/guitar-navigation.spec.js:50:3 › Guitar Platform Navigation Tests › should highlight active route on FretVision page 

    Error: [2mexpect([22m[31mlocator[39m[2m).[22mtoBeVisible[2m([22m[2m)[22m failed

    Locator: locator('nav a:has-text("FretVision")')
    Expected: visible
    Timeout: 5000ms
    Error: element(s) not found

    Call log:
    [2m  - Expect "toBeVisible" with timeout 5000ms[22m
    [2m  - waiting for locator('nav a:has-text("FretVision")')[22m


      54 |     // FretVision link should have active class (bg-green-500)
      55 |     const fretVisionLink = page.locator('nav a:has-text("FretVision")');
    > 56 |     await expect(fretVisionLink).toBeVisible();
         |                                  ^
      57 |
      58 |     const classes = await fretVisionLink.getAttribute('class');
      59 |     expect(classes).toContain('bg-green-500');
        at /Users/matthewscott/Projects/projectlavos-monorepo/tests/specs/guitar-navigation.spec.js:56:34

    attachment #1: screenshot (image/png) ──────────────────────────────────────────────────────────
    test-results/specs-guitar-navigation-Gu-26e36-ve-route-on-FretVision-page-webkit/test-failed-1.png
    ────────────────────────────────────────────────────────────────────────────────────────────────

    attachment #2: video (video/webm) ──────────────────────────────────────────────────────────────
    test-results/specs-guitar-navigation-Gu-26e36-ve-route-on-FretVision-page-webkit/video.webm
    ────────────────────────────────────────────────────────────────────────────────────────────────

    Error Context: test-results/specs-guitar-navigation-Gu-26e36-ve-route-on-FretVision-page-webkit/error-context.md

  32) [webkit] › tests/specs/guitar-navigation.spec.js:63:3 › Guitar Platform Navigation Tests › should highlight active route on Tab Player page 

    Error: [2mexpect([22m[31mlocator[39m[2m).[22mtoBeVisible[2m([22m[2m)[22m failed

    Locator: locator('nav a:has-text("Tab Player")')
    Expected: visible
    Timeout: 5000ms
    Error: element(s) not found

    Call log:
    [2m  - Expect "toBeVisible" with timeout 5000ms[22m
    [2m  - waiting for locator('nav a:has-text("Tab Player")')[22m


      67 |     // Tab Player link should have active class (bg-blue-500)
      68 |     const tabPlayerLink = page.locator('nav a:has-text("Tab Player")');
    > 69 |     await expect(tabPlayerLink).toBeVisible();
         |                                 ^
      70 |
      71 |     const classes = await tabPlayerLink.getAttribute('class');
      72 |     expect(classes).toContain('bg-blue-500');
        at /Users/matthewscott/Projects/projectlavos-monorepo/tests/specs/guitar-navigation.spec.js:69:33

    attachment #1: screenshot (image/png) ──────────────────────────────────────────────────────────
    test-results/specs-guitar-navigation-Gu-93ede-ve-route-on-Tab-Player-page-webkit/test-failed-1.png
    ────────────────────────────────────────────────────────────────────────────────────────────────

    attachment #2: video (video/webm) ──────────────────────────────────────────────────────────────
    test-results/specs-guitar-navigation-Gu-93ede-ve-route-on-Tab-Player-page-webkit/video.webm
    ────────────────────────────────────────────────────────────────────────────────────────────────

    Error Context: test-results/specs-guitar-navigation-Gu-93ede-ve-route-on-Tab-Player-page-webkit/error-context.md

  33) [webkit] › tests/specs/guitar-navigation.spec.js:76:3 › Guitar Platform Navigation Tests › should highlight active route on Catalog page 

    Error: [2mexpect([22m[31mlocator[39m[2m).[22mtoBeVisible[2m([22m[2m)[22m failed

    Locator: locator('nav a:has-text("Catalog")')
    Expected: visible
    Timeout: 5000ms
    Error: element(s) not found

    Call log:
    [2m  - Expect "toBeVisible" with timeout 5000ms[22m
    [2m  - waiting for locator('nav a:has-text("Catalog")')[22m


      80 |     // Catalog link should have active class (bg-purple-500)
      81 |     const catalogLink = page.locator('nav a:has-text("Catalog")');
    > 82 |     await expect(catalogLink).toBeVisible();
         |                               ^
      83 |
      84 |     const classes = await catalogLink.getAttribute('class');
      85 |     expect(classes).toContain('bg-purple-500');
        at /Users/matthewscott/Projects/projectlavos-monorepo/tests/specs/guitar-navigation.spec.js:82:31

    attachment #1: screenshot (image/png) ──────────────────────────────────────────────────────────
    test-results/specs-guitar-navigation-Gu-10de7-ctive-route-on-Catalog-page-webkit/test-failed-1.png
    ────────────────────────────────────────────────────────────────────────────────────────────────

    attachment #2: video (video/webm) ──────────────────────────────────────────────────────────────
    test-results/specs-guitar-navigation-Gu-10de7-ctive-route-on-Catalog-page-webkit/video.webm
    ────────────────────────────────────────────────────────────────────────────────────────────────

    Error Context: test-results/specs-guitar-navigation-Gu-10de7-ctive-route-on-Catalog-page-webkit/error-context.md

  34) [webkit] › tests/specs/guitar-navigation.spec.js:108:3 › Guitar Platform Navigation Tests › should navigate from FretVision to Tab Player 

    TimeoutError: page.click: Timeout 10000ms exceeded.
    Call log:
    [2m  - waiting for locator('nav a:has-text("Tab Player")')[22m


      111 |
      112 |     // Click Tab Player link in navbar
    > 113 |     await page.click('nav a:has-text("Tab Player")');
          |                ^
      114 |     await page.waitForURL('**/tabplayer');
      115 |     await page.waitForLoadState('networkidle');
      116 |
        at /Users/matthewscott/Projects/projectlavos-monorepo/tests/specs/guitar-navigation.spec.js:113:16

    attachment #1: screenshot (image/png) ──────────────────────────────────────────────────────────
    test-results/specs-guitar-navigation-Gu-28249-om-FretVision-to-Tab-Player-webkit/test-failed-1.png
    ────────────────────────────────────────────────────────────────────────────────────────────────

    attachment #2: video (video/webm) ──────────────────────────────────────────────────────────────
    test-results/specs-guitar-navigation-Gu-28249-om-FretVision-to-Tab-Player-webkit/video.webm
    ────────────────────────────────────────────────────────────────────────────────────────────────

    Error Context: test-results/specs-guitar-navigation-Gu-28249-om-FretVision-to-Tab-Player-webkit/error-context.md

  35) [webkit] › tests/specs/guitar-navigation.spec.js:127:3 › Guitar Platform Navigation Tests › should navigate from Tab Player to Catalog 

    TimeoutError: page.click: Timeout 10000ms exceeded.
    Call log:
    [2m  - waiting for locator('nav a:has-text("Catalog")')[22m


      130 |
      131 |     // Click Catalog link in navbar
    > 132 |     await page.click('nav a:has-text("Catalog")');
          |                ^
      133 |     await page.waitForURL('**/catalog');
      134 |     await page.waitForLoadState('networkidle');
      135 |
        at /Users/matthewscott/Projects/projectlavos-monorepo/tests/specs/guitar-navigation.spec.js:132:16

    attachment #1: screenshot (image/png) ──────────────────────────────────────────────────────────
    test-results/specs-guitar-navigation-Gu-e4134--from-Tab-Player-to-Catalog-webkit/test-failed-1.png
    ────────────────────────────────────────────────────────────────────────────────────────────────

    attachment #2: video (video/webm) ──────────────────────────────────────────────────────────────
    test-results/specs-guitar-navigation-Gu-e4134--from-Tab-Player-to-Catalog-webkit/video.webm
    ────────────────────────────────────────────────────────────────────────────────────────────────

    Error Context: test-results/specs-guitar-navigation-Gu-e4134--from-Tab-Player-to-Catalog-webkit/error-context.md

  36) [webkit] › tests/specs/guitar-navigation.spec.js:146:3 › Guitar Platform Navigation Tests › should navigate to Home when clicking logo 

    TimeoutError: page.click: Timeout 10000ms exceeded.
    Call log:
    [2m  - waiting for locator('nav a:has-text("Guitar Platform")')[22m


      150 |
      151 |     // Click logo
    > 152 |     await page.click('nav a:has-text("Guitar Platform")');
          |                ^
      153 |     await page.waitForURL(`${baseUrl}/`);
      154 |     await page.waitForLoadState('networkidle');
      155 |
        at /Users/matthewscott/Projects/projectlavos-monorepo/tests/specs/guitar-navigation.spec.js:152:16

    attachment #1: screenshot (image/png) ──────────────────────────────────────────────────────────
    test-results/specs-guitar-navigation-Gu-9e72e--to-Home-when-clicking-logo-webkit/test-failed-1.png
    ────────────────────────────────────────────────────────────────────────────────────────────────

    attachment #2: video (video/webm) ──────────────────────────────────────────────────────────────
    test-results/specs-guitar-navigation-Gu-9e72e--to-Home-when-clicking-logo-webkit/video.webm
    ────────────────────────────────────────────────────────────────────────────────────────────────

    Error Context: test-results/specs-guitar-navigation-Gu-9e72e--to-Home-when-clicking-logo-webkit/error-context.md

  37) [webkit] › tests/specs/guitar-navigation.spec.js:166:3 › Guitar Platform Navigation Tests › should load all pages successfully 

    Error: [2mexpect([22m[31mreceived[39m[2m).[22mtoBe[2m([22m[32mexpected[39m[2m) // Object.is equality[22m

    Expected: [32m200[39m
    Received: [31m404[39m

      169 |
      170 |       // Verify successful load
    > 171 |       expect(response.status()).toBe(200);
          |                                 ^
      172 |
      173 |       await page.waitForLoadState('networkidle');
      174 |
        at /Users/matthewscott/Projects/projectlavos-monorepo/tests/specs/guitar-navigation.spec.js:171:33

    attachment #1: screenshot (image/png) ──────────────────────────────────────────────────────────
    test-results/specs-guitar-navigation-Gu-e2b55-load-all-pages-successfully-webkit/test-failed-1.png
    ────────────────────────────────────────────────────────────────────────────────────────────────

    attachment #2: video (video/webm) ──────────────────────────────────────────────────────────────
    test-results/specs-guitar-navigation-Gu-e2b55-load-all-pages-successfully-webkit/video.webm
    ────────────────────────────────────────────────────────────────────────────────────────────────

    Error Context: test-results/specs-guitar-navigation-Gu-e2b55-load-all-pages-successfully-webkit/error-context.md

  38) [webkit] › tests/specs/guitar-navigation.spec.js:270:3 › Guitar Platform Navigation Tests › should have consistent dark theme across all pages 

    Error: page.evaluate: TypeError: Argument 1 ('element') to Window.getComputedStyle must be an instance of Element

      274 |
      275 |       // Navigation should have dark background
    > 276 |       const navBgColor = await page.evaluate(() => {
          |                                     ^
      277 |         const nav = document.querySelector('nav.bg-gray-800');
      278 |         return window.getComputedStyle(nav).backgroundColor;
      279 |       });
        at /Users/matthewscott/Projects/projectlavos-monorepo/tests/specs/guitar-navigation.spec.js:276:37

    attachment #1: screenshot (image/png) ──────────────────────────────────────────────────────────
    test-results/specs-guitar-navigation-Gu-b8a3c-dark-theme-across-all-pages-webkit/test-failed-1.png
    ────────────────────────────────────────────────────────────────────────────────────────────────

    attachment #2: video (video/webm) ──────────────────────────────────────────────────────────────
    test-results/specs-guitar-navigation-Gu-b8a3c-dark-theme-across-all-pages-webkit/video.webm
    ────────────────────────────────────────────────────────────────────────────────────────────────

    Error Context: test-results/specs-guitar-navigation-Gu-b8a3c-dark-theme-across-all-pages-webkit/error-context.md

  39) [webkit] › tests/specs/mobile-responsiveness.spec.js:87:3 › Mobile Responsiveness Tests › should display restaurant selection in single column on mobile 

    Error: [2mexpect([22m[31mlocator[39m[2m).[22mtoBeVisible[2m([22m[2m)[22m failed

    Locator: locator('.grid.grid-cols-1.md\\:grid-cols-2')
    Expected: visible
    Error: strict mode violation: locator('.grid.grid-cols-1.md\\:grid-cols-2') resolved to 2 elements:
        1) <div class="grid grid-cols-1 md:grid-cols-2 gap-8">…</div> aka locator('div').filter({ hasText: 'PhishGuard ML7-model ensemble' }).nth(3)
        2) <div class="grid grid-cols-1 md:grid-cols-2 gap-4">…</div> aka getByText('🍽️Jack Fry\'sUpscale Southern🥂Proof on MainContemporary American🍺')

    Call log:
    [2m  - Expect "toBeVisible" with timeout 5000ms[22m
    [2m  - waiting for locator('.grid.grid-cols-1.md\\:grid-cols-2')[22m


       96 |     // Check that restaurant buttons stack vertically
       97 |     const restaurantGrid = page.locator('.grid.grid-cols-1.md\\:grid-cols-2');
    >  98 |     await expect(restaurantGrid).toBeVisible();
          |                                  ^
       99 |
      100 |     // Verify buttons are tappable (large enough touch targets)
      101 |     const firstButton = page.locator('button:has-text("Jack Fry")').first();
        at /Users/matthewscott/Projects/projectlavos-monorepo/tests/specs/mobile-responsiveness.spec.js:98:34

    attachment #1: screenshot (image/png) ──────────────────────────────────────────────────────────
    test-results/specs-mobile-responsivenes-fa2c2--in-single-column-on-mobile-webkit/test-failed-1.png
    ────────────────────────────────────────────────────────────────────────────────────────────────

    attachment #2: video (video/webm) ──────────────────────────────────────────────────────────────
    test-results/specs-mobile-responsivenes-fa2c2--in-single-column-on-mobile-webkit/video.webm
    ────────────────────────────────────────────────────────────────────────────────────────────────

    Error Context: test-results/specs-mobile-responsivenes-fa2c2--in-single-column-on-mobile-webkit/error-context.md

  40) [webkit] › tests/specs/mobile-responsiveness.spec.js:198:3 › Mobile Responsiveness Tests › should have touch-friendly navigation on mobile 

    Error: [2mexpect([22m[31mreceived[39m[2m).[22mtoBeGreaterThanOrEqual[2m([22m[32mexpected[39m[2m)[22m

    Expected: >= [32m44[39m
    Received:    [31m32[39m

      206 |
      207 |     // Touch target should be sufficient (minimum 44px per accessibility guidelines)
    > 208 |     expect(cardBox.height).toBeGreaterThanOrEqual(44);
          |                            ^
      209 |     expect(cardBox.width).toBeGreaterThanOrEqual(44);
      210 |
      211 |     // Verify card is tappable
        at /Users/matthewscott/Projects/projectlavos-monorepo/tests/specs/mobile-responsiveness.spec.js:208:28

    attachment #1: screenshot (image/png) ──────────────────────────────────────────────────────────
    test-results/specs-mobile-responsivenes-a9b0f-iendly-navigation-on-mobile-webkit/test-failed-1.png
    ────────────────────────────────────────────────────────────────────────────────────────────────

    attachment #2: video (video/webm) ──────────────────────────────────────────────────────────────
    test-results/specs-mobile-responsivenes-a9b0f-iendly-navigation-on-mobile-webkit/video.webm
    ────────────────────────────────────────────────────────────────────────────────────────────────

    Error Context: test-results/specs-mobile-responsivenes-a9b0f-iendly-navigation-on-mobile-webkit/error-context.md

  41) [webkit] › tests/specs/restaurant-analyzer.spec.js:69:3 › Restaurant Analyzer - Cross-Browser Tests › should analyze a restaurant and display results 

    Error: [2mexpect([22m[31mlocator[39m[2m).[22mtoBeVisible[2m([22m[2m)[22m failed

    Locator: locator('text=/[0-5]\\.[0-9]\\/5\\.0/').first()
    Expected: visible
    Timeout: 5000ms
    Error: element(s) not found

    Call log:
    [2m  - Expect "toBeVisible" with timeout 5000ms[22m
    [2m  - waiting for locator('text=/[0-5]\\.[0-9]\\/5\\.0/').first()[22m


      102 |     // Verify sentiment score is displayed (should be a number between 0-5)
      103 |     const sentimentScore = await page.locator('text=/[0-5]\\.[0-9]\\/5\\.0/').first();
    > 104 |     await expect(sentimentScore).toBeVisible();
          |                                  ^
      105 |
      106 |     // Take screenshot of results for visual verification
      107 |     await page.screenshot({
        at /Users/matthewscott/Projects/projectlavos-monorepo/tests/specs/restaurant-analyzer.spec.js:104:34

    attachment #1: screenshot (image/png) ──────────────────────────────────────────────────────────
    test-results/specs-restaurant-analyzer--97e66-taurant-and-display-results-webkit/test-failed-1.png
    ────────────────────────────────────────────────────────────────────────────────────────────────

    attachment #2: video (video/webm) ──────────────────────────────────────────────────────────────
    test-results/specs-restaurant-analyzer--97e66-taurant-and-display-results-webkit/video.webm
    ────────────────────────────────────────────────────────────────────────────────────────────────

    Error Context: test-results/specs-restaurant-analyzer--97e66-taurant-and-display-results-webkit/error-context.md

  42) [mobile-chrome] › tests/cross-subdomain.spec.js:49:3 › Cross-Subdomain Navigation › should open email with subject "10-Hour Question" from about page 

    Error: browserContext.waitForEvent: Test ended.

      49 |   test('should open email with subject "10-Hour Question" from about page', async ({ page, context }) => {
      50 |     // Track new page/popup openings
    > 51 |     const pagePromise = context.waitForEvent('page');
         |                                 ^
      52 |
      53 |     await page.goto(subdomains.about);
      54 |
        at /Users/matthewscott/Projects/projectlavos-monorepo/tests/cross-subdomain.spec.js:51:33

    attachment #1: screenshot (image/png) ──────────────────────────────────────────────────────────
    test-results/cross-subdomain-Cross-Subd-f5446-ur-Question-from-about-page-mobile-chrome/test-failed-1.png
    ────────────────────────────────────────────────────────────────────────────────────────────────

    attachment #2: video (video/webm) ──────────────────────────────────────────────────────────────
    test-results/cross-subdomain-Cross-Subd-f5446-ur-Question-from-about-page-mobile-chrome/video.webm
    ────────────────────────────────────────────────────────────────────────────────────────────────

  43) [mobile-chrome] › tests/cross-subdomain.spec.js:68:3 › Cross-Subdomain Navigation › should display 10-Hour Question prominently on about page 

    Error: [2mexpect([22m[31mlocator[39m[2m).[22mtoBeVisible[2m([22m[2m)[22m failed

    Locator: locator('text=/10.*hour.*question/i, text=/what.*taking.*10.*hour/i').first()
    Expected: visible
    Timeout: 5000ms
    Error: element(s) not found

    Call log:
    [2m  - Expect "toBeVisible" with timeout 5000ms[22m
    [2m  - waiting for locator('text=/10.*hour.*question/i, text=/what.*taking.*10.*hour/i').first()[22m


      71 |     // Look for 10-Hour Question in hero section (item 22)
      72 |     const tenHourQuestion = page.locator('text=/10.*hour.*question/i, text=/what.*taking.*10.*hour/i').first();
    > 73 |     await expect(tenHourQuestion).toBeVisible({ timeout: 5000 });
         |                                   ^
      74 |
      75 |     // Should be in prominent position (top 50% of viewport)
      76 |     const box = await tenHourQuestion.boundingBox();
        at /Users/matthewscott/Projects/projectlavos-monorepo/tests/cross-subdomain.spec.js:73:35

    attachment #1: screenshot (image/png) ──────────────────────────────────────────────────────────
    test-results/cross-subdomain-Cross-Subd-568c8-n-prominently-on-about-page-mobile-chrome/test-failed-1.png
    ────────────────────────────────────────────────────────────────────────────────────────────────

    attachment #2: video (video/webm) ──────────────────────────────────────────────────────────────
    test-results/cross-subdomain-Cross-Subd-568c8-n-prominently-on-about-page-mobile-chrome/video.webm
    ────────────────────────────────────────────────────────────────────────────────────────────────

    Error Context: test-results/cross-subdomain-Cross-Subd-568c8-n-prominently-on-about-page-mobile-chrome/error-context.md

  44) [mobile-chrome] › tests/cross-subdomain.spec.js:128:3 › Cross-Subdomain Navigation › should maintain consistent navigation across all subdomains 

    Error: [2mexpect([22m[31mreceived[39m[2m).[22mtoBeGreaterThan[2m([22m[32mexpected[39m[2m)[22m

    Expected: > [32m0[39m
    Received:   [31m0[39m

      139 |       // Should have links to other subdomains
      140 |       const links = await page.locator('nav a, header a').count();
    > 141 |       expect(links).toBeGreaterThan(0);
          |                     ^
      142 |     }
      143 |   });
      144 |
        at /Users/matthewscott/Projects/projectlavos-monorepo/tests/cross-subdomain.spec.js:141:21

    attachment #1: screenshot (image/png) ──────────────────────────────────────────────────────────
    test-results/cross-subdomain-Cross-Subd-cec9e-ation-across-all-subdomains-mobile-chrome/test-failed-1.png
    ────────────────────────────────────────────────────────────────────────────────────────────────

    attachment #2: video (video/webm) ──────────────────────────────────────────────────────────────
    test-results/cross-subdomain-Cross-Subd-cec9e-ation-across-all-subdomains-mobile-chrome/video.webm
    ────────────────────────────────────────────────────────────────────────────────────────────────

    Error Context: test-results/cross-subdomain-Cross-Subd-cec9e-ation-across-all-subdomains-mobile-chrome/error-context.md

  45) [mobile-chrome] › tests/restaurant-analyzer.spec.js:13:3 › Restaurant Analyzer - Desktop Chrome › should load demos page successfully 

    Error: [2mexpect([22m[31mlocator[39m[2m).[22mtoContainText[2m([22m[32mexpected[39m[2m)[22m failed

    Locator: locator('h1')
    Expected pattern: [32m/demo/i[39m
    Received string:  [31m"Matthew Scott"[39m
    Timeout: 5000ms

    Call log:
    [2m  - Expect "toContainText" with timeout 5000ms[22m
    [2m  - waiting for locator('h1')[22m
    [2m    9 × locator resolved to <h1 class="text-5xl md:text-7xl font-black px-12 py-6 bg-white text-lavos-blue border-4 border-lavos-black shadow-brutal-lg">Matthew Scott</h1>[22m
    [2m      - unexpected value "Matthew Scott"[22m


      13 |   test('should load demos page successfully', async ({ page }) => {
      14 |     await expect(page).toHaveTitle(/Project Lavos/i);
    > 15 |     await expect(page.locator('h1')).toContainText(/demo/i);
         |                                      ^
      16 |   });
      17 |
      18 |   test('should display Restaurant Analyzer demo', async ({ page }) => {
        at /Users/matthewscott/Projects/projectlavos-monorepo/tests/restaurant-analyzer.spec.js:15:38

    attachment #1: screenshot (image/png) ──────────────────────────────────────────────────────────
    test-results/restaurant-analyzer-Restau-b565a-oad-demos-page-successfully-mobile-chrome/test-failed-1.png
    ────────────────────────────────────────────────────────────────────────────────────────────────

    attachment #2: video (video/webm) ──────────────────────────────────────────────────────────────
    test-results/restaurant-analyzer-Restau-b565a-oad-demos-page-successfully-mobile-chrome/video.webm
    ────────────────────────────────────────────────────────────────────────────────────────────────

    Error Context: test-results/restaurant-analyzer-Restau-b565a-oad-demos-page-successfully-mobile-chrome/error-context.md

  46) [mobile-chrome] › tests/restaurant-analyzer.spec.js:24:3 › Restaurant Analyzer - Desktop Chrome › should analyze Jack Fry's restaurant 

    Error: locator.selectOption: options[0].label: expected string, got object

      29 |     const dropdown = page.locator('select').first();
      30 |     if (await dropdown.isVisible({ timeout: 2000 }).catch(() => false)) {
    > 31 |       await dropdown.selectOption({ label: /Jack.*Fry/i });
         |                      ^
      32 |     } else if (await jackFrysButton.isVisible({ timeout: 2000 }).catch(() => false)) {
      33 |       await jackFrysButton.click();
      34 |     }
        at /Users/matthewscott/Projects/projectlavos-monorepo/tests/restaurant-analyzer.spec.js:31:22

    attachment #1: screenshot (image/png) ──────────────────────────────────────────────────────────
    test-results/restaurant-analyzer-Restau-51d37-alyze-Jack-Fry-s-restaurant-mobile-chrome/test-failed-1.png
    ────────────────────────────────────────────────────────────────────────────────────────────────

    attachment #2: video (video/webm) ──────────────────────────────────────────────────────────────
    test-results/restaurant-analyzer-Restau-51d37-alyze-Jack-Fry-s-restaurant-mobile-chrome/video.webm
    ────────────────────────────────────────────────────────────────────────────────────────────────

    Error Context: test-results/restaurant-analyzer-Restau-51d37-alyze-Jack-Fry-s-restaurant-mobile-chrome/error-context.md

  47) [mobile-chrome] › tests/specs/cross-subdomain-navigation.spec.js:6:3 › Cross-Subdomain Navigation Tests › should navigate from demos to main site 

    Error: [2mexpect([22m[31mreceived[39m[2m).[22mnot[2m.[22mtoContain[2m([22m[32mexpected[39m[2m) // indexOf[22m

    Expected substring: not [32m"demos."[39m
    Received string:        [31m"https://[7mdemos.[27mprojectlavos.com/"[39m

      20 |       // Verify we're on main site
      21 |       expect(page.url()).toContain('projectlavos.com');
    > 22 |       expect(page.url()).not.toContain('demos.');
         |                              ^
      23 |       expect(page.url()).not.toContain('about.');
      24 |       expect(page.url()).not.toContain('services.');
      25 |     }
        at /Users/matthewscott/Projects/projectlavos-monorepo/tests/specs/cross-subdomain-navigation.spec.js:22:30

    attachment #1: screenshot (image/png) ──────────────────────────────────────────────────────────
    test-results/specs-cross-subdomain-navi-8e288-ate-from-demos-to-main-site-mobile-chrome/test-failed-1.png
    ────────────────────────────────────────────────────────────────────────────────────────────────

    attachment #2: video (video/webm) ──────────────────────────────────────────────────────────────
    test-results/specs-cross-subdomain-navi-8e288-ate-from-demos-to-main-site-mobile-chrome/video-1.webm
    ────────────────────────────────────────────────────────────────────────────────────────────────

    attachment #3: video (video/webm) ──────────────────────────────────────────────────────────────
    test-results/specs-cross-subdomain-navi-8e288-ate-from-demos-to-main-site-mobile-chrome/video.webm
    ────────────────────────────────────────────────────────────────────────────────────────────────

    attachment #4: screenshot (image/png) ──────────────────────────────────────────────────────────
    test-results/specs-cross-subdomain-navi-8e288-ate-from-demos-to-main-site-mobile-chrome/test-failed-2.png
    ────────────────────────────────────────────────────────────────────────────────────────────────

    Error Context: test-results/specs-cross-subdomain-navi-8e288-ate-from-demos-to-main-site-mobile-chrome/error-context.md

  48) [mobile-chrome] › tests/specs/error-states.spec.js:98:3 › Error State Testing › should handle 502 bad gateway error 

    Error: [2mexpect([22m[31mlocator[39m[2m).[22mtoBeVisible[2m([22m[2m)[22m failed

    Locator: locator('text=/server error|try again/i')
    Expected: visible
    Error: strict mode violation: locator('text=/server error|try again/i') resolved to 2 elements:
        1) <strong class="text-red-700 block mb-2">⚠️ Server error. Our team has been notified. Plea…</strong> aka getByText('⚠️ Server error. Our team has')
        2) <button class="mt-2 bg-red-600 text-white px-4 py-2 rounded-sm font-semibold hover:bg-red-700 transition-colors disabled:opacity-50">Try Again</button> aka getByRole('button', { name: 'Try Again' })

    Call log:
    [2m  - Expect "toBeVisible" with timeout 10000ms[22m
    [2m  - waiting for locator('text=/server error|try again/i')[22m


      115 |
      116 |     // Verify error message
    > 117 |     await expect(page.locator('text=/server error|try again/i')).toBeVisible({ timeout: 10000 });
          |                                                                  ^
      118 |   });
      119 |
      120 |   test('should allow retry after error', async ({ page, context }) => {
        at /Users/matthewscott/Projects/projectlavos-monorepo/tests/specs/error-states.spec.js:117:66

    attachment #1: screenshot (image/png) ──────────────────────────────────────────────────────────
    test-results/specs-error-states-Error-S-b1460-andle-502-bad-gateway-error-mobile-chrome/test-failed-1.png
    ────────────────────────────────────────────────────────────────────────────────────────────────

    attachment #2: video (video/webm) ──────────────────────────────────────────────────────────────
    test-results/specs-error-states-Error-S-b1460-andle-502-bad-gateway-error-mobile-chrome/video.webm
    ────────────────────────────────────────────────────────────────────────────────────────────────

    Error Context: test-results/specs-error-states-Error-S-b1460-andle-502-bad-gateway-error-mobile-chrome/error-context.md

  49) [mobile-chrome] › tests/specs/guitar-navigation.spec.js:13:3 › Guitar Platform Navigation Tests › should display navigation bar on all pages 

    Error: [2mexpect([22m[31mlocator[39m[2m).[22mtoBeVisible[2m([22m[2m)[22m failed

    Locator: locator('nav.bg-gray-800')
    Expected: visible
    Timeout: 5000ms
    Error: element(s) not found

    Call log:
    [2m  - Expect "toBeVisible" with timeout 5000ms[22m
    [2m  - waiting for locator('nav.bg-gray-800')[22m


      18 |       // Navigation bar should be visible
      19 |       const nav = page.locator('nav.bg-gray-800');
    > 20 |       await expect(nav).toBeVisible();
         |                         ^
      21 |
      22 |       // Should have sticky positioning
      23 |       const navClasses = await nav.getAttribute('class');
        at /Users/matthewscott/Projects/projectlavos-monorepo/tests/specs/guitar-navigation.spec.js:20:25

    attachment #1: screenshot (image/png) ──────────────────────────────────────────────────────────
    test-results/specs-guitar-navigation-Gu-844c6-navigation-bar-on-all-pages-mobile-chrome/test-failed-1.png
    ────────────────────────────────────────────────────────────────────────────────────────────────

    attachment #2: video (video/webm) ──────────────────────────────────────────────────────────────
    test-results/specs-guitar-navigation-Gu-844c6-navigation-bar-on-all-pages-mobile-chrome/video.webm
    ────────────────────────────────────────────────────────────────────────────────────────────────

    Error Context: test-results/specs-guitar-navigation-Gu-844c6-navigation-bar-on-all-pages-mobile-chrome/error-context.md

  50) [mobile-chrome] › tests/specs/guitar-navigation.spec.js:50:3 › Guitar Platform Navigation Tests › should highlight active route on FretVision page 

    Error: [2mexpect([22m[31mlocator[39m[2m).[22mtoBeVisible[2m([22m[2m)[22m failed

    Locator: locator('nav a:has-text("FretVision")')
    Expected: visible
    Timeout: 5000ms
    Error: element(s) not found

    Call log:
    [2m  - Expect "toBeVisible" with timeout 5000ms[22m
    [2m  - waiting for locator('nav a:has-text("FretVision")')[22m


      54 |     // FretVision link should have active class (bg-green-500)
      55 |     const fretVisionLink = page.locator('nav a:has-text("FretVision")');
    > 56 |     await expect(fretVisionLink).toBeVisible();
         |                                  ^
      57 |
      58 |     const classes = await fretVisionLink.getAttribute('class');
      59 |     expect(classes).toContain('bg-green-500');
        at /Users/matthewscott/Projects/projectlavos-monorepo/tests/specs/guitar-navigation.spec.js:56:34

    attachment #1: screenshot (image/png) ──────────────────────────────────────────────────────────
    test-results/specs-guitar-navigation-Gu-26e36-ve-route-on-FretVision-page-mobile-chrome/test-failed-1.png
    ────────────────────────────────────────────────────────────────────────────────────────────────

    attachment #2: video (video/webm) ──────────────────────────────────────────────────────────────
    test-results/specs-guitar-navigation-Gu-26e36-ve-route-on-FretVision-page-mobile-chrome/video.webm
    ────────────────────────────────────────────────────────────────────────────────────────────────

    Error Context: test-results/specs-guitar-navigation-Gu-26e36-ve-route-on-FretVision-page-mobile-chrome/error-context.md

  51) [mobile-chrome] › tests/specs/guitar-navigation.spec.js:63:3 › Guitar Platform Navigation Tests › should highlight active route on Tab Player page 

    Error: [2mexpect([22m[31mlocator[39m[2m).[22mtoBeVisible[2m([22m[2m)[22m failed

    Locator: locator('nav a:has-text("Tab Player")')
    Expected: visible
    Timeout: 5000ms
    Error: element(s) not found

    Call log:
    [2m  - Expect "toBeVisible" with timeout 5000ms[22m
    [2m  - waiting for locator('nav a:has-text("Tab Player")')[22m


      67 |     // Tab Player link should have active class (bg-blue-500)
      68 |     const tabPlayerLink = page.locator('nav a:has-text("Tab Player")');
    > 69 |     await expect(tabPlayerLink).toBeVisible();
         |                                 ^
      70 |
      71 |     const classes = await tabPlayerLink.getAttribute('class');
      72 |     expect(classes).toContain('bg-blue-500');
        at /Users/matthewscott/Projects/projectlavos-monorepo/tests/specs/guitar-navigation.spec.js:69:33

    attachment #1: screenshot (image/png) ──────────────────────────────────────────────────────────
    test-results/specs-guitar-navigation-Gu-93ede-ve-route-on-Tab-Player-page-mobile-chrome/test-failed-1.png
    ────────────────────────────────────────────────────────────────────────────────────────────────

    attachment #2: video (video/webm) ──────────────────────────────────────────────────────────────
    test-results/specs-guitar-navigation-Gu-93ede-ve-route-on-Tab-Player-page-mobile-chrome/video.webm
    ────────────────────────────────────────────────────────────────────────────────────────────────

    Error Context: test-results/specs-guitar-navigation-Gu-93ede-ve-route-on-Tab-Player-page-mobile-chrome/error-context.md

  52) [mobile-chrome] › tests/specs/guitar-navigation.spec.js:76:3 › Guitar Platform Navigation Tests › should highlight active route on Catalog page 

    Error: [2mexpect([22m[31mlocator[39m[2m).[22mtoBeVisible[2m([22m[2m)[22m failed

    Locator: locator('nav a:has-text("Catalog")')
    Expected: visible
    Timeout: 5000ms
    Error: element(s) not found

    Call log:
    [2m  - Expect "toBeVisible" with timeout 5000ms[22m
    [2m  - waiting for locator('nav a:has-text("Catalog")')[22m


      80 |     // Catalog link should have active class (bg-purple-500)
      81 |     const catalogLink = page.locator('nav a:has-text("Catalog")');
    > 82 |     await expect(catalogLink).toBeVisible();
         |                               ^
      83 |
      84 |     const classes = await catalogLink.getAttribute('class');
      85 |     expect(classes).toContain('bg-purple-500');
        at /Users/matthewscott/Projects/projectlavos-monorepo/tests/specs/guitar-navigation.spec.js:82:31

    attachment #1: screenshot (image/png) ──────────────────────────────────────────────────────────
    test-results/specs-guitar-navigation-Gu-10de7-ctive-route-on-Catalog-page-mobile-chrome/test-failed-1.png
    ────────────────────────────────────────────────────────────────────────────────────────────────

    attachment #2: video (video/webm) ──────────────────────────────────────────────────────────────
    test-results/specs-guitar-navigation-Gu-10de7-ctive-route-on-Catalog-page-mobile-chrome/video.webm
    ────────────────────────────────────────────────────────────────────────────────────────────────

    Error Context: test-results/specs-guitar-navigation-Gu-10de7-ctive-route-on-Catalog-page-mobile-chrome/error-context.md

  53) [mobile-chrome] › tests/specs/guitar-navigation.spec.js:108:3 › Guitar Platform Navigation Tests › should navigate from FretVision to Tab Player 

    TimeoutError: page.click: Timeout 10000ms exceeded.
    Call log:
    [2m  - waiting for locator('nav a:has-text("Tab Player")')[22m


      111 |
      112 |     // Click Tab Player link in navbar
    > 113 |     await page.click('nav a:has-text("Tab Player")');
          |                ^
      114 |     await page.waitForURL('**/tabplayer');
      115 |     await page.waitForLoadState('networkidle');
      116 |
        at /Users/matthewscott/Projects/projectlavos-monorepo/tests/specs/guitar-navigation.spec.js:113:16

    attachment #1: screenshot (image/png) ──────────────────────────────────────────────────────────
    test-results/specs-guitar-navigation-Gu-28249-om-FretVision-to-Tab-Player-mobile-chrome/test-failed-1.png
    ────────────────────────────────────────────────────────────────────────────────────────────────

    attachment #2: video (video/webm) ──────────────────────────────────────────────────────────────
    test-results/specs-guitar-navigation-Gu-28249-om-FretVision-to-Tab-Player-mobile-chrome/video.webm
    ────────────────────────────────────────────────────────────────────────────────────────────────

    Error Context: test-results/specs-guitar-navigation-Gu-28249-om-FretVision-to-Tab-Player-mobile-chrome/error-context.md

  54) [mobile-chrome] › tests/specs/guitar-navigation.spec.js:127:3 › Guitar Platform Navigation Tests › should navigate from Tab Player to Catalog 

    TimeoutError: page.click: Timeout 10000ms exceeded.
    Call log:
    [2m  - waiting for locator('nav a:has-text("Catalog")')[22m


      130 |
      131 |     // Click Catalog link in navbar
    > 132 |     await page.click('nav a:has-text("Catalog")');
          |                ^
      133 |     await page.waitForURL('**/catalog');
      134 |     await page.waitForLoadState('networkidle');
      135 |
        at /Users/matthewscott/Projects/projectlavos-monorepo/tests/specs/guitar-navigation.spec.js:132:16

    attachment #1: screenshot (image/png) ──────────────────────────────────────────────────────────
    test-results/specs-guitar-navigation-Gu-e4134--from-Tab-Player-to-Catalog-mobile-chrome/test-failed-1.png
    ────────────────────────────────────────────────────────────────────────────────────────────────

    attachment #2: video (video/webm) ──────────────────────────────────────────────────────────────
    test-results/specs-guitar-navigation-Gu-e4134--from-Tab-Player-to-Catalog-mobile-chrome/video.webm
    ────────────────────────────────────────────────────────────────────────────────────────────────

    Error Context: test-results/specs-guitar-navigation-Gu-e4134--from-Tab-Player-to-Catalog-mobile-chrome/error-context.md

  55) [mobile-chrome] › tests/specs/guitar-navigation.spec.js:146:3 › Guitar Platform Navigation Tests › should navigate to Home when clicking logo 

    TimeoutError: page.click: Timeout 10000ms exceeded.
    Call log:
    [2m  - waiting for locator('nav a:has-text("Guitar Platform")')[22m


      150 |
      151 |     // Click logo
    > 152 |     await page.click('nav a:has-text("Guitar Platform")');
          |                ^
      153 |     await page.waitForURL(`${baseUrl}/`);
      154 |     await page.waitForLoadState('networkidle');
      155 |
        at /Users/matthewscott/Projects/projectlavos-monorepo/tests/specs/guitar-navigation.spec.js:152:16

    attachment #1: screenshot (image/png) ──────────────────────────────────────────────────────────
    test-results/specs-guitar-navigation-Gu-9e72e--to-Home-when-clicking-logo-mobile-chrome/test-failed-1.png
    ────────────────────────────────────────────────────────────────────────────────────────────────

    attachment #2: video (video/webm) ──────────────────────────────────────────────────────────────
    test-results/specs-guitar-navigation-Gu-9e72e--to-Home-when-clicking-logo-mobile-chrome/video.webm
    ────────────────────────────────────────────────────────────────────────────────────────────────

    Error Context: test-results/specs-guitar-navigation-Gu-9e72e--to-Home-when-clicking-logo-mobile-chrome/error-context.md

  56) [mobile-chrome] › tests/specs/guitar-navigation.spec.js:166:3 › Guitar Platform Navigation Tests › should load all pages successfully 

    Error: [2mexpect([22m[31mreceived[39m[2m).[22mtoBe[2m([22m[32mexpected[39m[2m) // Object.is equality[22m

    Expected: [32m200[39m
    Received: [31m404[39m

      169 |
      170 |       // Verify successful load
    > 171 |       expect(response.status()).toBe(200);
          |                                 ^
      172 |
      173 |       await page.waitForLoadState('networkidle');
      174 |
        at /Users/matthewscott/Projects/projectlavos-monorepo/tests/specs/guitar-navigation.spec.js:171:33

    attachment #1: screenshot (image/png) ──────────────────────────────────────────────────────────
    test-results/specs-guitar-navigation-Gu-e2b55-load-all-pages-successfully-mobile-chrome/test-failed-1.png
    ────────────────────────────────────────────────────────────────────────────────────────────────

    attachment #2: video (video/webm) ──────────────────────────────────────────────────────────────
    test-results/specs-guitar-navigation-Gu-e2b55-load-all-pages-successfully-mobile-chrome/video.webm
    ────────────────────────────────────────────────────────────────────────────────────────────────

    Error Context: test-results/specs-guitar-navigation-Gu-e2b55-load-all-pages-successfully-mobile-chrome/error-context.md

  57) [mobile-chrome] › tests/specs/guitar-navigation.spec.js:270:3 › Guitar Platform Navigation Tests › should have consistent dark theme across all pages 

    Error: page.evaluate: TypeError: Failed to execute 'getComputedStyle' on 'Window': parameter 1 is not of type 'Element'.
        at eval (eval at evaluate (:290:30), <anonymous>:3:23)
        at UtilityScript.evaluate (<anonymous>:292:16)
        at UtilityScript.<anonymous> (<anonymous>:1:44)
        at eval (eval at evaluate (:290:30), <anonymous>:3:23)
        at UtilityScript.evaluate (<anonymous>:292:16)
        at UtilityScript.<anonymous> (<anonymous>:1:44)
        at /Users/matthewscott/Projects/projectlavos-monorepo/tests/specs/guitar-navigation.spec.js:276:37

    attachment #1: screenshot (image/png) ──────────────────────────────────────────────────────────
    test-results/specs-guitar-navigation-Gu-b8a3c-dark-theme-across-all-pages-mobile-chrome/test-failed-1.png
    ────────────────────────────────────────────────────────────────────────────────────────────────

    attachment #2: video (video/webm) ──────────────────────────────────────────────────────────────
    test-results/specs-guitar-navigation-Gu-b8a3c-dark-theme-across-all-pages-mobile-chrome/video.webm
    ────────────────────────────────────────────────────────────────────────────────────────────────

    Error Context: test-results/specs-guitar-navigation-Gu-b8a3c-dark-theme-across-all-pages-mobile-chrome/error-context.md

  58) [mobile-chrome] › tests/specs/mobile-responsiveness.spec.js:87:3 › Mobile Responsiveness Tests › should display restaurant selection in single column on mobile 

    Error: [2mexpect([22m[31mlocator[39m[2m).[22mtoBeVisible[2m([22m[2m)[22m failed

    Locator: locator('.grid.grid-cols-1.md\\:grid-cols-2')
    Expected: visible
    Error: strict mode violation: locator('.grid.grid-cols-1.md\\:grid-cols-2') resolved to 2 elements:
        1) <div class="grid grid-cols-1 md:grid-cols-2 gap-8">…</div> aka locator('div').filter({ hasText: 'PhishGuard ML7-model ensemble' }).nth(3)
        2) <div class="grid grid-cols-1 md:grid-cols-2 gap-4">…</div> aka getByText('🍽️Jack Fry\'sUpscale Southern🥂Proof on MainContemporary American🍺')

    Call log:
    [2m  - Expect "toBeVisible" with timeout 5000ms[22m
    [2m  - waiting for locator('.grid.grid-cols-1.md\\:grid-cols-2')[22m


       96 |     // Check that restaurant buttons stack vertically
       97 |     const restaurantGrid = page.locator('.grid.grid-cols-1.md\\:grid-cols-2');
    >  98 |     await expect(restaurantGrid).toBeVisible();
          |                                  ^
       99 |
      100 |     // Verify buttons are tappable (large enough touch targets)
      101 |     const firstButton = page.locator('button:has-text("Jack Fry")').first();
        at /Users/matthewscott/Projects/projectlavos-monorepo/tests/specs/mobile-responsiveness.spec.js:98:34

    attachment #1: screenshot (image/png) ──────────────────────────────────────────────────────────
    test-results/specs-mobile-responsivenes-fa2c2--in-single-column-on-mobile-mobile-chrome/test-failed-1.png
    ────────────────────────────────────────────────────────────────────────────────────────────────

    attachment #2: video (video/webm) ──────────────────────────────────────────────────────────────
    test-results/specs-mobile-responsivenes-fa2c2--in-single-column-on-mobile-mobile-chrome/video.webm
    ────────────────────────────────────────────────────────────────────────────────────────────────

    Error Context: test-results/specs-mobile-responsivenes-fa2c2--in-single-column-on-mobile-mobile-chrome/error-context.md

  59) [mobile-chrome] › tests/specs/mobile-responsiveness.spec.js:198:3 › Mobile Responsiveness Tests › should have touch-friendly navigation on mobile 

    Error: [2mexpect([22m[31mreceived[39m[2m).[22mtoBeGreaterThanOrEqual[2m([22m[32mexpected[39m[2m)[22m

    Expected: >= [32m44[39m
    Received:    [31m32[39m

      206 |
      207 |     // Touch target should be sufficient (minimum 44px per accessibility guidelines)
    > 208 |     expect(cardBox.height).toBeGreaterThanOrEqual(44);
          |                            ^
      209 |     expect(cardBox.width).toBeGreaterThanOrEqual(44);
      210 |
      211 |     // Verify card is tappable
        at /Users/matthewscott/Projects/projectlavos-monorepo/tests/specs/mobile-responsiveness.spec.js:208:28

    attachment #1: screenshot (image/png) ──────────────────────────────────────────────────────────
    test-results/specs-mobile-responsivenes-a9b0f-iendly-navigation-on-mobile-mobile-chrome/test-failed-1.png
    ────────────────────────────────────────────────────────────────────────────────────────────────

    attachment #2: video (video/webm) ──────────────────────────────────────────────────────────────
    test-results/specs-mobile-responsivenes-a9b0f-iendly-navigation-on-mobile-mobile-chrome/video.webm
    ────────────────────────────────────────────────────────────────────────────────────────────────

    Error Context: test-results/specs-mobile-responsivenes-a9b0f-iendly-navigation-on-mobile-mobile-chrome/error-context.md

  60) [mobile-chrome] › tests/specs/mobile-responsiveness.spec.js:290:3 › Mobile Responsiveness Tests › should handle modal overflow on small viewports 

    Error: [2mexpect([22m[31mreceived[39m[2m).[22mtoBeLessThanOrEqual[2m([22m[32mexpected[39m[2m)[22m

    Expected: <= [32m320[39m
    Received:    [31m344[39m

      303 |     // Check that content doesn't overflow horizontally
      304 |     const modalWidth = await modal.evaluate(el => el.scrollWidth);
    > 305 |     expect(modalWidth).toBeLessThanOrEqual(320);
          |                        ^
      306 |   });
      307 | });
      308 |
        at /Users/matthewscott/Projects/projectlavos-monorepo/tests/specs/mobile-responsiveness.spec.js:305:24

    attachment #1: screenshot (image/png) ──────────────────────────────────────────────────────────
    test-results/specs-mobile-responsivenes-7beea-overflow-on-small-viewports-mobile-chrome/test-failed-1.png
    ────────────────────────────────────────────────────────────────────────────────────────────────

    attachment #2: video (video/webm) ──────────────────────────────────────────────────────────────
    test-results/specs-mobile-responsivenes-7beea-overflow-on-small-viewports-mobile-chrome/video.webm
    ────────────────────────────────────────────────────────────────────────────────────────────────

    Error Context: test-results/specs-mobile-responsivenes-7beea-overflow-on-small-viewports-mobile-chrome/error-context.md

  61) [mobile-chrome] › tests/specs/restaurant-analyzer.spec.js:69:3 › Restaurant Analyzer - Cross-Browser Tests › should analyze a restaurant and display results 

    Error: [2mexpect([22m[31mlocator[39m[2m).[22mtoBeVisible[2m([22m[2m)[22m failed

    Locator: locator('text=/[0-5]\\.[0-9]\\/5\\.0/').first()
    Expected: visible
    Timeout: 5000ms
    Error: element(s) not found

    Call log:
    [2m  - Expect "toBeVisible" with timeout 5000ms[22m
    [2m  - waiting for locator('text=/[0-5]\\.[0-9]\\/5\\.0/').first()[22m


      102 |     // Verify sentiment score is displayed (should be a number between 0-5)
      103 |     const sentimentScore = await page.locator('text=/[0-5]\\.[0-9]\\/5\\.0/').first();
    > 104 |     await expect(sentimentScore).toBeVisible();
          |                                  ^
      105 |
      106 |     // Take screenshot of results for visual verification
      107 |     await page.screenshot({
        at /Users/matthewscott/Projects/projectlavos-monorepo/tests/specs/restaurant-analyzer.spec.js:104:34

    attachment #1: screenshot (image/png) ──────────────────────────────────────────────────────────
    test-results/specs-restaurant-analyzer--97e66-taurant-and-display-results-mobile-chrome/test-failed-1.png
    ────────────────────────────────────────────────────────────────────────────────────────────────

    attachment #2: video (video/webm) ──────────────────────────────────────────────────────────────
    test-results/specs-restaurant-analyzer--97e66-taurant-and-display-results-mobile-chrome/video.webm
    ────────────────────────────────────────────────────────────────────────────────────────────────

    Error Context: test-results/specs-restaurant-analyzer--97e66-taurant-and-display-results-mobile-chrome/error-context.md

  62) [mobile-safari] › tests/cross-subdomain.spec.js:49:3 › Cross-Subdomain Navigation › should open email with subject "10-Hour Question" from about page 

    Error: browserContext.waitForEvent: Test ended.

      49 |   test('should open email with subject "10-Hour Question" from about page', async ({ page, context }) => {
      50 |     // Track new page/popup openings
    > 51 |     const pagePromise = context.waitForEvent('page');
         |                                 ^
      52 |
      53 |     await page.goto(subdomains.about);
      54 |
        at /Users/matthewscott/Projects/projectlavos-monorepo/tests/cross-subdomain.spec.js:51:33

    attachment #1: screenshot (image/png) ──────────────────────────────────────────────────────────
    test-results/cross-subdomain-Cross-Subd-f5446-ur-Question-from-about-page-mobile-safari/test-failed-1.png
    ────────────────────────────────────────────────────────────────────────────────────────────────

    attachment #2: video (video/webm) ──────────────────────────────────────────────────────────────
    test-results/cross-subdomain-Cross-Subd-f5446-ur-Question-from-about-page-mobile-safari/video.webm
    ────────────────────────────────────────────────────────────────────────────────────────────────

  63) [mobile-safari] › tests/cross-subdomain.spec.js:68:3 › Cross-Subdomain Navigation › should display 10-Hour Question prominently on about page 

    Error: [2mexpect([22m[31mlocator[39m[2m).[22mtoBeVisible[2m([22m[2m)[22m failed

    Locator: locator('text=/10.*hour.*question/i, text=/what.*taking.*10.*hour/i').first()
    Expected: visible
    Timeout: 5000ms
    Error: element(s) not found

    Call log:
    [2m  - Expect "toBeVisible" with timeout 5000ms[22m
    [2m  - waiting for locator('text=/10.*hour.*question/i, text=/what.*taking.*10.*hour/i').first()[22m


      71 |     // Look for 10-Hour Question in hero section (item 22)
      72 |     const tenHourQuestion = page.locator('text=/10.*hour.*question/i, text=/what.*taking.*10.*hour/i').first();
    > 73 |     await expect(tenHourQuestion).toBeVisible({ timeout: 5000 });
         |                                   ^
      74 |
      75 |     // Should be in prominent position (top 50% of viewport)
      76 |     const box = await tenHourQuestion.boundingBox();
        at /Users/matthewscott/Projects/projectlavos-monorepo/tests/cross-subdomain.spec.js:73:35

    attachment #1: screenshot (image/png) ──────────────────────────────────────────────────────────
    test-results/cross-subdomain-Cross-Subd-568c8-n-prominently-on-about-page-mobile-safari/test-failed-1.png
    ────────────────────────────────────────────────────────────────────────────────────────────────

    attachment #2: video (video/webm) ──────────────────────────────────────────────────────────────
    test-results/cross-subdomain-Cross-Subd-568c8-n-prominently-on-about-page-mobile-safari/video.webm
    ────────────────────────────────────────────────────────────────────────────────────────────────

    Error Context: test-results/cross-subdomain-Cross-Subd-568c8-n-prominently-on-about-page-mobile-safari/error-context.md

  64) [mobile-safari] › tests/cross-subdomain.spec.js:128:3 › Cross-Subdomain Navigation › should maintain consistent navigation across all subdomains 

    Error: [2mexpect([22m[31mreceived[39m[2m).[22mtoBeGreaterThan[2m([22m[32mexpected[39m[2m)[22m

    Expected: > [32m0[39m
    Received:   [31m0[39m

      139 |       // Should have links to other subdomains
      140 |       const links = await page.locator('nav a, header a').count();
    > 141 |       expect(links).toBeGreaterThan(0);
          |                     ^
      142 |     }
      143 |   });
      144 |
        at /Users/matthewscott/Projects/projectlavos-monorepo/tests/cross-subdomain.spec.js:141:21

    attachment #1: screenshot (image/png) ──────────────────────────────────────────────────────────
    test-results/cross-subdomain-Cross-Subd-cec9e-ation-across-all-subdomains-mobile-safari/test-failed-1.png
    ────────────────────────────────────────────────────────────────────────────────────────────────

    attachment #2: video (video/webm) ──────────────────────────────────────────────────────────────
    test-results/cross-subdomain-Cross-Subd-cec9e-ation-across-all-subdomains-mobile-safari/video.webm
    ────────────────────────────────────────────────────────────────────────────────────────────────

    Error Context: test-results/cross-subdomain-Cross-Subd-cec9e-ation-across-all-subdomains-mobile-safari/error-context.md

  65) [mobile-safari] › tests/restaurant-analyzer.spec.js:13:3 › Restaurant Analyzer - Desktop Chrome › should load demos page successfully 

    Error: [2mexpect([22m[31mlocator[39m[2m).[22mtoContainText[2m([22m[32mexpected[39m[2m)[22m failed

    Locator: locator('h1')
    Expected pattern: [32m/demo/i[39m
    Received string:  [31m"Matthew Scott"[39m
    Timeout: 5000ms

    Call log:
    [2m  - Expect "toContainText" with timeout 5000ms[22m
    [2m  - waiting for locator('h1')[22m
    [2m    9 × locator resolved to <h1 class="text-5xl md:text-7xl font-black px-12 py-6 bg-white text-lavos-blue border-4 border-lavos-black shadow-brutal-lg">Matthew Scott</h1>[22m
    [2m      - unexpected value "Matthew Scott"[22m


      13 |   test('should load demos page successfully', async ({ page }) => {
      14 |     await expect(page).toHaveTitle(/Project Lavos/i);
    > 15 |     await expect(page.locator('h1')).toContainText(/demo/i);
         |                                      ^
      16 |   });
      17 |
      18 |   test('should display Restaurant Analyzer demo', async ({ page }) => {
        at /Users/matthewscott/Projects/projectlavos-monorepo/tests/restaurant-analyzer.spec.js:15:38

    attachment #1: screenshot (image/png) ──────────────────────────────────────────────────────────
    test-results/restaurant-analyzer-Restau-b565a-oad-demos-page-successfully-mobile-safari/test-failed-1.png
    ────────────────────────────────────────────────────────────────────────────────────────────────

    attachment #2: video (video/webm) ──────────────────────────────────────────────────────────────
    test-results/restaurant-analyzer-Restau-b565a-oad-demos-page-successfully-mobile-safari/video.webm
    ────────────────────────────────────────────────────────────────────────────────────────────────

    Error Context: test-results/restaurant-analyzer-Restau-b565a-oad-demos-page-successfully-mobile-safari/error-context.md

  66) [mobile-safari] › tests/restaurant-analyzer.spec.js:24:3 › Restaurant Analyzer - Desktop Chrome › should analyze Jack Fry's restaurant 

    Error: locator.selectOption: options[0].label: expected string, got object

      29 |     const dropdown = page.locator('select').first();
      30 |     if (await dropdown.isVisible({ timeout: 2000 }).catch(() => false)) {
    > 31 |       await dropdown.selectOption({ label: /Jack.*Fry/i });
         |                      ^
      32 |     } else if (await jackFrysButton.isVisible({ timeout: 2000 }).catch(() => false)) {
      33 |       await jackFrysButton.click();
      34 |     }
        at /Users/matthewscott/Projects/projectlavos-monorepo/tests/restaurant-analyzer.spec.js:31:22

    attachment #1: screenshot (image/png) ──────────────────────────────────────────────────────────
    test-results/restaurant-analyzer-Restau-51d37-alyze-Jack-Fry-s-restaurant-mobile-safari/test-failed-1.png
    ────────────────────────────────────────────────────────────────────────────────────────────────

    attachment #2: video (video/webm) ──────────────────────────────────────────────────────────────
    test-results/restaurant-analyzer-Restau-51d37-alyze-Jack-Fry-s-restaurant-mobile-safari/video.webm
    ────────────────────────────────────────────────────────────────────────────────────────────────

    Error Context: test-results/restaurant-analyzer-Restau-51d37-alyze-Jack-Fry-s-restaurant-mobile-safari/error-context.md

  67) [mobile-safari] › tests/specs/cross-subdomain-navigation.spec.js:6:3 › Cross-Subdomain Navigation Tests › should navigate from demos to main site 

    Error: [2mexpect([22m[31mreceived[39m[2m).[22mnot[2m.[22mtoContain[2m([22m[32mexpected[39m[2m) // indexOf[22m

    Expected substring: not [32m"demos."[39m
    Received string:        [31m"https://[7mdemos.[27mprojectlavos.com/"[39m

      20 |       // Verify we're on main site
      21 |       expect(page.url()).toContain('projectlavos.com');
    > 22 |       expect(page.url()).not.toContain('demos.');
         |                              ^
      23 |       expect(page.url()).not.toContain('about.');
      24 |       expect(page.url()).not.toContain('services.');
      25 |     }
        at /Users/matthewscott/Projects/projectlavos-monorepo/tests/specs/cross-subdomain-navigation.spec.js:22:30

    attachment #1: screenshot (image/png) ──────────────────────────────────────────────────────────
    test-results/specs-cross-subdomain-navi-8e288-ate-from-demos-to-main-site-mobile-safari/test-failed-1.png
    ────────────────────────────────────────────────────────────────────────────────────────────────

    attachment #2: video (video/webm) ──────────────────────────────────────────────────────────────
    test-results/specs-cross-subdomain-navi-8e288-ate-from-demos-to-main-site-mobile-safari/video.webm
    ────────────────────────────────────────────────────────────────────────────────────────────────

    Error Context: test-results/specs-cross-subdomain-navi-8e288-ate-from-demos-to-main-site-mobile-safari/error-context.md

  68) [mobile-safari] › tests/specs/error-states.spec.js:11:3 › Error State Testing › should display error message when API is unavailable 

    Error: [2mexpect([22m[31mlocator[39m[2m).[22mtoBeVisible[2m([22m[2m)[22m failed

    Locator: locator('text=/cannot connect|network|failed/i')
    Expected: visible
    Timeout: 5000ms
    Error: element(s) not found

    Call log:
    [2m  - Expect "toBeVisible" with timeout 5000ms[22m
    [2m  - waiting for locator('text=/cannot connect|network|failed/i')[22m


      30 |
      31 |     // Verify error text is user-friendly
    > 32 |     await expect(page.locator('text=/cannot connect|network|failed/i')).toBeVisible();
         |                                                                         ^
      33 |
      34 |     // Verify "Try Again" button is present
      35 |     const retryButton = page.locator('button:has-text("Try Again")');
        at /Users/matthewscott/Projects/projectlavos-monorepo/tests/specs/error-states.spec.js:32:73

    attachment #1: screenshot (image/png) ──────────────────────────────────────────────────────────
    test-results/specs-error-states-Error-S-14ab5-age-when-API-is-unavailable-mobile-safari/test-failed-1.png
    ────────────────────────────────────────────────────────────────────────────────────────────────

    attachment #2: video (video/webm) ──────────────────────────────────────────────────────────────
    test-results/specs-error-states-Error-S-14ab5-age-when-API-is-unavailable-mobile-safari/video.webm
    ────────────────────────────────────────────────────────────────────────────────────────────────

    Error Context: test-results/specs-error-states-Error-S-14ab5-age-when-API-is-unavailable-mobile-safari/error-context.md

  69) [mobile-safari] › tests/specs/error-states.spec.js:98:3 › Error State Testing › should handle 502 bad gateway error 

    Error: [2mexpect([22m[31mlocator[39m[2m).[22mtoBeVisible[2m([22m[2m)[22m failed

    Locator: locator('text=/server error|try again/i')
    Expected: visible
    Error: strict mode violation: locator('text=/server error|try again/i') resolved to 2 elements:
        1) <strong class="text-red-700 block mb-2">⚠️ Server error. Our team has been notified. Plea…</strong> aka getByText('⚠️ Server error. Our team has')
        2) <button class="mt-2 bg-red-600 text-white px-4 py-2 rounded-sm font-semibold hover:bg-red-700 transition-colors disabled:opacity-50">Try Again</button> aka getByRole('button', { name: 'Try Again' })

    Call log:
    [2m  - Expect "toBeVisible" with timeout 10000ms[22m
    [2m  - waiting for locator('text=/server error|try again/i')[22m


      115 |
      116 |     // Verify error message
    > 117 |     await expect(page.locator('text=/server error|try again/i')).toBeVisible({ timeout: 10000 });
          |                                                                  ^
      118 |   });
      119 |
      120 |   test('should allow retry after error', async ({ page, context }) => {
        at /Users/matthewscott/Projects/projectlavos-monorepo/tests/specs/error-states.spec.js:117:66

    attachment #1: screenshot (image/png) ──────────────────────────────────────────────────────────
    test-results/specs-error-states-Error-S-b1460-andle-502-bad-gateway-error-mobile-safari/test-failed-1.png
    ────────────────────────────────────────────────────────────────────────────────────────────────

    attachment #2: video (video/webm) ──────────────────────────────────────────────────────────────
    test-results/specs-error-states-Error-S-b1460-andle-502-bad-gateway-error-mobile-safari/video.webm
    ────────────────────────────────────────────────────────────────────────────────────────────────

    Error Context: test-results/specs-error-states-Error-S-b1460-andle-502-bad-gateway-error-mobile-safari/error-context.md

  70) [mobile-safari] › tests/specs/guitar-navigation.spec.js:13:3 › Guitar Platform Navigation Tests › should display navigation bar on all pages 

    Error: [2mexpect([22m[31mlocator[39m[2m).[22mtoBeVisible[2m([22m[2m)[22m failed

    Locator: locator('nav.bg-gray-800')
    Expected: visible
    Timeout: 5000ms
    Error: element(s) not found

    Call log:
    [2m  - Expect "toBeVisible" with timeout 5000ms[22m
    [2m  - waiting for locator('nav.bg-gray-800')[22m


      18 |       // Navigation bar should be visible
      19 |       const nav = page.locator('nav.bg-gray-800');
    > 20 |       await expect(nav).toBeVisible();
         |                         ^
      21 |
      22 |       // Should have sticky positioning
      23 |       const navClasses = await nav.getAttribute('class');
        at /Users/matthewscott/Projects/projectlavos-monorepo/tests/specs/guitar-navigation.spec.js:20:25

    attachment #1: screenshot (image/png) ──────────────────────────────────────────────────────────
    test-results/specs-guitar-navigation-Gu-844c6-navigation-bar-on-all-pages-mobile-safari/test-failed-1.png
    ────────────────────────────────────────────────────────────────────────────────────────────────

    attachment #2: video (video/webm) ──────────────────────────────────────────────────────────────
    test-results/specs-guitar-navigation-Gu-844c6-navigation-bar-on-all-pages-mobile-safari/video.webm
    ────────────────────────────────────────────────────────────────────────────────────────────────

    Error Context: test-results/specs-guitar-navigation-Gu-844c6-navigation-bar-on-all-pages-mobile-safari/error-context.md

  71) [mobile-safari] › tests/specs/guitar-navigation.spec.js:50:3 › Guitar Platform Navigation Tests › should highlight active route on FretVision page 

    Error: [2mexpect([22m[31mlocator[39m[2m).[22mtoBeVisible[2m([22m[2m)[22m failed

    Locator: locator('nav a:has-text("FretVision")')
    Expected: visible
    Timeout: 5000ms
    Error: element(s) not found

    Call log:
    [2m  - Expect "toBeVisible" with timeout 5000ms[22m
    [2m  - waiting for locator('nav a:has-text("FretVision")')[22m


      54 |     // FretVision link should have active class (bg-green-500)
      55 |     const fretVisionLink = page.locator('nav a:has-text("FretVision")');
    > 56 |     await expect(fretVisionLink).toBeVisible();
         |                                  ^
      57 |
      58 |     const classes = await fretVisionLink.getAttribute('class');
      59 |     expect(classes).toContain('bg-green-500');
        at /Users/matthewscott/Projects/projectlavos-monorepo/tests/specs/guitar-navigation.spec.js:56:34

    attachment #1: screenshot (image/png) ──────────────────────────────────────────────────────────
    test-results/specs-guitar-navigation-Gu-26e36-ve-route-on-FretVision-page-mobile-safari/test-failed-1.png
    ────────────────────────────────────────────────────────────────────────────────────────────────

    attachment #2: video (video/webm) ──────────────────────────────────────────────────────────────
    test-results/specs-guitar-navigation-Gu-26e36-ve-route-on-FretVision-page-mobile-safari/video.webm
    ────────────────────────────────────────────────────────────────────────────────────────────────

    Error Context: test-results/specs-guitar-navigation-Gu-26e36-ve-route-on-FretVision-page-mobile-safari/error-context.md

  72) [mobile-safari] › tests/specs/guitar-navigation.spec.js:63:3 › Guitar Platform Navigation Tests › should highlight active route on Tab Player page 

    Error: [2mexpect([22m[31mlocator[39m[2m).[22mtoBeVisible[2m([22m[2m)[22m failed

    Locator: locator('nav a:has-text("Tab Player")')
    Expected: visible
    Timeout: 5000ms
    Error: element(s) not found

    Call log:
    [2m  - Expect "toBeVisible" with timeout 5000ms[22m
    [2m  - waiting for locator('nav a:has-text("Tab Player")')[22m


      67 |     // Tab Player link should have active class (bg-blue-500)
      68 |     const tabPlayerLink = page.locator('nav a:has-text("Tab Player")');
    > 69 |     await expect(tabPlayerLink).toBeVisible();
         |                                 ^
      70 |
      71 |     const classes = await tabPlayerLink.getAttribute('class');
      72 |     expect(classes).toContain('bg-blue-500');
        at /Users/matthewscott/Projects/projectlavos-monorepo/tests/specs/guitar-navigation.spec.js:69:33

    attachment #1: screenshot (image/png) ──────────────────────────────────────────────────────────
    test-results/specs-guitar-navigation-Gu-93ede-ve-route-on-Tab-Player-page-mobile-safari/test-failed-1.png
    ────────────────────────────────────────────────────────────────────────────────────────────────

    attachment #2: video (video/webm) ──────────────────────────────────────────────────────────────
    test-results/specs-guitar-navigation-Gu-93ede-ve-route-on-Tab-Player-page-mobile-safari/video.webm
    ────────────────────────────────────────────────────────────────────────────────────────────────

    Error Context: test-results/specs-guitar-navigation-Gu-93ede-ve-route-on-Tab-Player-page-mobile-safari/error-context.md

  73) [mobile-safari] › tests/specs/guitar-navigation.spec.js:76:3 › Guitar Platform Navigation Tests › should highlight active route on Catalog page 

    Error: [2mexpect([22m[31mlocator[39m[2m).[22mtoBeVisible[2m([22m[2m)[22m failed

    Locator: locator('nav a:has-text("Catalog")')
    Expected: visible
    Timeout: 5000ms
    Error: element(s) not found

    Call log:
    [2m  - Expect "toBeVisible" with timeout 5000ms[22m
    [2m  - waiting for locator('nav a:has-text("Catalog")')[22m


      80 |     // Catalog link should have active class (bg-purple-500)
      81 |     const catalogLink = page.locator('nav a:has-text("Catalog")');
    > 82 |     await expect(catalogLink).toBeVisible();
         |                               ^
      83 |
      84 |     const classes = await catalogLink.getAttribute('class');
      85 |     expect(classes).toContain('bg-purple-500');
        at /Users/matthewscott/Projects/projectlavos-monorepo/tests/specs/guitar-navigation.spec.js:82:31

    attachment #1: screenshot (image/png) ──────────────────────────────────────────────────────────
    test-results/specs-guitar-navigation-Gu-10de7-ctive-route-on-Catalog-page-mobile-safari/test-failed-1.png
    ────────────────────────────────────────────────────────────────────────────────────────────────

    attachment #2: video (video/webm) ──────────────────────────────────────────────────────────────
    test-results/specs-guitar-navigation-Gu-10de7-ctive-route-on-Catalog-page-mobile-safari/video.webm
    ────────────────────────────────────────────────────────────────────────────────────────────────

    Error Context: test-results/specs-guitar-navigation-Gu-10de7-ctive-route-on-Catalog-page-mobile-safari/error-context.md

  74) [mobile-safari] › tests/specs/guitar-navigation.spec.js:108:3 › Guitar Platform Navigation Tests › should navigate from FretVision to Tab Player 

    TimeoutError: page.click: Timeout 10000ms exceeded.
    Call log:
    [2m  - waiting for locator('nav a:has-text("Tab Player")')[22m


      111 |
      112 |     // Click Tab Player link in navbar
    > 113 |     await page.click('nav a:has-text("Tab Player")');
          |                ^
      114 |     await page.waitForURL('**/tabplayer');
      115 |     await page.waitForLoadState('networkidle');
      116 |
        at /Users/matthewscott/Projects/projectlavos-monorepo/tests/specs/guitar-navigation.spec.js:113:16

    attachment #1: screenshot (image/png) ──────────────────────────────────────────────────────────
    test-results/specs-guitar-navigation-Gu-28249-om-FretVision-to-Tab-Player-mobile-safari/test-failed-1.png
    ────────────────────────────────────────────────────────────────────────────────────────────────

    attachment #2: video (video/webm) ──────────────────────────────────────────────────────────────
    test-results/specs-guitar-navigation-Gu-28249-om-FretVision-to-Tab-Player-mobile-safari/video.webm
    ────────────────────────────────────────────────────────────────────────────────────────────────

    Error Context: test-results/specs-guitar-navigation-Gu-28249-om-FretVision-to-Tab-Player-mobile-safari/error-context.md

  75) [mobile-safari] › tests/specs/guitar-navigation.spec.js:127:3 › Guitar Platform Navigation Tests › should navigate from Tab Player to Catalog 

    TimeoutError: page.click: Timeout 10000ms exceeded.
    Call log:
    [2m  - waiting for locator('nav a:has-text("Catalog")')[22m


      130 |
      131 |     // Click Catalog link in navbar
    > 132 |     await page.click('nav a:has-text("Catalog")');
          |                ^
      133 |     await page.waitForURL('**/catalog');
      134 |     await page.waitForLoadState('networkidle');
      135 |
        at /Users/matthewscott/Projects/projectlavos-monorepo/tests/specs/guitar-navigation.spec.js:132:16

    attachment #1: screenshot (image/png) ──────────────────────────────────────────────────────────
    test-results/specs-guitar-navigation-Gu-e4134--from-Tab-Player-to-Catalog-mobile-safari/test-failed-1.png
    ────────────────────────────────────────────────────────────────────────────────────────────────

    attachment #2: video (video/webm) ──────────────────────────────────────────────────────────────
    test-results/specs-guitar-navigation-Gu-e4134--from-Tab-Player-to-Catalog-mobile-safari/video.webm
    ────────────────────────────────────────────────────────────────────────────────────────────────

    Error Context: test-results/specs-guitar-navigation-Gu-e4134--from-Tab-Player-to-Catalog-mobile-safari/error-context.md

  76) [mobile-safari] › tests/specs/guitar-navigation.spec.js:146:3 › Guitar Platform Navigation Tests › should navigate to Home when clicking logo 

    TimeoutError: page.click: Timeout 10000ms exceeded.
    Call log:
    [2m  - waiting for locator('nav a:has-text("Guitar Platform")')[22m


      150 |
      151 |     // Click logo
    > 152 |     await page.click('nav a:has-text("Guitar Platform")');
          |                ^
      153 |     await page.waitForURL(`${baseUrl}/`);
      154 |     await page.waitForLoadState('networkidle');
      155 |
        at /Users/matthewscott/Projects/projectlavos-monorepo/tests/specs/guitar-navigation.spec.js:152:16

    attachment #1: screenshot (image/png) ──────────────────────────────────────────────────────────
    test-results/specs-guitar-navigation-Gu-9e72e--to-Home-when-clicking-logo-mobile-safari/test-failed-1.png
    ────────────────────────────────────────────────────────────────────────────────────────────────

    attachment #2: video (video/webm) ──────────────────────────────────────────────────────────────
    test-results/specs-guitar-navigation-Gu-9e72e--to-Home-when-clicking-logo-mobile-safari/video.webm
    ────────────────────────────────────────────────────────────────────────────────────────────────

    Error Context: test-results/specs-guitar-navigation-Gu-9e72e--to-Home-when-clicking-logo-mobile-safari/error-context.md

  77) [mobile-safari] › tests/specs/guitar-navigation.spec.js:166:3 › Guitar Platform Navigation Tests › should load all pages successfully 

    Error: [2mexpect([22m[31mreceived[39m[2m).[22mtoBe[2m([22m[32mexpected[39m[2m) // Object.is equality[22m

    Expected: [32m200[39m
    Received: [31m404[39m

      169 |
      170 |       // Verify successful load
    > 171 |       expect(response.status()).toBe(200);
          |                                 ^
      172 |
      173 |       await page.waitForLoadState('networkidle');
      174 |
        at /Users/matthewscott/Projects/projectlavos-monorepo/tests/specs/guitar-navigation.spec.js:171:33

    attachment #1: screenshot (image/png) ──────────────────────────────────────────────────────────
    test-results/specs-guitar-navigation-Gu-e2b55-load-all-pages-successfully-mobile-safari/test-failed-1.png
    ────────────────────────────────────────────────────────────────────────────────────────────────

    attachment #2: video (video/webm) ──────────────────────────────────────────────────────────────
    test-results/specs-guitar-navigation-Gu-e2b55-load-all-pages-successfully-mobile-safari/video.webm
    ────────────────────────────────────────────────────────────────────────────────────────────────

    Error Context: test-results/specs-guitar-navigation-Gu-e2b55-load-all-pages-successfully-mobile-safari/error-context.md

  78) [mobile-safari] › tests/specs/guitar-navigation.spec.js:270:3 › Guitar Platform Navigation Tests › should have consistent dark theme across all pages 

    Error: page.evaluate: TypeError: Argument 1 ('element') to Window.getComputedStyle must be an instance of Element

      274 |
      275 |       // Navigation should have dark background
    > 276 |       const navBgColor = await page.evaluate(() => {
          |                                     ^
      277 |         const nav = document.querySelector('nav.bg-gray-800');
      278 |         return window.getComputedStyle(nav).backgroundColor;
      279 |       });
        at /Users/matthewscott/Projects/projectlavos-monorepo/tests/specs/guitar-navigation.spec.js:276:37

    attachment #1: screenshot (image/png) ──────────────────────────────────────────────────────────
    test-results/specs-guitar-navigation-Gu-b8a3c-dark-theme-across-all-pages-mobile-safari/test-failed-1.png
    ────────────────────────────────────────────────────────────────────────────────────────────────

    attachment #2: video (video/webm) ──────────────────────────────────────────────────────────────
    test-results/specs-guitar-navigation-Gu-b8a3c-dark-theme-across-all-pages-mobile-safari/video.webm
    ────────────────────────────────────────────────────────────────────────────────────────────────

    Error Context: test-results/specs-guitar-navigation-Gu-b8a3c-dark-theme-across-all-pages-mobile-safari/error-context.md

  79) [mobile-safari] › tests/specs/mobile-responsiveness.spec.js:87:3 › Mobile Responsiveness Tests › should display restaurant selection in single column on mobile 

    Error: [2mexpect([22m[31mlocator[39m[2m).[22mtoBeVisible[2m([22m[2m)[22m failed

    Locator: locator('.grid.grid-cols-1.md\\:grid-cols-2')
    Expected: visible
    Error: strict mode violation: locator('.grid.grid-cols-1.md\\:grid-cols-2') resolved to 2 elements:
        1) <div class="grid grid-cols-1 md:grid-cols-2 gap-8">…</div> aka locator('div').filter({ hasText: 'PhishGuard ML7-model ensemble' }).nth(3)
        2) <div class="grid grid-cols-1 md:grid-cols-2 gap-4">…</div> aka getByText('🍽️Jack Fry\'sUpscale Southern🥂Proof on MainContemporary American🍺')

    Call log:
    [2m  - Expect "toBeVisible" with timeout 5000ms[22m
    [2m  - waiting for locator('.grid.grid-cols-1.md\\:grid-cols-2')[22m


       96 |     // Check that restaurant buttons stack vertically
       97 |     const restaurantGrid = page.locator('.grid.grid-cols-1.md\\:grid-cols-2');
    >  98 |     await expect(restaurantGrid).toBeVisible();
          |                                  ^
       99 |
      100 |     // Verify buttons are tappable (large enough touch targets)
      101 |     const firstButton = page.locator('button:has-text("Jack Fry")').first();
        at /Users/matthewscott/Projects/projectlavos-monorepo/tests/specs/mobile-responsiveness.spec.js:98:34

    attachment #1: screenshot (image/png) ──────────────────────────────────────────────────────────
    test-results/specs-mobile-responsivenes-fa2c2--in-single-column-on-mobile-mobile-safari/test-failed-1.png
    ────────────────────────────────────────────────────────────────────────────────────────────────

    attachment #2: video (video/webm) ──────────────────────────────────────────────────────────────
    test-results/specs-mobile-responsivenes-fa2c2--in-single-column-on-mobile-mobile-safari/video.webm
    ────────────────────────────────────────────────────────────────────────────────────────────────

    Error Context: test-results/specs-mobile-responsivenes-fa2c2--in-single-column-on-mobile-mobile-safari/error-context.md

  80) [mobile-safari] › tests/specs/mobile-responsiveness.spec.js:198:3 › Mobile Responsiveness Tests › should have touch-friendly navigation on mobile 

    Error: [2mexpect([22m[31mreceived[39m[2m).[22mtoBeGreaterThanOrEqual[2m([22m[32mexpected[39m[2m)[22m

    Expected: >= [32m44[39m
    Received:    [31m32[39m

      206 |
      207 |     // Touch target should be sufficient (minimum 44px per accessibility guidelines)
    > 208 |     expect(cardBox.height).toBeGreaterThanOrEqual(44);
          |                            ^
      209 |     expect(cardBox.width).toBeGreaterThanOrEqual(44);
      210 |
      211 |     // Verify card is tappable
        at /Users/matthewscott/Projects/projectlavos-monorepo/tests/specs/mobile-responsiveness.spec.js:208:28

    attachment #1: screenshot (image/png) ──────────────────────────────────────────────────────────
    test-results/specs-mobile-responsivenes-a9b0f-iendly-navigation-on-mobile-mobile-safari/test-failed-1.png
    ────────────────────────────────────────────────────────────────────────────────────────────────

    attachment #2: video (video/webm) ──────────────────────────────────────────────────────────────
    test-results/specs-mobile-responsivenes-a9b0f-iendly-navigation-on-mobile-mobile-safari/video.webm
    ────────────────────────────────────────────────────────────────────────────────────────────────

    Error Context: test-results/specs-mobile-responsivenes-a9b0f-iendly-navigation-on-mobile-mobile-safari/error-context.md

  81) [mobile-safari] › tests/specs/restaurant-analyzer.spec.js:69:3 › Restaurant Analyzer - Cross-Browser Tests › should analyze a restaurant and display results 

    Error: [2mexpect([22m[31mlocator[39m[2m).[22mtoBeVisible[2m([22m[2m)[22m failed

    Locator: locator('text=/[0-5]\\.[0-9]\\/5\\.0/').first()
    Expected: visible
    Timeout: 5000ms
    Error: element(s) not found

    Call log:
    [2m  - Expect "toBeVisible" with timeout 5000ms[22m
    [2m  - waiting for locator('text=/[0-5]\\.[0-9]\\/5\\.0/').first()[22m


      102 |     // Verify sentiment score is displayed (should be a number between 0-5)
      103 |     const sentimentScore = await page.locator('text=/[0-5]\\.[0-9]\\/5\\.0/').first();
    > 104 |     await expect(sentimentScore).toBeVisible();
          |                                  ^
      105 |
      106 |     // Take screenshot of results for visual verification
      107 |     await page.screenshot({
        at /Users/matthewscott/Projects/projectlavos-monorepo/tests/specs/restaurant-analyzer.spec.js:104:34

    attachment #1: screenshot (image/png) ──────────────────────────────────────────────────────────
    test-results/specs-restaurant-analyzer--97e66-taurant-and-display-results-mobile-safari/test-failed-1.png
    ────────────────────────────────────────────────────────────────────────────────────────────────

    attachment #2: video (video/webm) ──────────────────────────────────────────────────────────────
    test-results/specs-restaurant-analyzer--97e66-taurant-and-display-results-mobile-safari/video.webm
    ────────────────────────────────────────────────────────────────────────────────────────────────

    Error Context: test-results/specs-restaurant-analyzer--97e66-taurant-and-display-results-mobile-safari/error-context.md

  81 failed
    [chromium] › tests/cross-subdomain.spec.js:49:3 › Cross-Subdomain Navigation › should open email with subject "10-Hour Question" from about page 
    [chromium] › tests/cross-subdomain.spec.js:68:3 › Cross-Subdomain Navigation › should display 10-Hour Question prominently on about page 
    [chromium] › tests/cross-subdomain.spec.js:128:3 › Cross-Subdomain Navigation › should maintain consistent navigation across all subdomains 
    [chromium] › tests/mobile-responsive.spec.js:72:3 › Mobile Responsiveness - iPhone › should be able to interact with Restaurant Analyzer on mobile 
    [chromium] › tests/restaurant-analyzer.spec.js:13:3 › Restaurant Analyzer - Desktop Chrome › should load demos page successfully 
    [chromium] › tests/restaurant-analyzer.spec.js:24:3 › Restaurant Analyzer - Desktop Chrome › should analyze Jack Fry's restaurant 
    [chromium] › tests/specs/cross-subdomain-navigation.spec.js:6:3 › Cross-Subdomain Navigation Tests › should navigate from demos to main site 
    [chromium] › tests/specs/error-states.spec.js:98:3 › Error State Testing › should handle 502 bad gateway error 
    [chromium] › tests/specs/guitar-navigation.spec.js:13:3 › Guitar Platform Navigation Tests › should display navigation bar on all pages 
    [chromium] › tests/specs/guitar-navigation.spec.js:50:3 › Guitar Platform Navigation Tests › should highlight active route on FretVision page 
    [chromium] › tests/specs/guitar-navigation.spec.js:63:3 › Guitar Platform Navigation Tests › should highlight active route on Tab Player page 
    [chromium] › tests/specs/guitar-navigation.spec.js:76:3 › Guitar Platform Navigation Tests › should highlight active route on Catalog page 
    [chromium] › tests/specs/guitar-navigation.spec.js:108:3 › Guitar Platform Navigation Tests › should navigate from FretVision to Tab Player 
    [chromium] › tests/specs/guitar-navigation.spec.js:127:3 › Guitar Platform Navigation Tests › should navigate from Tab Player to Catalog 
    [chromium] › tests/specs/guitar-navigation.spec.js:146:3 › Guitar Platform Navigation Tests › should navigate to Home when clicking logo 
    [chromium] › tests/specs/guitar-navigation.spec.js:166:3 › Guitar Platform Navigation Tests › should load all pages successfully 
    [chromium] › tests/specs/guitar-navigation.spec.js:270:3 › Guitar Platform Navigation Tests › should have consistent dark theme across all pages 
    [chromium] › tests/specs/mobile-responsiveness.spec.js:87:3 › Mobile Responsiveness Tests › should display restaurant selection in single column on mobile 
    [chromium] › tests/specs/mobile-responsiveness.spec.js:198:3 › Mobile Responsiveness Tests › should have touch-friendly navigation on mobile 
    [chromium] › tests/specs/restaurant-analyzer.spec.js:69:3 › Restaurant Analyzer - Cross-Browser Tests › should analyze a restaurant and display results 
    [webkit] › tests/cross-subdomain.spec.js:49:3 › Cross-Subdomain Navigation › should open email with subject "10-Hour Question" from about page 
    [webkit] › tests/cross-subdomain.spec.js:68:3 › Cross-Subdomain Navigation › should display 10-Hour Question prominently on about page 
    [webkit] › tests/cross-subdomain.spec.js:128:3 › Cross-Subdomain Navigation › should maintain consistent navigation across all subdomains 
    [webkit] › tests/mobile-responsive.spec.js:72:3 › Mobile Responsiveness - iPhone › should be able to interact with Restaurant Analyzer on mobile 
    [webkit] › tests/restaurant-analyzer.spec.js:13:3 › Restaurant Analyzer - Desktop Chrome › should load demos page successfully 
    [webkit] › tests/restaurant-analyzer.spec.js:24:3 › Restaurant Analyzer - Desktop Chrome › should analyze Jack Fry's restaurant 
    [webkit] › tests/specs/cross-subdomain-navigation.spec.js:6:3 › Cross-Subdomain Navigation Tests › should navigate from demos to main site 
    [webkit] › tests/specs/error-states.spec.js:11:3 › Error State Testing › should display error message when API is unavailable 
    [webkit] › tests/specs/error-states.spec.js:98:3 › Error State Testing › should handle 502 bad gateway error 
    [webkit] › tests/specs/guitar-navigation.spec.js:13:3 › Guitar Platform Navigation Tests › should display navigation bar on all pages 
    [webkit] › tests/specs/guitar-navigation.spec.js:50:3 › Guitar Platform Navigation Tests › should highlight active route on FretVision page 
    [webkit] › tests/specs/guitar-navigation.spec.js:63:3 › Guitar Platform Navigation Tests › should highlight active route on Tab Player page 
    [webkit] › tests/specs/guitar-navigation.spec.js:76:3 › Guitar Platform Navigation Tests › should highlight active route on Catalog page 
    [webkit] › tests/specs/guitar-navigation.spec.js:108:3 › Guitar Platform Navigation Tests › should navigate from FretVision to Tab Player 
    [webkit] › tests/specs/guitar-navigation.spec.js:127:3 › Guitar Platform Navigation Tests › should navigate from Tab Player to Catalog 
    [webkit] › tests/specs/guitar-navigation.spec.js:146:3 › Guitar Platform Navigation Tests › should navigate to Home when clicking logo 
    [webkit] › tests/specs/guitar-navigation.spec.js:166:3 › Guitar Platform Navigation Tests › should load all pages successfully 
    [webkit] › tests/specs/guitar-navigation.spec.js:270:3 › Guitar Platform Navigation Tests › should have consistent dark theme across all pages 
    [webkit] › tests/specs/mobile-responsiveness.spec.js:87:3 › Mobile Responsiveness Tests › should display restaurant selection in single column on mobile 
    [webkit] › tests/specs/mobile-responsiveness.spec.js:198:3 › Mobile Responsiveness Tests › should have touch-friendly navigation on mobile 
    [webkit] › tests/specs/restaurant-analyzer.spec.js:69:3 › Restaurant Analyzer - Cross-Browser Tests › should analyze a restaurant and display results 
    [mobile-chrome] › tests/cross-subdomain.spec.js:49:3 › Cross-Subdomain Navigation › should open email with subject "10-Hour Question" from about page 
    [mobile-chrome] › tests/cross-subdomain.spec.js:68:3 › Cross-Subdomain Navigation › should display 10-Hour Question prominently on about page 
    [mobile-chrome] › tests/cross-subdomain.spec.js:128:3 › Cross-Subdomain Navigation › should maintain consistent navigation across all subdomains 
    [mobile-chrome] › tests/restaurant-analyzer.spec.js:13:3 › Restaurant Analyzer - Desktop Chrome › should load demos page successfully 
    [mobile-chrome] › tests/restaurant-analyzer.spec.js:24:3 › Restaurant Analyzer - Desktop Chrome › should analyze Jack Fry's restaurant 
    [mobile-chrome] › tests/specs/cross-subdomain-navigation.spec.js:6:3 › Cross-Subdomain Navigation Tests › should navigate from demos to main site 
    [mobile-chrome] › tests/specs/error-states.spec.js:98:3 › Error State Testing › should handle 502 bad gateway error 
    [mobile-chrome] › tests/specs/guitar-navigation.spec.js:13:3 › Guitar Platform Navigation Tests › should display navigation bar on all pages 
    [mobile-chrome] › tests/specs/guitar-navigation.spec.js:50:3 › Guitar Platform Navigation Tests › should highlight active route on FretVision page 
    [mobile-chrome] › tests/specs/guitar-navigation.spec.js:63:3 › Guitar Platform Navigation Tests › should highlight active route on Tab Player page 
    [mobile-chrome] › tests/specs/guitar-navigation.spec.js:76:3 › Guitar Platform Navigation Tests › should highlight active route on Catalog page 
    [mobile-chrome] › tests/specs/guitar-navigation.spec.js:108:3 › Guitar Platform Navigation Tests › should navigate from FretVision to Tab Player 
    [mobile-chrome] › tests/specs/guitar-navigation.spec.js:127:3 › Guitar Platform Navigation Tests › should navigate from Tab Player to Catalog 
    [mobile-chrome] › tests/specs/guitar-navigation.spec.js:146:3 › Guitar Platform Navigation Tests › should navigate to Home when clicking logo 
    [mobile-chrome] › tests/specs/guitar-navigation.spec.js:166:3 › Guitar Platform Navigation Tests › should load all pages successfully 
    [mobile-chrome] › tests/specs/guitar-navigation.spec.js:270:3 › Guitar Platform Navigation Tests › should have consistent dark theme across all pages 
    [mobile-chrome] › tests/specs/mobile-responsiveness.spec.js:87:3 › Mobile Responsiveness Tests › should display restaurant selection in single column on mobile 
    [mobile-chrome] › tests/specs/mobile-responsiveness.spec.js:198:3 › Mobile Responsiveness Tests › should have touch-friendly navigation on mobile 
    [mobile-chrome] › tests/specs/mobile-responsiveness.spec.js:290:3 › Mobile Responsiveness Tests › should handle modal overflow on small viewports 
    [mobile-chrome] › tests/specs/restaurant-analyzer.spec.js:69:3 › Restaurant Analyzer - Cross-Browser Tests › should analyze a restaurant and display results 
    [mobile-safari] › tests/cross-subdomain.spec.js:49:3 › Cross-Subdomain Navigation › should open email with subject "10-Hour Question" from about page 
    [mobile-safari] › tests/cross-subdomain.spec.js:68:3 › Cross-Subdomain Navigation › should display 10-Hour Question prominently on about page 
    [mobile-safari] › tests/cross-subdomain.spec.js:128:3 › Cross-Subdomain Navigation › should maintain consistent navigation across all subdomains 
    [mobile-safari] › tests/restaurant-analyzer.spec.js:13:3 › Restaurant Analyzer - Desktop Chrome › should load demos page successfully 
    [mobile-safari] › tests/restaurant-analyzer.spec.js:24:3 › Restaurant Analyzer - Desktop Chrome › should analyze Jack Fry's restaurant 
    [mobile-safari] › tests/specs/cross-subdomain-navigation.spec.js:6:3 › Cross-Subdomain Navigation Tests › should navigate from demos to main site 
    [mobile-safari] › tests/specs/error-states.spec.js:11:3 › Error State Testing › should display error message when API is unavailable 
    [mobile-safari] › tests/specs/error-states.spec.js:98:3 › Error State Testing › should handle 502 bad gateway error 
    [mobile-safari] › tests/specs/guitar-navigation.spec.js:13:3 › Guitar Platform Navigation Tests › should display navigation bar on all pages 
    [mobile-safari] › tests/specs/guitar-navigation.spec.js:50:3 › Guitar Platform Navigation Tests › should highlight active route on FretVision page 
    [mobile-safari] › tests/specs/guitar-navigation.spec.js:63:3 › Guitar Platform Navigation Tests › should highlight active route on Tab Player page 
    [mobile-safari] › tests/specs/guitar-navigation.spec.js:76:3 › Guitar Platform Navigation Tests › should highlight active route on Catalog page 
    [mobile-safari] › tests/specs/guitar-navigation.spec.js:108:3 › Guitar Platform Navigation Tests › should navigate from FretVision to Tab Player 
    [mobile-safari] › tests/specs/guitar-navigation.spec.js:127:3 › Guitar Platform Navigation Tests › should navigate from Tab Player to Catalog 
    [mobile-safari] › tests/specs/guitar-navigation.spec.js:146:3 › Guitar Platform Navigation Tests › should navigate to Home when clicking logo 
    [mobile-safari] › tests/specs/guitar-navigation.spec.js:166:3 › Guitar Platform Navigation Tests › should load all pages successfully 
    [mobile-safari] › tests/specs/guitar-navigation.spec.js:270:3 › Guitar Platform Navigation Tests › should have consistent dark theme across all pages 
    [mobile-safari] › tests/specs/mobile-responsiveness.spec.js:87:3 › Mobile Responsiveness Tests › should display restaurant selection in single column on mobile 
    [mobile-safari] › tests/specs/mobile-responsiveness.spec.js:198:3 › Mobile Responsiveness Tests › should have touch-friendly navigation on mobile 
    [mobile-safari] › tests/specs/restaurant-analyzer.spec.js:69:3 › Restaurant Analyzer - Cross-Browser Tests › should analyze a restaurant and display results 
  323 passed (2.7m)


  1) [chromium] › tests/cross-subdomain.spec.js:49:3 › Cross-Subdomain Navigation › should open email with subject "10-Hour Question" from about page 

    Error: browserContext.waitForEvent: Test ended.

      49 |   test('should open email with subject "10-Hour Question" from about page', async ({ page, context }) => {
      50 |     // Track new page/popup openings
    > 51 |     const pagePromise = context.waitForEvent('page');
         |                                 ^
      52 |
      53 |     await page.goto(subdomains.about);
      54 |
        at /Users/matthewscott/Projects/projectlavos-monorepo/tests/cross-subdomain.spec.js:51:33

    attachment #1: screenshot (image/png) ──────────────────────────────────────────────────────────
    test-results/cross-subdomain-Cross-Subd-f5446-ur-Question-from-about-page-chromium/test-failed-1.png
    ────────────────────────────────────────────────────────────────────────────────────────────────

    attachment #2: video (video/webm) ──────────────────────────────────────────────────────────────
    test-results/cross-subdomain-Cross-Subd-f5446-ur-Question-from-about-page-chromium/video.webm
    ────────────────────────────────────────────────────────────────────────────────────────────────

  2) [chromium] › tests/cross-subdomain.spec.js:68:3 › Cross-Subdomain Navigation › should display 10-Hour Question prominently on about page 

    Error: [2mexpect([22m[31mlocator[39m[2m).[22mtoBeVisible[2m([22m[2m)[22m failed

    Locator: locator('text=/10.*hour.*question/i, text=/what.*taking.*10.*hour/i').first()
    Expected: visible
    Timeout: 5000ms
    Error: element(s) not found

    Call log:
    [2m  - Expect "toBeVisible" with timeout 5000ms[22m
    [2m  - waiting for locator('text=/10.*hour.*question/i, text=/what.*taking.*10.*hour/i').first()[22m


      71 |     // Look for 10-Hour Question in hero section (item 22)
      72 |     const tenHourQuestion = page.locator('text=/10.*hour.*question/i, text=/what.*taking.*10.*hour/i').first();
    > 73 |     await expect(tenHourQuestion).toBeVisible({ timeout: 5000 });
         |                                   ^
      74 |
      75 |     // Should be in prominent position (top 50% of viewport)
      76 |     const box = await tenHourQuestion.boundingBox();
        at /Users/matthewscott/Projects/projectlavos-monorepo/tests/cross-subdomain.spec.js:73:35

    attachment #1: screenshot (image/png) ──────────────────────────────────────────────────────────
    test-results/cross-subdomain-Cross-Subd-568c8-n-prominently-on-about-page-chromium/test-failed-1.png
    ────────────────────────────────────────────────────────────────────────────────────────────────

    attachment #2: video (video/webm) ──────────────────────────────────────────────────────────────
    test-results/cross-subdomain-Cross-Subd-568c8-n-prominently-on-about-page-chromium/video.webm
    ────────────────────────────────────────────────────────────────────────────────────────────────

    Error Context: test-results/cross-subdomain-Cross-Subd-568c8-n-prominently-on-about-page-chromium/error-context.md

  3) [chromium] › tests/cross-subdomain.spec.js:128:3 › Cross-Subdomain Navigation › should maintain consistent navigation across all subdomains 

    Error: [2mexpect([22m[31mreceived[39m[2m).[22mtoBeGreaterThan[2m([22m[32mexpected[39m[2m)[22m

    Expected: > [32m0[39m
    Received:   [31m0[39m

      139 |       // Should have links to other subdomains
      140 |       const links = await page.locator('nav a, header a').count();
    > 141 |       expect(links).toBeGreaterThan(0);
          |                     ^
      142 |     }
      143 |   });
      144 |
        at /Users/matthewscott/Projects/projectlavos-monorepo/tests/cross-subdomain.spec.js:141:21

    attachment #1: screenshot (image/png) ──────────────────────────────────────────────────────────
    test-results/cross-subdomain-Cross-Subd-cec9e-ation-across-all-subdomains-chromium/test-failed-1.png
    ────────────────────────────────────────────────────────────────────────────────────────────────

    attachment #2: video (video/webm) ──────────────────────────────────────────────────────────────
    test-results/cross-subdomain-Cross-Subd-cec9e-ation-across-all-subdomains-chromium/video.webm
    ────────────────────────────────────────────────────────────────────────────────────────────────

    Error Context: test-results/cross-subdomain-Cross-Subd-cec9e-ation-across-all-subdomains-chromium/error-context.md

  4) [chromium] › tests/mobile-responsive.spec.js:72:3 › Mobile Responsiveness - iPhone › should be able to interact with Restaurant Analyzer on mobile 

    Error: locator.tap: The page does not support tap. Use hasTouch context option to enable touch support.

      78 |     if (await dropdown.isVisible({ timeout: 3000 }).catch(() => false)) {
      79 |       // Tap dropdown
    > 80 |       await dropdown.tap();
         |                      ^
      81 |       
      82 |       // Select option
      83 |       await dropdown.selectOption({ index: 1 });
        at /Users/matthewscott/Projects/projectlavos-monorepo/tests/mobile-responsive.spec.js:80:22

    attachment #1: screenshot (image/png) ──────────────────────────────────────────────────────────
    test-results/mobile-responsive-Mobile-R-c8d55-staurant-Analyzer-on-mobile-chromium/test-failed-1.png
    ────────────────────────────────────────────────────────────────────────────────────────────────

    attachment #2: video (video/webm) ──────────────────────────────────────────────────────────────
    test-results/mobile-responsive-Mobile-R-c8d55-staurant-Analyzer-on-mobile-chromium/video.webm
    ────────────────────────────────────────────────────────────────────────────────────────────────

    Error Context: test-results/mobile-responsive-Mobile-R-c8d55-staurant-Analyzer-on-mobile-chromium/error-context.md

  5) [chromium] › tests/restaurant-analyzer.spec.js:13:3 › Restaurant Analyzer - Desktop Chrome › should load demos page successfully 

    Error: [2mexpect([22m[31mlocator[39m[2m).[22mtoContainText[2m([22m[32mexpected[39m[2m)[22m failed

    Locator: locator('h1')
    Expected pattern: [32m/demo/i[39m
    Received string:  [31m"Matthew Scott"[39m
    Timeout: 5000ms

    Call log:
    [2m  - Expect "toContainText" with timeout 5000ms[22m
    [2m  - waiting for locator('h1')[22m
    [2m    9 × locator resolved to <h1 class="text-5xl md:text-7xl font-black px-12 py-6 bg-white text-lavos-blue border-4 border-lavos-black shadow-brutal-lg">Matthew Scott</h1>[22m
    [2m      - unexpected value "Matthew Scott"[22m


      13 |   test('should load demos page successfully', async ({ page }) => {
      14 |     await expect(page).toHaveTitle(/Project Lavos/i);
    > 15 |     await expect(page.locator('h1')).toContainText(/demo/i);
         |                                      ^
      16 |   });
      17 |
      18 |   test('should display Restaurant Analyzer demo', async ({ page }) => {
        at /Users/matthewscott/Projects/projectlavos-monorepo/tests/restaurant-analyzer.spec.js:15:38

    attachment #1: screenshot (image/png) ──────────────────────────────────────────────────────────
    test-results/restaurant-analyzer-Restau-b565a-oad-demos-page-successfully-chromium/test-failed-1.png
    ────────────────────────────────────────────────────────────────────────────────────────────────

    attachment #2: video (video/webm) ──────────────────────────────────────────────────────────────
    test-results/restaurant-analyzer-Restau-b565a-oad-demos-page-successfully-chromium/video.webm
    ────────────────────────────────────────────────────────────────────────────────────────────────

    Error Context: test-results/restaurant-analyzer-Restau-b565a-oad-demos-page-successfully-chromium/error-context.md

  6) [chromium] › tests/restaurant-analyzer.spec.js:24:3 › Restaurant Analyzer - Desktop Chrome › should analyze Jack Fry's restaurant 

    Error: locator.selectOption: options[0].label: expected string, got object

      29 |     const dropdown = page.locator('select').first();
      30 |     if (await dropdown.isVisible({ timeout: 2000 }).catch(() => false)) {
    > 31 |       await dropdown.selectOption({ label: /Jack.*Fry/i });
         |                      ^
      32 |     } else if (await jackFrysButton.isVisible({ timeout: 2000 }).catch(() => false)) {
      33 |       await jackFrysButton.click();
      34 |     }
        at /Users/matthewscott/Projects/projectlavos-monorepo/tests/restaurant-analyzer.spec.js:31:22

    attachment #1: screenshot (image/png) ──────────────────────────────────────────────────────────
    test-results/restaurant-analyzer-Restau-51d37-alyze-Jack-Fry-s-restaurant-chromium/test-failed-1.png
    ────────────────────────────────────────────────────────────────────────────────────────────────

    attachment #2: video (video/webm) ──────────────────────────────────────────────────────────────
    test-results/restaurant-analyzer-Restau-51d37-alyze-Jack-Fry-s-restaurant-chromium/video.webm
    ────────────────────────────────────────────────────────────────────────────────────────────────

    Error Context: test-results/restaurant-analyzer-Restau-51d37-alyze-Jack-Fry-s-restaurant-chromium/error-context.md

  7) [chromium] › tests/specs/cross-subdomain-navigation.spec.js:6:3 › Cross-Subdomain Navigation Tests › should navigate from demos to main site 

    Error: [2mexpect([22m[31mreceived[39m[2m).[22mnot[2m.[22mtoContain[2m([22m[32mexpected[39m[2m) // indexOf[22m

    Expected substring: not [32m"demos."[39m
    Received string:        [31m"https://[7mdemos.[27mprojectlavos.com/"[39m

      20 |       // Verify we're on main site
      21 |       expect(page.url()).toContain('projectlavos.com');
    > 22 |       expect(page.url()).not.toContain('demos.');
         |                              ^
      23 |       expect(page.url()).not.toContain('about.');
      24 |       expect(page.url()).not.toContain('services.');
      25 |     }
        at /Users/matthewscott/Projects/projectlavos-monorepo/tests/specs/cross-subdomain-navigation.spec.js:22:30

    attachment #1: screenshot (image/png) ──────────────────────────────────────────────────────────
    test-results/specs-cross-subdomain-navi-8e288-ate-from-demos-to-main-site-chromium/test-failed-1.png
    ────────────────────────────────────────────────────────────────────────────────────────────────

    attachment #2: video (video/webm) ──────────────────────────────────────────────────────────────
    test-results/specs-cross-subdomain-navi-8e288-ate-from-demos-to-main-site-chromium/video.webm
    ────────────────────────────────────────────────────────────────────────────────────────────────

    Error Context: test-results/specs-cross-subdomain-navi-8e288-ate-from-demos-to-main-site-chromium/error-context.md

  8) [chromium] › tests/specs/error-states.spec.js:98:3 › Error State Testing › should handle 502 bad gateway error 

    Error: [2mexpect([22m[31mlocator[39m[2m).[22mtoBeVisible[2m([22m[2m)[22m failed

    Locator: locator('text=/server error|try again/i')
    Expected: visible
    Error: strict mode violation: locator('text=/server error|try again/i') resolved to 2 elements:
        1) <strong class="text-red-700 block mb-2">⚠️ Server error. Our team has been notified. Plea…</strong> aka getByText('⚠️ Server error. Our team has')
        2) <button class="mt-2 bg-red-600 text-white px-4 py-2 rounded-sm font-semibold hover:bg-red-700 transition-colors disabled:opacity-50">Try Again</button> aka getByRole('button', { name: 'Try Again' })

    Call log:
    [2m  - Expect "toBeVisible" with timeout 10000ms[22m
    [2m  - waiting for locator('text=/server error|try again/i')[22m


      115 |
      116 |     // Verify error message
    > 117 |     await expect(page.locator('text=/server error|try again/i')).toBeVisible({ timeout: 10000 });
          |                                                                  ^
      118 |   });
      119 |
      120 |   test('should allow retry after error', async ({ page, context }) => {
        at /Users/matthewscott/Projects/projectlavos-monorepo/tests/specs/error-states.spec.js:117:66

    attachment #1: screenshot (image/png) ──────────────────────────────────────────────────────────
    test-results/specs-error-states-Error-S-b1460-andle-502-bad-gateway-error-chromium/test-failed-1.png
    ────────────────────────────────────────────────────────────────────────────────────────────────

    attachment #2: video (video/webm) ──────────────────────────────────────────────────────────────
    test-results/specs-error-states-Error-S-b1460-andle-502-bad-gateway-error-chromium/video.webm
    ────────────────────────────────────────────────────────────────────────────────────────────────

    Error Context: test-results/specs-error-states-Error-S-b1460-andle-502-bad-gateway-error-chromium/error-context.md

  9) [chromium] › tests/specs/guitar-navigation.spec.js:13:3 › Guitar Platform Navigation Tests › should display navigation bar on all pages 

    Error: [2mexpect([22m[31mlocator[39m[2m).[22mtoBeVisible[2m([22m[2m)[22m failed

    Locator: locator('nav.bg-gray-800')
    Expected: visible
    Timeout: 5000ms
    Error: element(s) not found

    Call log:
    [2m  - Expect "toBeVisible" with timeout 5000ms[22m
    [2m  - waiting for locator('nav.bg-gray-800')[22m


      18 |       // Navigation bar should be visible
      19 |       const nav = page.locator('nav.bg-gray-800');
    > 20 |       await expect(nav).toBeVisible();
         |                         ^
      21 |
      22 |       // Should have sticky positioning
      23 |       const navClasses = await nav.getAttribute('class');
        at /Users/matthewscott/Projects/projectlavos-monorepo/tests/specs/guitar-navigation.spec.js:20:25

    attachment #1: screenshot (image/png) ──────────────────────────────────────────────────────────
    test-results/specs-guitar-navigation-Gu-844c6-navigation-bar-on-all-pages-chromium/test-failed-1.png
    ────────────────────────────────────────────────────────────────────────────────────────────────

    attachment #2: video (video/webm) ──────────────────────────────────────────────────────────────
    test-results/specs-guitar-navigation-Gu-844c6-navigation-bar-on-all-pages-chromium/video.webm
    ────────────────────────────────────────────────────────────────────────────────────────────────

    Error Context: test-results/specs-guitar-navigation-Gu-844c6-navigation-bar-on-all-pages-chromium/error-context.md

  10) [chromium] › tests/specs/guitar-navigation.spec.js:50:3 › Guitar Platform Navigation Tests › should highlight active route on FretVision page 

    Error: [2mexpect([22m[31mlocator[39m[2m).[22mtoBeVisible[2m([22m[2m)[22m failed

    Locator: locator('nav a:has-text("FretVision")')
    Expected: visible
    Timeout: 5000ms
    Error: element(s) not found

    Call log:
    [2m  - Expect "toBeVisible" with timeout 5000ms[22m
    [2m  - waiting for locator('nav a:has-text("FretVision")')[22m


      54 |     // FretVision link should have active class (bg-green-500)
      55 |     const fretVisionLink = page.locator('nav a:has-text("FretVision")');
    > 56 |     await expect(fretVisionLink).toBeVisible();
         |                                  ^
      57 |
      58 |     const classes = await fretVisionLink.getAttribute('class');
      59 |     expect(classes).toContain('bg-green-500');
        at /Users/matthewscott/Projects/projectlavos-monorepo/tests/specs/guitar-navigation.spec.js:56:34

    attachment #1: screenshot (image/png) ──────────────────────────────────────────────────────────
    test-results/specs-guitar-navigation-Gu-26e36-ve-route-on-FretVision-page-chromium/test-failed-1.png
    ────────────────────────────────────────────────────────────────────────────────────────────────

    attachment #2: video (video/webm) ──────────────────────────────────────────────────────────────
    test-results/specs-guitar-navigation-Gu-26e36-ve-route-on-FretVision-page-chromium/video.webm
    ────────────────────────────────────────────────────────────────────────────────────────────────

    Error Context: test-results/specs-guitar-navigation-Gu-26e36-ve-route-on-FretVision-page-chromium/error-context.md

  11) [chromium] › tests/specs/guitar-navigation.spec.js:63:3 › Guitar Platform Navigation Tests › should highlight active route on Tab Player page 

    Error: [2mexpect([22m[31mlocator[39m[2m).[22mtoBeVisible[2m([22m[2m)[22m failed

    Locator: locator('nav a:has-text("Tab Player")')
    Expected: visible
    Timeout: 5000ms
    Error: element(s) not found

    Call log:
    [2m  - Expect "toBeVisible" with timeout 5000ms[22m
    [2m  - waiting for locator('nav a:has-text("Tab Player")')[22m


      67 |     // Tab Player link should have active class (bg-blue-500)
      68 |     const tabPlayerLink = page.locator('nav a:has-text("Tab Player")');
    > 69 |     await expect(tabPlayerLink).toBeVisible();
         |                                 ^
      70 |
      71 |     const classes = await tabPlayerLink.getAttribute('class');
      72 |     expect(classes).toContain('bg-blue-500');
        at /Users/matthewscott/Projects/projectlavos-monorepo/tests/specs/guitar-navigation.spec.js:69:33

    attachment #1: screenshot (image/png) ──────────────────────────────────────────────────────────
    test-results/specs-guitar-navigation-Gu-93ede-ve-route-on-Tab-Player-page-chromium/test-failed-1.png
    ────────────────────────────────────────────────────────────────────────────────────────────────

    attachment #2: video (video/webm) ──────────────────────────────────────────────────────────────
    test-results/specs-guitar-navigation-Gu-93ede-ve-route-on-Tab-Player-page-chromium/video.webm
    ────────────────────────────────────────────────────────────────────────────────────────────────

    Error Context: test-results/specs-guitar-navigation-Gu-93ede-ve-route-on-Tab-Player-page-chromium/error-context.md

  12) [chromium] › tests/specs/guitar-navigation.spec.js:76:3 › Guitar Platform Navigation Tests › should highlight active route on Catalog page 

    Error: [2mexpect([22m[31mlocator[39m[2m).[22mtoBeVisible[2m([22m[2m)[22m failed

    Locator: locator('nav a:has-text("Catalog")')
    Expected: visible
    Timeout: 5000ms
    Error: element(s) not found

    Call log:
    [2m  - Expect "toBeVisible" with timeout 5000ms[22m
    [2m  - waiting for locator('nav a:has-text("Catalog")')[22m


      80 |     // Catalog link should have active class (bg-purple-500)
      81 |     const catalogLink = page.locator('nav a:has-text("Catalog")');
    > 82 |     await expect(catalogLink).toBeVisible();
         |                               ^
      83 |
      84 |     const classes = await catalogLink.getAttribute('class');
      85 |     expect(classes).toContain('bg-purple-500');
        at /Users/matthewscott/Projects/projectlavos-monorepo/tests/specs/guitar-navigation.spec.js:82:31

    attachment #1: screenshot (image/png) ──────────────────────────────────────────────────────────
    test-results/specs-guitar-navigation-Gu-10de7-ctive-route-on-Catalog-page-chromium/test-failed-1.png
    ────────────────────────────────────────────────────────────────────────────────────────────────

    attachment #2: video (video/webm) ──────────────────────────────────────────────────────────────
    test-results/specs-guitar-navigation-Gu-10de7-ctive-route-on-Catalog-page-chromium/video.webm
    ────────────────────────────────────────────────────────────────────────────────────────────────

    Error Context: test-results/specs-guitar-navigation-Gu-10de7-ctive-route-on-Catalog-page-chromium/error-context.md

  13) [chromium] › tests/specs/guitar-navigation.spec.js:108:3 › Guitar Platform Navigation Tests › should navigate from FretVision to Tab Player 

    TimeoutError: page.click: Timeout 10000ms exceeded.
    Call log:
    [2m  - waiting for locator('nav a:has-text("Tab Player")')[22m


      111 |
      112 |     // Click Tab Player link in navbar
    > 113 |     await page.click('nav a:has-text("Tab Player")');
          |                ^
      114 |     await page.waitForURL('**/tabplayer');
      115 |     await page.waitForLoadState('networkidle');
      116 |
        at /Users/matthewscott/Projects/projectlavos-monorepo/tests/specs/guitar-navigation.spec.js:113:16

    attachment #1: screenshot (image/png) ──────────────────────────────────────────────────────────
    test-results/specs-guitar-navigation-Gu-28249-om-FretVision-to-Tab-Player-chromium/test-failed-1.png
    ────────────────────────────────────────────────────────────────────────────────────────────────

    attachment #2: video (video/webm) ──────────────────────────────────────────────────────────────
    test-results/specs-guitar-navigation-Gu-28249-om-FretVision-to-Tab-Player-chromium/video.webm
    ────────────────────────────────────────────────────────────────────────────────────────────────

    Error Context: test-results/specs-guitar-navigation-Gu-28249-om-FretVision-to-Tab-Player-chromium/error-context.md

  14) [chromium] › tests/specs/guitar-navigation.spec.js:127:3 › Guitar Platform Navigation Tests › should navigate from Tab Player to Catalog 

    TimeoutError: page.click: Timeout 10000ms exceeded.
    Call log:
    [2m  - waiting for locator('nav a:has-text("Catalog")')[22m


      130 |
      131 |     // Click Catalog link in navbar
    > 132 |     await page.click('nav a:has-text("Catalog")');
          |                ^
      133 |     await page.waitForURL('**/catalog');
      134 |     await page.waitForLoadState('networkidle');
      135 |
        at /Users/matthewscott/Projects/projectlavos-monorepo/tests/specs/guitar-navigation.spec.js:132:16

    attachment #1: screenshot (image/png) ──────────────────────────────────────────────────────────
    test-results/specs-guitar-navigation-Gu-e4134--from-Tab-Player-to-Catalog-chromium/test-failed-1.png
    ────────────────────────────────────────────────────────────────────────────────────────────────

    attachment #2: video (video/webm) ──────────────────────────────────────────────────────────────
    test-results/specs-guitar-navigation-Gu-e4134--from-Tab-Player-to-Catalog-chromium/video.webm
    ────────────────────────────────────────────────────────────────────────────────────────────────

    Error Context: test-results/specs-guitar-navigation-Gu-e4134--from-Tab-Player-to-Catalog-chromium/error-context.md

  15) [chromium] › tests/specs/guitar-navigation.spec.js:146:3 › Guitar Platform Navigation Tests › should navigate to Home when clicking logo 

    TimeoutError: page.click: Timeout 10000ms exceeded.
    Call log:
    [2m  - waiting for locator('nav a:has-text("Guitar Platform")')[22m


      150 |
      151 |     // Click logo
    > 152 |     await page.click('nav a:has-text("Guitar Platform")');
          |                ^
      153 |     await page.waitForURL(`${baseUrl}/`);
      154 |     await page.waitForLoadState('networkidle');
      155 |
        at /Users/matthewscott/Projects/projectlavos-monorepo/tests/specs/guitar-navigation.spec.js:152:16

    attachment #1: screenshot (image/png) ──────────────────────────────────────────────────────────
    test-results/specs-guitar-navigation-Gu-9e72e--to-Home-when-clicking-logo-chromium/test-failed-1.png
    ────────────────────────────────────────────────────────────────────────────────────────────────

    attachment #2: video (video/webm) ──────────────────────────────────────────────────────────────
    test-results/specs-guitar-navigation-Gu-9e72e--to-Home-when-clicking-logo-chromium/video.webm
    ────────────────────────────────────────────────────────────────────────────────────────────────

    Error Context: test-results/specs-guitar-navigation-Gu-9e72e--to-Home-when-clicking-logo-chromium/error-context.md

  16) [chromium] › tests/specs/guitar-navigation.spec.js:166:3 › Guitar Platform Navigation Tests › should load all pages successfully 

    Error: [2mexpect([22m[31mreceived[39m[2m).[22mtoBe[2m([22m[32mexpected[39m[2m) // Object.is equality[22m

    Expected: [32m200[39m
    Received: [31m404[39m

      169 |
      170 |       // Verify successful load
    > 171 |       expect(response.status()).toBe(200);
          |                                 ^
      172 |
      173 |       await page.waitForLoadState('networkidle');
      174 |
        at /Users/matthewscott/Projects/projectlavos-monorepo/tests/specs/guitar-navigation.spec.js:171:33

    attachment #1: screenshot (image/png) ──────────────────────────────────────────────────────────
    test-results/specs-guitar-navigation-Gu-e2b55-load-all-pages-successfully-chromium/test-failed-1.png
    ────────────────────────────────────────────────────────────────────────────────────────────────

    attachment #2: video (video/webm) ──────────────────────────────────────────────────────────────
    test-results/specs-guitar-navigation-Gu-e2b55-load-all-pages-successfully-chromium/video.webm
    ────────────────────────────────────────────────────────────────────────────────────────────────

    Error Context: test-results/specs-guitar-navigation-Gu-e2b55-load-all-pages-successfully-chromium/error-context.md

  17) [chromium] › tests/specs/guitar-navigation.spec.js:270:3 › Guitar Platform Navigation Tests › should have consistent dark theme across all pages 

    Error: page.evaluate: TypeError: Failed to execute 'getComputedStyle' on 'Window': parameter 1 is not of type 'Element'.
        at eval (eval at evaluate (:290:30), <anonymous>:3:23)
        at UtilityScript.evaluate (<anonymous>:292:16)
        at UtilityScript.<anonymous> (<anonymous>:1:44)
        at eval (eval at evaluate (:290:30), <anonymous>:3:23)
        at UtilityScript.evaluate (<anonymous>:292:16)
        at UtilityScript.<anonymous> (<anonymous>:1:44)
        at /Users/matthewscott/Projects/projectlavos-monorepo/tests/specs/guitar-navigation.spec.js:276:37

    attachment #1: screenshot (image/png) ──────────────────────────────────────────────────────────
    test-results/specs-guitar-navigation-Gu-b8a3c-dark-theme-across-all-pages-chromium/test-failed-1.png
    ────────────────────────────────────────────────────────────────────────────────────────────────

    attachment #2: video (video/webm) ──────────────────────────────────────────────────────────────
    test-results/specs-guitar-navigation-Gu-b8a3c-dark-theme-across-all-pages-chromium/video.webm
    ────────────────────────────────────────────────────────────────────────────────────────────────

    Error Context: test-results/specs-guitar-navigation-Gu-b8a3c-dark-theme-across-all-pages-chromium/error-context.md

  18) [chromium] › tests/specs/mobile-responsiveness.spec.js:87:3 › Mobile Responsiveness Tests › should display restaurant selection in single column on mobile 

    Error: [2mexpect([22m[31mlocator[39m[2m).[22mtoBeVisible[2m([22m[2m)[22m failed

    Locator: locator('.grid.grid-cols-1.md\\:grid-cols-2')
    Expected: visible
    Error: strict mode violation: locator('.grid.grid-cols-1.md\\:grid-cols-2') resolved to 2 elements:
        1) <div class="grid grid-cols-1 md:grid-cols-2 gap-8">…</div> aka locator('div').filter({ hasText: 'PhishGuard ML7-model ensemble' }).nth(3)
        2) <div class="grid grid-cols-1 md:grid-cols-2 gap-4">…</div> aka getByText('🍽️Jack Fry\'sUpscale Southern🥂Proof on MainContemporary American🍺')

    Call log:
    [2m  - Expect "toBeVisible" with timeout 5000ms[22m
    [2m  - waiting for locator('.grid.grid-cols-1.md\\:grid-cols-2')[22m


       96 |     // Check that restaurant buttons stack vertically
       97 |     const restaurantGrid = page.locator('.grid.grid-cols-1.md\\:grid-cols-2');
    >  98 |     await expect(restaurantGrid).toBeVisible();
          |                                  ^
       99 |
      100 |     // Verify buttons are tappable (large enough touch targets)
      101 |     const firstButton = page.locator('button:has-text("Jack Fry")').first();
        at /Users/matthewscott/Projects/projectlavos-monorepo/tests/specs/mobile-responsiveness.spec.js:98:34

    attachment #1: screenshot (image/png) ──────────────────────────────────────────────────────────
    test-results/specs-mobile-responsivenes-fa2c2--in-single-column-on-mobile-chromium/test-failed-1.png
    ────────────────────────────────────────────────────────────────────────────────────────────────

    attachment #2: video (video/webm) ──────────────────────────────────────────────────────────────
    test-results/specs-mobile-responsivenes-fa2c2--in-single-column-on-mobile-chromium/video.webm
    ────────────────────────────────────────────────────────────────────────────────────────────────

    Error Context: test-results/specs-mobile-responsivenes-fa2c2--in-single-column-on-mobile-chromium/error-context.md

  19) [chromium] › tests/specs/mobile-responsiveness.spec.js:198:3 › Mobile Responsiveness Tests › should have touch-friendly navigation on mobile 

    Error: [2mexpect([22m[31mreceived[39m[2m).[22mtoBeGreaterThanOrEqual[2m([22m[32mexpected[39m[2m)[22m

    Expected: >= [32m44[39m
    Received:    [31m31.94921875[39m

      206 |
      207 |     // Touch target should be sufficient (minimum 44px per accessibility guidelines)
    > 208 |     expect(cardBox.height).toBeGreaterThanOrEqual(44);
          |                            ^
      209 |     expect(cardBox.width).toBeGreaterThanOrEqual(44);
      210 |
      211 |     // Verify card is tappable
        at /Users/matthewscott/Projects/projectlavos-monorepo/tests/specs/mobile-responsiveness.spec.js:208:28

    attachment #1: screenshot (image/png) ──────────────────────────────────────────────────────────
    test-results/specs-mobile-responsivenes-a9b0f-iendly-navigation-on-mobile-chromium/test-failed-1.png
    ────────────────────────────────────────────────────────────────────────────────────────────────

    attachment #2: video (video/webm) ──────────────────────────────────────────────────────────────
    test-results/specs-mobile-responsivenes-a9b0f-iendly-navigation-on-mobile-chromium/video.webm
    ────────────────────────────────────────────────────────────────────────────────────────────────

    Error Context: test-results/specs-mobile-responsivenes-a9b0f-iendly-navigation-on-mobile-chromium/error-context.md

  20) [chromium] › tests/specs/restaurant-analyzer.spec.js:69:3 › Restaurant Analyzer - Cross-Browser Tests › should analyze a restaurant and display results 

    Error: [2mexpect([22m[31mlocator[39m[2m).[22mtoBeVisible[2m([22m[2m)[22m failed

    Locator: locator('text=/[0-5]\\.[0-9]\\/5\\.0/').first()
    Expected: visible
    Timeout: 5000ms
    Error: element(s) not found

    Call log:
    [2m  - Expect "toBeVisible" with timeout 5000ms[22m
    [2m  - waiting for locator('text=/[0-5]\\.[0-9]\\/5\\.0/').first()[22m


      102 |     // Verify sentiment score is displayed (should be a number between 0-5)
      103 |     const sentimentScore = await page.locator('text=/[0-5]\\.[0-9]\\/5\\.0/').first();
    > 104 |     await expect(sentimentScore).toBeVisible();
          |                                  ^
      105 |
      106 |     // Take screenshot of results for visual verification
      107 |     await page.screenshot({
        at /Users/matthewscott/Projects/projectlavos-monorepo/tests/specs/restaurant-analyzer.spec.js:104:34

    attachment #1: screenshot (image/png) ──────────────────────────────────────────────────────────
    test-results/specs-restaurant-analyzer--97e66-taurant-and-display-results-chromium/test-failed-1.png
    ────────────────────────────────────────────────────────────────────────────────────────────────

    attachment #2: video (video/webm) ──────────────────────────────────────────────────────────────
    test-results/specs-restaurant-analyzer--97e66-taurant-and-display-results-chromium/video.webm
    ────────────────────────────────────────────────────────────────────────────────────────────────

    Error Context: test-results/specs-restaurant-analyzer--97e66-taurant-and-display-results-chromium/error-context.md

  21) [webkit] › tests/cross-subdomain.spec.js:49:3 › Cross-Subdomain Navigation › should open email with subject "10-Hour Question" from about page 

    Error: browserContext.waitForEvent: Test ended.

      49 |   test('should open email with subject "10-Hour Question" from about page', async ({ page, context }) => {
      50 |     // Track new page/popup openings
    > 51 |     const pagePromise = context.waitForEvent('page');
         |                                 ^
      52 |
      53 |     await page.goto(subdomains.about);
      54 |
        at /Users/matthewscott/Projects/projectlavos-monorepo/tests/cross-subdomain.spec.js:51:33

    attachment #1: screenshot (image/png) ──────────────────────────────────────────────────────────
    test-results/cross-subdomain-Cross-Subd-f5446-ur-Question-from-about-page-webkit/test-failed-1.png
    ────────────────────────────────────────────────────────────────────────────────────────────────

    attachment #2: video (video/webm) ──────────────────────────────────────────────────────────────
    test-results/cross-subdomain-Cross-Subd-f5446-ur-Question-from-about-page-webkit/video.webm
    ────────────────────────────────────────────────────────────────────────────────────────────────

  22) [webkit] › tests/cross-subdomain.spec.js:68:3 › Cross-Subdomain Navigation › should display 10-Hour Question prominently on about page 

    Error: [2mexpect([22m[31mlocator[39m[2m).[22mtoBeVisible[2m([22m[2m)[22m failed

    Locator: locator('text=/10.*hour.*question/i, text=/what.*taking.*10.*hour/i').first()
    Expected: visible
    Timeout: 5000ms
    Error: element(s) not found

    Call log:
    [2m  - Expect "toBeVisible" with timeout 5000ms[22m
    [2m  - waiting for locator('text=/10.*hour.*question/i, text=/what.*taking.*10.*hour/i').first()[22m


      71 |     // Look for 10-Hour Question in hero section (item 22)
      72 |     const tenHourQuestion = page.locator('text=/10.*hour.*question/i, text=/what.*taking.*10.*hour/i').first();
    > 73 |     await expect(tenHourQuestion).toBeVisible({ timeout: 5000 });
         |                                   ^
      74 |
      75 |     // Should be in prominent position (top 50% of viewport)
      76 |     const box = await tenHourQuestion.boundingBox();
        at /Users/matthewscott/Projects/projectlavos-monorepo/tests/cross-subdomain.spec.js:73:35

    attachment #1: screenshot (image/png) ──────────────────────────────────────────────────────────
    test-results/cross-subdomain-Cross-Subd-568c8-n-prominently-on-about-page-webkit/test-failed-1.png
    ────────────────────────────────────────────────────────────────────────────────────────────────

    attachment #2: video (video/webm) ──────────────────────────────────────────────────────────────
    test-results/cross-subdomain-Cross-Subd-568c8-n-prominently-on-about-page-webkit/video.webm
    ────────────────────────────────────────────────────────────────────────────────────────────────

    Error Context: test-results/cross-subdomain-Cross-Subd-568c8-n-prominently-on-about-page-webkit/error-context.md

  23) [webkit] › tests/cross-subdomain.spec.js:128:3 › Cross-Subdomain Navigation › should maintain consistent navigation across all subdomains 

    Error: [2mexpect([22m[31mreceived[39m[2m).[22mtoBeGreaterThan[2m([22m[32mexpected[39m[2m)[22m

    Expected: > [32m0[39m
    Received:   [31m0[39m

      139 |       // Should have links to other subdomains
      140 |       const links = await page.locator('nav a, header a').count();
    > 141 |       expect(links).toBeGreaterThan(0);
          |                     ^
      142 |     }
      143 |   });
      144 |
        at /Users/matthewscott/Projects/projectlavos-monorepo/tests/cross-subdomain.spec.js:141:21

    attachment #1: screenshot (image/png) ──────────────────────────────────────────────────────────
    test-results/cross-subdomain-Cross-Subd-cec9e-ation-across-all-subdomains-webkit/test-failed-1.png
    ────────────────────────────────────────────────────────────────────────────────────────────────

    attachment #2: video (video/webm) ──────────────────────────────────────────────────────────────
    test-results/cross-subdomain-Cross-Subd-cec9e-ation-across-all-subdomains-webkit/video.webm
    ────────────────────────────────────────────────────────────────────────────────────────────────

    Error Context: test-results/cross-subdomain-Cross-Subd-cec9e-ation-across-all-subdomains-webkit/error-context.md

  24) [webkit] › tests/mobile-responsive.spec.js:72:3 › Mobile Responsiveness - iPhone › should be able to interact with Restaurant Analyzer on mobile 

    Error: locator.tap: The page does not support tap. Use hasTouch context option to enable touch support.

      78 |     if (await dropdown.isVisible({ timeout: 3000 }).catch(() => false)) {
      79 |       // Tap dropdown
    > 80 |       await dropdown.tap();
         |                      ^
      81 |       
      82 |       // Select option
      83 |       await dropdown.selectOption({ index: 1 });
        at /Users/matthewscott/Projects/projectlavos-monorepo/tests/mobile-responsive.spec.js:80:22

    attachment #1: screenshot (image/png) ──────────────────────────────────────────────────────────
    test-results/mobile-responsive-Mobile-R-c8d55-staurant-Analyzer-on-mobile-webkit/test-failed-1.png
    ────────────────────────────────────────────────────────────────────────────────────────────────

    attachment #2: video (video/webm) ──────────────────────────────────────────────────────────────
    test-results/mobile-responsive-Mobile-R-c8d55-staurant-Analyzer-on-mobile-webkit/video.webm
    ────────────────────────────────────────────────────────────────────────────────────────────────

    Error Context: test-results/mobile-responsive-Mobile-R-c8d55-staurant-Analyzer-on-mobile-webkit/error-context.md

  25) [webkit] › tests/restaurant-analyzer.spec.js:13:3 › Restaurant Analyzer - Desktop Chrome › should load demos page successfully 

    Error: [2mexpect([22m[31mlocator[39m[2m).[22mtoContainText[2m([22m[32mexpected[39m[2m)[22m failed

    Locator: locator('h1')
    Expected pattern: [32m/demo/i[39m
    Received string:  [31m"Matthew Scott"[39m
    Timeout: 5000ms

    Call log:
    [2m  - Expect "toContainText" with timeout 5000ms[22m
    [2m  - waiting for locator('h1')[22m
    [2m    9 × locator resolved to <h1 class="text-5xl md:text-7xl font-black px-12 py-6 bg-white text-lavos-blue border-4 border-lavos-black shadow-brutal-lg">Matthew Scott</h1>[22m
    [2m      - unexpected value "Matthew Scott"[22m


      13 |   test('should load demos page successfully', async ({ page }) => {
      14 |     await expect(page).toHaveTitle(/Project Lavos/i);
    > 15 |     await expect(page.locator('h1')).toContainText(/demo/i);
         |                                      ^
      16 |   });
      17 |
      18 |   test('should display Restaurant Analyzer demo', async ({ page }) => {
        at /Users/matthewscott/Projects/projectlavos-monorepo/tests/restaurant-analyzer.spec.js:15:38

    attachment #1: screenshot (image/png) ──────────────────────────────────────────────────────────
    test-results/restaurant-analyzer-Restau-b565a-oad-demos-page-successfully-webkit/test-failed-1.png
    ────────────────────────────────────────────────────────────────────────────────────────────────

    attachment #2: video (video/webm) ──────────────────────────────────────────────────────────────
    test-results/restaurant-analyzer-Restau-b565a-oad-demos-page-successfully-webkit/video.webm
    ────────────────────────────────────────────────────────────────────────────────────────────────

    Error Context: test-results/restaurant-analyzer-Restau-b565a-oad-demos-page-successfully-webkit/error-context.md

  26) [webkit] › tests/restaurant-analyzer.spec.js:24:3 › Restaurant Analyzer - Desktop Chrome › should analyze Jack Fry's restaurant 

    Error: locator.selectOption: options[0].label: expected string, got object

      29 |     const dropdown = page.locator('select').first();
      30 |     if (await dropdown.isVisible({ timeout: 2000 }).catch(() => false)) {
    > 31 |       await dropdown.selectOption({ label: /Jack.*Fry/i });
         |                      ^
      32 |     } else if (await jackFrysButton.isVisible({ timeout: 2000 }).catch(() => false)) {
      33 |       await jackFrysButton.click();
      34 |     }
        at /Users/matthewscott/Projects/projectlavos-monorepo/tests/restaurant-analyzer.spec.js:31:22

    attachment #1: screenshot (image/png) ──────────────────────────────────────────────────────────
    test-results/restaurant-analyzer-Restau-51d37-alyze-Jack-Fry-s-restaurant-webkit/test-failed-1.png
    ────────────────────────────────────────────────────────────────────────────────────────────────

    attachment #2: video (video/webm) ──────────────────────────────────────────────────────────────
    test-results/restaurant-analyzer-Restau-51d37-alyze-Jack-Fry-s-restaurant-webkit/video.webm
    ────────────────────────────────────────────────────────────────────────────────────────────────

    Error Context: test-results/restaurant-analyzer-Restau-51d37-alyze-Jack-Fry-s-restaurant-webkit/error-context.md

  27) [webkit] › tests/specs/cross-subdomain-navigation.spec.js:6:3 › Cross-Subdomain Navigation Tests › should navigate from demos to main site 

    Error: [2mexpect([22m[31mreceived[39m[2m).[22mnot[2m.[22mtoContain[2m([22m[32mexpected[39m[2m) // indexOf[22m

    Expected substring: not [32m"demos."[39m
    Received string:        [31m"https://[7mdemos.[27mprojectlavos.com/"[39m

      20 |       // Verify we're on main site
      21 |       expect(page.url()).toContain('projectlavos.com');
    > 22 |       expect(page.url()).not.toContain('demos.');
         |                              ^
      23 |       expect(page.url()).not.toContain('about.');
      24 |       expect(page.url()).not.toContain('services.');
      25 |     }
        at /Users/matthewscott/Projects/projectlavos-monorepo/tests/specs/cross-subdomain-navigation.spec.js:22:30

    attachment #1: screenshot (image/png) ──────────────────────────────────────────────────────────
    test-results/specs-cross-subdomain-navi-8e288-ate-from-demos-to-main-site-webkit/test-failed-1.png
    ────────────────────────────────────────────────────────────────────────────────────────────────

    attachment #2: video (video/webm) ──────────────────────────────────────────────────────────────
    test-results/specs-cross-subdomain-navi-8e288-ate-from-demos-to-main-site-webkit/video.webm
    ────────────────────────────────────────────────────────────────────────────────────────────────

    Error Context: test-results/specs-cross-subdomain-navi-8e288-ate-from-demos-to-main-site-webkit/error-context.md

  28) [webkit] › tests/specs/error-states.spec.js:11:3 › Error State Testing › should display error message when API is unavailable 

    Error: [2mexpect([22m[31mlocator[39m[2m).[22mtoBeVisible[2m([22m[2m)[22m failed

    Locator: locator('text=/cannot connect|network|failed/i')
    Expected: visible
    Timeout: 5000ms
    Error: element(s) not found

    Call log:
    [2m  - Expect "toBeVisible" with timeout 5000ms[22m
    [2m  - waiting for locator('text=/cannot connect|network|failed/i')[22m


      30 |
      31 |     // Verify error text is user-friendly
    > 32 |     await expect(page.locator('text=/cannot connect|network|failed/i')).toBeVisible();
         |                                                                         ^
      33 |
      34 |     // Verify "Try Again" button is present
      35 |     const retryButton = page.locator('button:has-text("Try Again")');
        at /Users/matthewscott/Projects/projectlavos-monorepo/tests/specs/error-states.spec.js:32:73

    attachment #1: screenshot (image/png) ──────────────────────────────────────────────────────────
    test-results/specs-error-states-Error-S-14ab5-age-when-API-is-unavailable-webkit/test-failed-1.png
    ────────────────────────────────────────────────────────────────────────────────────────────────

    attachment #2: video (video/webm) ──────────────────────────────────────────────────────────────
    test-results/specs-error-states-Error-S-14ab5-age-when-API-is-unavailable-webkit/video.webm
    ────────────────────────────────────────────────────────────────────────────────────────────────

    Error Context: test-results/specs-error-states-Error-S-14ab5-age-when-API-is-unavailable-webkit/error-context.md

  29) [webkit] › tests/specs/error-states.spec.js:98:3 › Error State Testing › should handle 502 bad gateway error 

    Error: [2mexpect([22m[31mlocator[39m[2m).[22mtoBeVisible[2m([22m[2m)[22m failed

    Locator: locator('text=/server error|try again/i')
    Expected: visible
    Error: strict mode violation: locator('text=/server error|try again/i') resolved to 2 elements:
        1) <strong class="text-red-700 block mb-2">⚠️ Server error. Our team has been notified. Plea…</strong> aka getByText('⚠️ Server error. Our team has')
        2) <button class="mt-2 bg-red-600 text-white px-4 py-2 rounded-sm font-semibold hover:bg-red-700 transition-colors disabled:opacity-50">Try Again</button> aka getByRole('button', { name: 'Try Again' })

    Call log:
    [2m  - Expect "toBeVisible" with timeout 10000ms[22m
    [2m  - waiting for locator('text=/server error|try again/i')[22m


      115 |
      116 |     // Verify error message
    > 117 |     await expect(page.locator('text=/server error|try again/i')).toBeVisible({ timeout: 10000 });
          |                                                                  ^
      118 |   });
      119 |
      120 |   test('should allow retry after error', async ({ page, context }) => {
        at /Users/matthewscott/Projects/projectlavos-monorepo/tests/specs/error-states.spec.js:117:66

    attachment #1: screenshot (image/png) ──────────────────────────────────────────────────────────
    test-results/specs-error-states-Error-S-b1460-andle-502-bad-gateway-error-webkit/test-failed-1.png
    ────────────────────────────────────────────────────────────────────────────────────────────────

    attachment #2: video (video/webm) ──────────────────────────────────────────────────────────────
    test-results/specs-error-states-Error-S-b1460-andle-502-bad-gateway-error-webkit/video.webm
    ────────────────────────────────────────────────────────────────────────────────────────────────

    Error Context: test-results/specs-error-states-Error-S-b1460-andle-502-bad-gateway-error-webkit/error-context.md

  30) [webkit] › tests/specs/guitar-navigation.spec.js:13:3 › Guitar Platform Navigation Tests › should display navigation bar on all pages 

    Error: [2mexpect([22m[31mlocator[39m[2m).[22mtoBeVisible[2m([22m[2m)[22m failed

    Locator: locator('nav.bg-gray-800')
    Expected: visible
    Timeout: 5000ms
    Error: element(s) not found

    Call log:
    [2m  - Expect "toBeVisible" with timeout 5000ms[22m
    [2m  - waiting for locator('nav.bg-gray-800')[22m


      18 |       // Navigation bar should be visible
      19 |       const nav = page.locator('nav.bg-gray-800');
    > 20 |       await expect(nav).toBeVisible();
         |                         ^
      21 |
      22 |       // Should have sticky positioning
      23 |       const navClasses = await nav.getAttribute('class');
        at /Users/matthewscott/Projects/projectlavos-monorepo/tests/specs/guitar-navigation.spec.js:20:25

    attachment #1: screenshot (image/png) ──────────────────────────────────────────────────────────
    test-results/specs-guitar-navigation-Gu-844c6-navigation-bar-on-all-pages-webkit/test-failed-1.png
    ────────────────────────────────────────────────────────────────────────────────────────────────

    attachment #2: video (video/webm) ──────────────────────────────────────────────────────────────
    test-results/specs-guitar-navigation-Gu-844c6-navigation-bar-on-all-pages-webkit/video.webm
    ────────────────────────────────────────────────────────────────────────────────────────────────

    Error Context: test-results/specs-guitar-navigation-Gu-844c6-navigation-bar-on-all-pages-webkit/error-context.md

  31) [webkit] › tests/specs/guitar-navigation.spec.js:50:3 › Guitar Platform Navigation Tests › should highlight active route on FretVision page 

    Error: [2mexpect([22m[31mlocator[39m[2m).[22mtoBeVisible[2m([22m[2m)[22m failed

    Locator: locator('nav a:has-text("FretVision")')
    Expected: visible
    Timeout: 5000ms
    Error: element(s) not found

    Call log:
    [2m  - Expect "toBeVisible" with timeout 5000ms[22m
    [2m  - waiting for locator('nav a:has-text("FretVision")')[22m


      54 |     // FretVision link should have active class (bg-green-500)
      55 |     const fretVisionLink = page.locator('nav a:has-text("FretVision")');
    > 56 |     await expect(fretVisionLink).toBeVisible();
         |                                  ^
      57 |
      58 |     const classes = await fretVisionLink.getAttribute('class');
      59 |     expect(classes).toContain('bg-green-500');
        at /Users/matthewscott/Projects/projectlavos-monorepo/tests/specs/guitar-navigation.spec.js:56:34

    attachment #1: screenshot (image/png) ──────────────────────────────────────────────────────────
    test-results/specs-guitar-navigation-Gu-26e36-ve-route-on-FretVision-page-webkit/test-failed-1.png
    ────────────────────────────────────────────────────────────────────────────────────────────────

    attachment #2: video (video/webm) ──────────────────────────────────────────────────────────────
    test-results/specs-guitar-navigation-Gu-26e36-ve-route-on-FretVision-page-webkit/video.webm
    ────────────────────────────────────────────────────────────────────────────────────────────────

    Error Context: test-results/specs-guitar-navigation-Gu-26e36-ve-route-on-FretVision-page-webkit/error-context.md

  32) [webkit] › tests/specs/guitar-navigation.spec.js:63:3 › Guitar Platform Navigation Tests › should highlight active route on Tab Player page 

    Error: [2mexpect([22m[31mlocator[39m[2m).[22mtoBeVisible[2m([22m[2m)[22m failed

    Locator: locator('nav a:has-text("Tab Player")')
    Expected: visible
    Timeout: 5000ms
    Error: element(s) not found

    Call log:
    [2m  - Expect "toBeVisible" with timeout 5000ms[22m
    [2m  - waiting for locator('nav a:has-text("Tab Player")')[22m


      67 |     // Tab Player link should have active class (bg-blue-500)
      68 |     const tabPlayerLink = page.locator('nav a:has-text("Tab Player")');
    > 69 |     await expect(tabPlayerLink).toBeVisible();
         |                                 ^
      70 |
      71 |     const classes = await tabPlayerLink.getAttribute('class');
      72 |     expect(classes).toContain('bg-blue-500');
        at /Users/matthewscott/Projects/projectlavos-monorepo/tests/specs/guitar-navigation.spec.js:69:33

    attachment #1: screenshot (image/png) ──────────────────────────────────────────────────────────
    test-results/specs-guitar-navigation-Gu-93ede-ve-route-on-Tab-Player-page-webkit/test-failed-1.png
    ────────────────────────────────────────────────────────────────────────────────────────────────

    attachment #2: video (video/webm) ──────────────────────────────────────────────────────────────
    test-results/specs-guitar-navigation-Gu-93ede-ve-route-on-Tab-Player-page-webkit/video.webm
    ────────────────────────────────────────────────────────────────────────────────────────────────

    Error Context: test-results/specs-guitar-navigation-Gu-93ede-ve-route-on-Tab-Player-page-webkit/error-context.md

  33) [webkit] › tests/specs/guitar-navigation.spec.js:76:3 › Guitar Platform Navigation Tests › should highlight active route on Catalog page 

    Error: [2mexpect([22m[31mlocator[39m[2m).[22mtoBeVisible[2m([22m[2m)[22m failed

    Locator: locator('nav a:has-text("Catalog")')
    Expected: visible
    Timeout: 5000ms
    Error: element(s) not found

    Call log:
    [2m  - Expect "toBeVisible" with timeout 5000ms[22m
    [2m  - waiting for locator('nav a:has-text("Catalog")')[22m


      80 |     // Catalog link should have active class (bg-purple-500)
      81 |     const catalogLink = page.locator('nav a:has-text("Catalog")');
    > 82 |     await expect(catalogLink).toBeVisible();
         |                               ^
      83 |
      84 |     const classes = await catalogLink.getAttribute('class');
      85 |     expect(classes).toContain('bg-purple-500');
        at /Users/matthewscott/Projects/projectlavos-monorepo/tests/specs/guitar-navigation.spec.js:82:31

    attachment #1: screenshot (image/png) ──────────────────────────────────────────────────────────
    test-results/specs-guitar-navigation-Gu-10de7-ctive-route-on-Catalog-page-webkit/test-failed-1.png
    ────────────────────────────────────────────────────────────────────────────────────────────────

    attachment #2: video (video/webm) ──────────────────────────────────────────────────────────────
    test-results/specs-guitar-navigation-Gu-10de7-ctive-route-on-Catalog-page-webkit/video.webm
    ────────────────────────────────────────────────────────────────────────────────────────────────

    Error Context: test-results/specs-guitar-navigation-Gu-10de7-ctive-route-on-Catalog-page-webkit/error-context.md

  34) [webkit] › tests/specs/guitar-navigation.spec.js:108:3 › Guitar Platform Navigation Tests › should navigate from FretVision to Tab Player 

    TimeoutError: page.click: Timeout 10000ms exceeded.
    Call log:
    [2m  - waiting for locator('nav a:has-text("Tab Player")')[22m


      111 |
      112 |     // Click Tab Player link in navbar
    > 113 |     await page.click('nav a:has-text("Tab Player")');
          |                ^
      114 |     await page.waitForURL('**/tabplayer');
      115 |     await page.waitForLoadState('networkidle');
      116 |
        at /Users/matthewscott/Projects/projectlavos-monorepo/tests/specs/guitar-navigation.spec.js:113:16

    attachment #1: screenshot (image/png) ──────────────────────────────────────────────────────────
    test-results/specs-guitar-navigation-Gu-28249-om-FretVision-to-Tab-Player-webkit/test-failed-1.png
    ────────────────────────────────────────────────────────────────────────────────────────────────

    attachment #2: video (video/webm) ──────────────────────────────────────────────────────────────
    test-results/specs-guitar-navigation-Gu-28249-om-FretVision-to-Tab-Player-webkit/video.webm
    ────────────────────────────────────────────────────────────────────────────────────────────────

    Error Context: test-results/specs-guitar-navigation-Gu-28249-om-FretVision-to-Tab-Player-webkit/error-context.md

  35) [webkit] › tests/specs/guitar-navigation.spec.js:127:3 › Guitar Platform Navigation Tests › should navigate from Tab Player to Catalog 

    TimeoutError: page.click: Timeout 10000ms exceeded.
    Call log:
    [2m  - waiting for locator('nav a:has-text("Catalog")')[22m


      130 |
      131 |     // Click Catalog link in navbar
    > 132 |     await page.click('nav a:has-text("Catalog")');
          |                ^
      133 |     await page.waitForURL('**/catalog');
      134 |     await page.waitForLoadState('networkidle');
      135 |
        at /Users/matthewscott/Projects/projectlavos-monorepo/tests/specs/guitar-navigation.spec.js:132:16

    attachment #1: screenshot (image/png) ──────────────────────────────────────────────────────────
    test-results/specs-guitar-navigation-Gu-e4134--from-Tab-Player-to-Catalog-webkit/test-failed-1.png
    ────────────────────────────────────────────────────────────────────────────────────────────────

    attachment #2: video (video/webm) ──────────────────────────────────────────────────────────────
    test-results/specs-guitar-navigation-Gu-e4134--from-Tab-Player-to-Catalog-webkit/video.webm
    ────────────────────────────────────────────────────────────────────────────────────────────────

    Error Context: test-results/specs-guitar-navigation-Gu-e4134--from-Tab-Player-to-Catalog-webkit/error-context.md

  36) [webkit] › tests/specs/guitar-navigation.spec.js:146:3 › Guitar Platform Navigation Tests › should navigate to Home when clicking logo 

    TimeoutError: page.click: Timeout 10000ms exceeded.
    Call log:
    [2m  - waiting for locator('nav a:has-text("Guitar Platform")')[22m


      150 |
      151 |     // Click logo
    > 152 |     await page.click('nav a:has-text("Guitar Platform")');
          |                ^
      153 |     await page.waitForURL(`${baseUrl}/`);
      154 |     await page.waitForLoadState('networkidle');
      155 |
        at /Users/matthewscott/Projects/projectlavos-monorepo/tests/specs/guitar-navigation.spec.js:152:16

    attachment #1: screenshot (image/png) ──────────────────────────────────────────────────────────
    test-results/specs-guitar-navigation-Gu-9e72e--to-Home-when-clicking-logo-webkit/test-failed-1.png
    ────────────────────────────────────────────────────────────────────────────────────────────────

    attachment #2: video (video/webm) ──────────────────────────────────────────────────────────────
    test-results/specs-guitar-navigation-Gu-9e72e--to-Home-when-clicking-logo-webkit/video.webm
    ────────────────────────────────────────────────────────────────────────────────────────────────

    Error Context: test-results/specs-guitar-navigation-Gu-9e72e--to-Home-when-clicking-logo-webkit/error-context.md

  37) [webkit] › tests/specs/guitar-navigation.spec.js:166:3 › Guitar Platform Navigation Tests › should load all pages successfully 

    Error: [2mexpect([22m[31mreceived[39m[2m).[22mtoBe[2m([22m[32mexpected[39m[2m) // Object.is equality[22m

    Expected: [32m200[39m
    Received: [31m404[39m

      169 |
      170 |       // Verify successful load
    > 171 |       expect(response.status()).toBe(200);
          |                                 ^
      172 |
      173 |       await page.waitForLoadState('networkidle');
      174 |
        at /Users/matthewscott/Projects/projectlavos-monorepo/tests/specs/guitar-navigation.spec.js:171:33

    attachment #1: screenshot (image/png) ──────────────────────────────────────────────────────────
    test-results/specs-guitar-navigation-Gu-e2b55-load-all-pages-successfully-webkit/test-failed-1.png
    ────────────────────────────────────────────────────────────────────────────────────────────────

    attachment #2: video (video/webm) ──────────────────────────────────────────────────────────────
    test-results/specs-guitar-navigation-Gu-e2b55-load-all-pages-successfully-webkit/video.webm
    ────────────────────────────────────────────────────────────────────────────────────────────────

    Error Context: test-results/specs-guitar-navigation-Gu-e2b55-load-all-pages-successfully-webkit/error-context.md

  38) [webkit] › tests/specs/guitar-navigation.spec.js:270:3 › Guitar Platform Navigation Tests › should have consistent dark theme across all pages 

    Error: page.evaluate: TypeError: Argument 1 ('element') to Window.getComputedStyle must be an instance of Element

      274 |
      275 |       // Navigation should have dark background
    > 276 |       const navBgColor = await page.evaluate(() => {
          |                                     ^
      277 |         const nav = document.querySelector('nav.bg-gray-800');
      278 |         return window.getComputedStyle(nav).backgroundColor;
      279 |       });
        at /Users/matthewscott/Projects/projectlavos-monorepo/tests/specs/guitar-navigation.spec.js:276:37

    attachment #1: screenshot (image/png) ──────────────────────────────────────────────────────────
    test-results/specs-guitar-navigation-Gu-b8a3c-dark-theme-across-all-pages-webkit/test-failed-1.png
    ────────────────────────────────────────────────────────────────────────────────────────────────

    attachment #2: video (video/webm) ──────────────────────────────────────────────────────────────
    test-results/specs-guitar-navigation-Gu-b8a3c-dark-theme-across-all-pages-webkit/video.webm
    ────────────────────────────────────────────────────────────────────────────────────────────────

    Error Context: test-results/specs-guitar-navigation-Gu-b8a3c-dark-theme-across-all-pages-webkit/error-context.md

  39) [webkit] › tests/specs/mobile-responsiveness.spec.js:87:3 › Mobile Responsiveness Tests › should display restaurant selection in single column on mobile 

    Error: [2mexpect([22m[31mlocator[39m[2m).[22mtoBeVisible[2m([22m[2m)[22m failed

    Locator: locator('.grid.grid-cols-1.md\\:grid-cols-2')
    Expected: visible
    Error: strict mode violation: locator('.grid.grid-cols-1.md\\:grid-cols-2') resolved to 2 elements:
        1) <div class="grid grid-cols-1 md:grid-cols-2 gap-8">…</div> aka locator('div').filter({ hasText: 'PhishGuard ML7-model ensemble' }).nth(3)
        2) <div class="grid grid-cols-1 md:grid-cols-2 gap-4">…</div> aka getByText('🍽️Jack Fry\'sUpscale Southern🥂Proof on MainContemporary American🍺')

    Call log:
    [2m  - Expect "toBeVisible" with timeout 5000ms[22m
    [2m  - waiting for locator('.grid.grid-cols-1.md\\:grid-cols-2')[22m


       96 |     // Check that restaurant buttons stack vertically
       97 |     const restaurantGrid = page.locator('.grid.grid-cols-1.md\\:grid-cols-2');
    >  98 |     await expect(restaurantGrid).toBeVisible();
          |                                  ^
       99 |
      100 |     // Verify buttons are tappable (large enough touch targets)
      101 |     const firstButton = page.locator('button:has-text("Jack Fry")').first();
        at /Users/matthewscott/Projects/projectlavos-monorepo/tests/specs/mobile-responsiveness.spec.js:98:34

    attachment #1: screenshot (image/png) ──────────────────────────────────────────────────────────
    test-results/specs-mobile-responsivenes-fa2c2--in-single-column-on-mobile-webkit/test-failed-1.png
    ────────────────────────────────────────────────────────────────────────────────────────────────

    attachment #2: video (video/webm) ──────────────────────────────────────────────────────────────
    test-results/specs-mobile-responsivenes-fa2c2--in-single-column-on-mobile-webkit/video.webm
    ────────────────────────────────────────────────────────────────────────────────────────────────

    Error Context: test-results/specs-mobile-responsivenes-fa2c2--in-single-column-on-mobile-webkit/error-context.md

  40) [webkit] › tests/specs/mobile-responsiveness.spec.js:198:3 › Mobile Responsiveness Tests › should have touch-friendly navigation on mobile 

    Error: [2mexpect([22m[31mreceived[39m[2m).[22mtoBeGreaterThanOrEqual[2m([22m[32mexpected[39m[2m)[22m

    Expected: >= [32m44[39m
    Received:    [31m32[39m

      206 |
      207 |     // Touch target should be sufficient (minimum 44px per accessibility guidelines)
    > 208 |     expect(cardBox.height).toBeGreaterThanOrEqual(44);
          |                            ^
      209 |     expect(cardBox.width).toBeGreaterThanOrEqual(44);
      210 |
      211 |     // Verify card is tappable
        at /Users/matthewscott/Projects/projectlavos-monorepo/tests/specs/mobile-responsiveness.spec.js:208:28

    attachment #1: screenshot (image/png) ──────────────────────────────────────────────────────────
    test-results/specs-mobile-responsivenes-a9b0f-iendly-navigation-on-mobile-webkit/test-failed-1.png
    ────────────────────────────────────────────────────────────────────────────────────────────────

    attachment #2: video (video/webm) ──────────────────────────────────────────────────────────────
    test-results/specs-mobile-responsivenes-a9b0f-iendly-navigation-on-mobile-webkit/video.webm
    ────────────────────────────────────────────────────────────────────────────────────────────────

    Error Context: test-results/specs-mobile-responsivenes-a9b0f-iendly-navigation-on-mobile-webkit/error-context.md

  41) [webkit] › tests/specs/restaurant-analyzer.spec.js:69:3 › Restaurant Analyzer - Cross-Browser Tests › should analyze a restaurant and display results 

    Error: [2mexpect([22m[31mlocator[39m[2m).[22mtoBeVisible[2m([22m[2m)[22m failed

    Locator: locator('text=/[0-5]\\.[0-9]\\/5\\.0/').first()
    Expected: visible
    Timeout: 5000ms
    Error: element(s) not found

    Call log:
    [2m  - Expect "toBeVisible" with timeout 5000ms[22m
    [2m  - waiting for locator('text=/[0-5]\\.[0-9]\\/5\\.0/').first()[22m


      102 |     // Verify sentiment score is displayed (should be a number between 0-5)
      103 |     const sentimentScore = await page.locator('text=/[0-5]\\.[0-9]\\/5\\.0/').first();
    > 104 |     await expect(sentimentScore).toBeVisible();
          |                                  ^
      105 |
      106 |     // Take screenshot of results for visual verification
      107 |     await page.screenshot({
        at /Users/matthewscott/Projects/projectlavos-monorepo/tests/specs/restaurant-analyzer.spec.js:104:34

    attachment #1: screenshot (image/png) ──────────────────────────────────────────────────────────
    test-results/specs-restaurant-analyzer--97e66-taurant-and-display-results-webkit/test-failed-1.png
    ────────────────────────────────────────────────────────────────────────────────────────────────

    attachment #2: video (video/webm) ──────────────────────────────────────────────────────────────
    test-results/specs-restaurant-analyzer--97e66-taurant-and-display-results-webkit/video.webm
    ────────────────────────────────────────────────────────────────────────────────────────────────

    Error Context: test-results/specs-restaurant-analyzer--97e66-taurant-and-display-results-webkit/error-context.md

  42) [mobile-chrome] › tests/cross-subdomain.spec.js:49:3 › Cross-Subdomain Navigation › should open email with subject "10-Hour Question" from about page 

    Error: browserContext.waitForEvent: Test ended.

      49 |   test('should open email with subject "10-Hour Question" from about page', async ({ page, context }) => {
      50 |     // Track new page/popup openings
    > 51 |     const pagePromise = context.waitForEvent('page');
         |                                 ^
      52 |
      53 |     await page.goto(subdomains.about);
      54 |
        at /Users/matthewscott/Projects/projectlavos-monorepo/tests/cross-subdomain.spec.js:51:33

    attachment #1: screenshot (image/png) ──────────────────────────────────────────────────────────
    test-results/cross-subdomain-Cross-Subd-f5446-ur-Question-from-about-page-mobile-chrome/test-failed-1.png
    ────────────────────────────────────────────────────────────────────────────────────────────────

    attachment #2: video (video/webm) ──────────────────────────────────────────────────────────────
    test-results/cross-subdomain-Cross-Subd-f5446-ur-Question-from-about-page-mobile-chrome/video.webm
    ────────────────────────────────────────────────────────────────────────────────────────────────

  43) [mobile-chrome] › tests/cross-subdomain.spec.js:68:3 › Cross-Subdomain Navigation › should display 10-Hour Question prominently on about page 

    Error: [2mexpect([22m[31mlocator[39m[2m).[22mtoBeVisible[2m([22m[2m)[22m failed

    Locator: locator('text=/10.*hour.*question/i, text=/what.*taking.*10.*hour/i').first()
    Expected: visible
    Timeout: 5000ms
    Error: element(s) not found

    Call log:
    [2m  - Expect "toBeVisible" with timeout 5000ms[22m
    [2m  - waiting for locator('text=/10.*hour.*question/i, text=/what.*taking.*10.*hour/i').first()[22m


      71 |     // Look for 10-Hour Question in hero section (item 22)
      72 |     const tenHourQuestion = page.locator('text=/10.*hour.*question/i, text=/what.*taking.*10.*hour/i').first();
    > 73 |     await expect(tenHourQuestion).toBeVisible({ timeout: 5000 });
         |                                   ^
      74 |
      75 |     // Should be in prominent position (top 50% of viewport)
      76 |     const box = await tenHourQuestion.boundingBox();
        at /Users/matthewscott/Projects/projectlavos-monorepo/tests/cross-subdomain.spec.js:73:35

    attachment #1: screenshot (image/png) ──────────────────────────────────────────────────────────
    test-results/cross-subdomain-Cross-Subd-568c8-n-prominently-on-about-page-mobile-chrome/test-failed-1.png
    ────────────────────────────────────────────────────────────────────────────────────────────────

    attachment #2: video (video/webm) ──────────────────────────────────────────────────────────────
    test-results/cross-subdomain-Cross-Subd-568c8-n-prominently-on-about-page-mobile-chrome/video.webm
    ────────────────────────────────────────────────────────────────────────────────────────────────

    Error Context: test-results/cross-subdomain-Cross-Subd-568c8-n-prominently-on-about-page-mobile-chrome/error-context.md

  44) [mobile-chrome] › tests/cross-subdomain.spec.js:128:3 › Cross-Subdomain Navigation › should maintain consistent navigation across all subdomains 

    Error: [2mexpect([22m[31mreceived[39m[2m).[22mtoBeGreaterThan[2m([22m[32mexpected[39m[2m)[22m

    Expected: > [32m0[39m
    Received:   [31m0[39m

      139 |       // Should have links to other subdomains
      140 |       const links = await page.locator('nav a, header a').count();
    > 141 |       expect(links).toBeGreaterThan(0);
          |                     ^
      142 |     }
      143 |   });
      144 |
        at /Users/matthewscott/Projects/projectlavos-monorepo/tests/cross-subdomain.spec.js:141:21

    attachment #1: screenshot (image/png) ──────────────────────────────────────────────────────────
    test-results/cross-subdomain-Cross-Subd-cec9e-ation-across-all-subdomains-mobile-chrome/test-failed-1.png
    ────────────────────────────────────────────────────────────────────────────────────────────────

    attachment #2: video (video/webm) ──────────────────────────────────────────────────────────────
    test-results/cross-subdomain-Cross-Subd-cec9e-ation-across-all-subdomains-mobile-chrome/video.webm
    ────────────────────────────────────────────────────────────────────────────────────────────────

    Error Context: test-results/cross-subdomain-Cross-Subd-cec9e-ation-across-all-subdomains-mobile-chrome/error-context.md

  45) [mobile-chrome] › tests/restaurant-analyzer.spec.js:13:3 › Restaurant Analyzer - Desktop Chrome › should load demos page successfully 

    Error: [2mexpect([22m[31mlocator[39m[2m).[22mtoContainText[2m([22m[32mexpected[39m[2m)[22m failed

    Locator: locator('h1')
    Expected pattern: [32m/demo/i[39m
    Received string:  [31m"Matthew Scott"[39m
    Timeout: 5000ms

    Call log:
    [2m  - Expect "toContainText" with timeout 5000ms[22m
    [2m  - waiting for locator('h1')[22m
    [2m    9 × locator resolved to <h1 class="text-5xl md:text-7xl font-black px-12 py-6 bg-white text-lavos-blue border-4 border-lavos-black shadow-brutal-lg">Matthew Scott</h1>[22m
    [2m      - unexpected value "Matthew Scott"[22m


      13 |   test('should load demos page successfully', async ({ page }) => {
      14 |     await expect(page).toHaveTitle(/Project Lavos/i);
    > 15 |     await expect(page.locator('h1')).toContainText(/demo/i);
         |                                      ^
      16 |   });
      17 |
      18 |   test('should display Restaurant Analyzer demo', async ({ page }) => {
        at /Users/matthewscott/Projects/projectlavos-monorepo/tests/restaurant-analyzer.spec.js:15:38

    attachment #1: screenshot (image/png) ──────────────────────────────────────────────────────────
    test-results/restaurant-analyzer-Restau-b565a-oad-demos-page-successfully-mobile-chrome/test-failed-1.png
    ────────────────────────────────────────────────────────────────────────────────────────────────

    attachment #2: video (video/webm) ──────────────────────────────────────────────────────────────
    test-results/restaurant-analyzer-Restau-b565a-oad-demos-page-successfully-mobile-chrome/video.webm
    ────────────────────────────────────────────────────────────────────────────────────────────────

    Error Context: test-results/restaurant-analyzer-Restau-b565a-oad-demos-page-successfully-mobile-chrome/error-context.md

  46) [mobile-chrome] › tests/restaurant-analyzer.spec.js:24:3 › Restaurant Analyzer - Desktop Chrome › should analyze Jack Fry's restaurant 

    Error: locator.selectOption: options[0].label: expected string, got object

      29 |     const dropdown = page.locator('select').first();
      30 |     if (await dropdown.isVisible({ timeout: 2000 }).catch(() => false)) {
    > 31 |       await dropdown.selectOption({ label: /Jack.*Fry/i });
         |                      ^
      32 |     } else if (await jackFrysButton.isVisible({ timeout: 2000 }).catch(() => false)) {
      33 |       await jackFrysButton.click();
      34 |     }
        at /Users/matthewscott/Projects/projectlavos-monorepo/tests/restaurant-analyzer.spec.js:31:22

    attachment #1: screenshot (image/png) ──────────────────────────────────────────────────────────
    test-results/restaurant-analyzer-Restau-51d37-alyze-Jack-Fry-s-restaurant-mobile-chrome/test-failed-1.png
    ────────────────────────────────────────────────────────────────────────────────────────────────

    attachment #2: video (video/webm) ──────────────────────────────────────────────────────────────
    test-results/restaurant-analyzer-Restau-51d37-alyze-Jack-Fry-s-restaurant-mobile-chrome/video.webm
    ────────────────────────────────────────────────────────────────────────────────────────────────

    Error Context: test-results/restaurant-analyzer-Restau-51d37-alyze-Jack-Fry-s-restaurant-mobile-chrome/error-context.md

  47) [mobile-chrome] › tests/specs/cross-subdomain-navigation.spec.js:6:3 › Cross-Subdomain Navigation Tests › should navigate from demos to main site 

    Error: [2mexpect([22m[31mreceived[39m[2m).[22mnot[2m.[22mtoContain[2m([22m[32mexpected[39m[2m) // indexOf[22m

    Expected substring: not [32m"demos."[39m
    Received string:        [31m"https://[7mdemos.[27mprojectlavos.com/"[39m

      20 |       // Verify we're on main site
      21 |       expect(page.url()).toContain('projectlavos.com');
    > 22 |       expect(page.url()).not.toContain('demos.');
         |                              ^
      23 |       expect(page.url()).not.toContain('about.');
      24 |       expect(page.url()).not.toContain('services.');
      25 |     }
        at /Users/matthewscott/Projects/projectlavos-monorepo/tests/specs/cross-subdomain-navigation.spec.js:22:30

    attachment #1: screenshot (image/png) ──────────────────────────────────────────────────────────
    test-results/specs-cross-subdomain-navi-8e288-ate-from-demos-to-main-site-mobile-chrome/test-failed-1.png
    ────────────────────────────────────────────────────────────────────────────────────────────────

    attachment #2: video (video/webm) ──────────────────────────────────────────────────────────────
    test-results/specs-cross-subdomain-navi-8e288-ate-from-demos-to-main-site-mobile-chrome/video-1.webm
    ────────────────────────────────────────────────────────────────────────────────────────────────

    attachment #3: video (video/webm) ──────────────────────────────────────────────────────────────
    test-results/specs-cross-subdomain-navi-8e288-ate-from-demos-to-main-site-mobile-chrome/video.webm
    ────────────────────────────────────────────────────────────────────────────────────────────────

    attachment #4: screenshot (image/png) ──────────────────────────────────────────────────────────
    test-results/specs-cross-subdomain-navi-8e288-ate-from-demos-to-main-site-mobile-chrome/test-failed-2.png
    ────────────────────────────────────────────────────────────────────────────────────────────────

    Error Context: test-results/specs-cross-subdomain-navi-8e288-ate-from-demos-to-main-site-mobile-chrome/error-context.md

  48) [mobile-chrome] › tests/specs/error-states.spec.js:98:3 › Error State Testing › should handle 502 bad gateway error 

    Error: [2mexpect([22m[31mlocator[39m[2m).[22mtoBeVisible[2m([22m[2m)[22m failed

    Locator: locator('text=/server error|try again/i')
    Expected: visible
    Error: strict mode violation: locator('text=/server error|try again/i') resolved to 2 elements:
        1) <strong class="text-red-700 block mb-2">⚠️ Server error. Our team has been notified. Plea…</strong> aka getByText('⚠️ Server error. Our team has')
        2) <button class="mt-2 bg-red-600 text-white px-4 py-2 rounded-sm font-semibold hover:bg-red-700 transition-colors disabled:opacity-50">Try Again</button> aka getByRole('button', { name: 'Try Again' })

    Call log:
    [2m  - Expect "toBeVisible" with timeout 10000ms[22m
    [2m  - waiting for locator('text=/server error|try again/i')[22m


      115 |
      116 |     // Verify error message
    > 117 |     await expect(page.locator('text=/server error|try again/i')).toBeVisible({ timeout: 10000 });
          |                                                                  ^
      118 |   });
      119 |
      120 |   test('should allow retry after error', async ({ page, context }) => {
        at /Users/matthewscott/Projects/projectlavos-monorepo/tests/specs/error-states.spec.js:117:66

    attachment #1: screenshot (image/png) ──────────────────────────────────────────────────────────
    test-results/specs-error-states-Error-S-b1460-andle-502-bad-gateway-error-mobile-chrome/test-failed-1.png
    ────────────────────────────────────────────────────────────────────────────────────────────────

    attachment #2: video (video/webm) ──────────────────────────────────────────────────────────────
    test-results/specs-error-states-Error-S-b1460-andle-502-bad-gateway-error-mobile-chrome/video.webm
    ────────────────────────────────────────────────────────────────────────────────────────────────

    Error Context: test-results/specs-error-states-Error-S-b1460-andle-502-bad-gateway-error-mobile-chrome/error-context.md

  49) [mobile-chrome] › tests/specs/guitar-navigation.spec.js:13:3 › Guitar Platform Navigation Tests › should display navigation bar on all pages 

    Error: [2mexpect([22m[31mlocator[39m[2m).[22mtoBeVisible[2m([22m[2m)[22m failed

    Locator: locator('nav.bg-gray-800')
    Expected: visible
    Timeout: 5000ms
    Error: element(s) not found

    Call log:
    [2m  - Expect "toBeVisible" with timeout 5000ms[22m
    [2m  - waiting for locator('nav.bg-gray-800')[22m


      18 |       // Navigation bar should be visible
      19 |       const nav = page.locator('nav.bg-gray-800');
    > 20 |       await expect(nav).toBeVisible();
         |                         ^
      21 |
      22 |       // Should have sticky positioning
      23 |       const navClasses = await nav.getAttribute('class');
        at /Users/matthewscott/Projects/projectlavos-monorepo/tests/specs/guitar-navigation.spec.js:20:25

    attachment #1: screenshot (image/png) ──────────────────────────────────────────────────────────
    test-results/specs-guitar-navigation-Gu-844c6-navigation-bar-on-all-pages-mobile-chrome/test-failed-1.png
    ────────────────────────────────────────────────────────────────────────────────────────────────

    attachment #2: video (video/webm) ──────────────────────────────────────────────────────────────
    test-results/specs-guitar-navigation-Gu-844c6-navigation-bar-on-all-pages-mobile-chrome/video.webm
    ────────────────────────────────────────────────────────────────────────────────────────────────

    Error Context: test-results/specs-guitar-navigation-Gu-844c6-navigation-bar-on-all-pages-mobile-chrome/error-context.md

  50) [mobile-chrome] › tests/specs/guitar-navigation.spec.js:50:3 › Guitar Platform Navigation Tests › should highlight active route on FretVision page 

    Error: [2mexpect([22m[31mlocator[39m[2m).[22mtoBeVisible[2m([22m[2m)[22m failed

    Locator: locator('nav a:has-text("FretVision")')
    Expected: visible
    Timeout: 5000ms
    Error: element(s) not found

    Call log:
    [2m  - Expect "toBeVisible" with timeout 5000ms[22m
    [2m  - waiting for locator('nav a:has-text("FretVision")')[22m


      54 |     // FretVision link should have active class (bg-green-500)
      55 |     const fretVisionLink = page.locator('nav a:has-text("FretVision")');
    > 56 |     await expect(fretVisionLink).toBeVisible();
         |                                  ^
      57 |
      58 |     const classes = await fretVisionLink.getAttribute('class');
      59 |     expect(classes).toContain('bg-green-500');
        at /Users/matthewscott/Projects/projectlavos-monorepo/tests/specs/guitar-navigation.spec.js:56:34

    attachment #1: screenshot (image/png) ──────────────────────────────────────────────────────────
    test-results/specs-guitar-navigation-Gu-26e36-ve-route-on-FretVision-page-mobile-chrome/test-failed-1.png
    ────────────────────────────────────────────────────────────────────────────────────────────────

    attachment #2: video (video/webm) ──────────────────────────────────────────────────────────────
    test-results/specs-guitar-navigation-Gu-26e36-ve-route-on-FretVision-page-mobile-chrome/video.webm
    ────────────────────────────────────────────────────────────────────────────────────────────────

    Error Context: test-results/specs-guitar-navigation-Gu-26e36-ve-route-on-FretVision-page-mobile-chrome/error-context.md

  51) [mobile-chrome] › tests/specs/guitar-navigation.spec.js:63:3 › Guitar Platform Navigation Tests › should highlight active route on Tab Player page 

    Error: [2mexpect([22m[31mlocator[39m[2m).[22mtoBeVisible[2m([22m[2m)[22m failed

    Locator: locator('nav a:has-text("Tab Player")')
    Expected: visible
    Timeout: 5000ms
    Error: element(s) not found

    Call log:
    [2m  - Expect "toBeVisible" with timeout 5000ms[22m
    [2m  - waiting for locator('nav a:has-text("Tab Player")')[22m


      67 |     // Tab Player link should have active class (bg-blue-500)
      68 |     const tabPlayerLink = page.locator('nav a:has-text("Tab Player")');
    > 69 |     await expect(tabPlayerLink).toBeVisible();
         |                                 ^
      70 |
      71 |     const classes = await tabPlayerLink.getAttribute('class');
      72 |     expect(classes).toContain('bg-blue-500');
        at /Users/matthewscott/Projects/projectlavos-monorepo/tests/specs/guitar-navigation.spec.js:69:33

    attachment #1: screenshot (image/png) ──────────────────────────────────────────────────────────
    test-results/specs-guitar-navigation-Gu-93ede-ve-route-on-Tab-Player-page-mobile-chrome/test-failed-1.png
    ────────────────────────────────────────────────────────────────────────────────────────────────

    attachment #2: video (video/webm) ──────────────────────────────────────────────────────────────
    test-results/specs-guitar-navigation-Gu-93ede-ve-route-on-Tab-Player-page-mobile-chrome/video.webm
    ────────────────────────────────────────────────────────────────────────────────────────────────

    Error Context: test-results/specs-guitar-navigation-Gu-93ede-ve-route-on-Tab-Player-page-mobile-chrome/error-context.md

  52) [mobile-chrome] › tests/specs/guitar-navigation.spec.js:76:3 › Guitar Platform Navigation Tests › should highlight active route on Catalog page 

    Error: [2mexpect([22m[31mlocator[39m[2m).[22mtoBeVisible[2m([22m[2m)[22m failed

    Locator: locator('nav a:has-text("Catalog")')
    Expected: visible
    Timeout: 5000ms
    Error: element(s) not found

    Call log:
    [2m  - Expect "toBeVisible" with timeout 5000ms[22m
    [2m  - waiting for locator('nav a:has-text("Catalog")')[22m


      80 |     // Catalog link should have active class (bg-purple-500)
      81 |     const catalogLink = page.locator('nav a:has-text("Catalog")');
    > 82 |     await expect(catalogLink).toBeVisible();
         |                               ^
      83 |
      84 |     const classes = await catalogLink.getAttribute('class');
      85 |     expect(classes).toContain('bg-purple-500');
        at /Users/matthewscott/Projects/projectlavos-monorepo/tests/specs/guitar-navigation.spec.js:82:31

    attachment #1: screenshot (image/png) ──────────────────────────────────────────────────────────
    test-results/specs-guitar-navigation-Gu-10de7-ctive-route-on-Catalog-page-mobile-chrome/test-failed-1.png
    ────────────────────────────────────────────────────────────────────────────────────────────────

    attachment #2: video (video/webm) ──────────────────────────────────────────────────────────────
    test-results/specs-guitar-navigation-Gu-10de7-ctive-route-on-Catalog-page-mobile-chrome/video.webm
    ────────────────────────────────────────────────────────────────────────────────────────────────

    Error Context: test-results/specs-guitar-navigation-Gu-10de7-ctive-route-on-Catalog-page-mobile-chrome/error-context.md

  53) [mobile-chrome] › tests/specs/guitar-navigation.spec.js:108:3 › Guitar Platform Navigation Tests › should navigate from FretVision to Tab Player 

    TimeoutError: page.click: Timeout 10000ms exceeded.
    Call log:
    [2m  - waiting for locator('nav a:has-text("Tab Player")')[22m


      111 |
      112 |     // Click Tab Player link in navbar
    > 113 |     await page.click('nav a:has-text("Tab Player")');
          |                ^
      114 |     await page.waitForURL('**/tabplayer');
      115 |     await page.waitForLoadState('networkidle');
      116 |
        at /Users/matthewscott/Projects/projectlavos-monorepo/tests/specs/guitar-navigation.spec.js:113:16

    attachment #1: screenshot (image/png) ──────────────────────────────────────────────────────────
    test-results/specs-guitar-navigation-Gu-28249-om-FretVision-to-Tab-Player-mobile-chrome/test-failed-1.png
    ────────────────────────────────────────────────────────────────────────────────────────────────

    attachment #2: video (video/webm) ──────────────────────────────────────────────────────────────
    test-results/specs-guitar-navigation-Gu-28249-om-FretVision-to-Tab-Player-mobile-chrome/video.webm
    ────────────────────────────────────────────────────────────────────────────────────────────────

    Error Context: test-results/specs-guitar-navigation-Gu-28249-om-FretVision-to-Tab-Player-mobile-chrome/error-context.md

  54) [mobile-chrome] › tests/specs/guitar-navigation.spec.js:127:3 › Guitar Platform Navigation Tests › should navigate from Tab Player to Catalog 

    TimeoutError: page.click: Timeout 10000ms exceeded.
    Call log:
    [2m  - waiting for locator('nav a:has-text("Catalog")')[22m


      130 |
      131 |     // Click Catalog link in navbar
    > 132 |     await page.click('nav a:has-text("Catalog")');
          |                ^
      133 |     await page.waitForURL('**/catalog');
      134 |     await page.waitForLoadState('networkidle');
      135 |
        at /Users/matthewscott/Projects/projectlavos-monorepo/tests/specs/guitar-navigation.spec.js:132:16

    attachment #1: screenshot (image/png) ──────────────────────────────────────────────────────────
    test-results/specs-guitar-navigation-Gu-e4134--from-Tab-Player-to-Catalog-mobile-chrome/test-failed-1.png
    ────────────────────────────────────────────────────────────────────────────────────────────────

    attachment #2: video (video/webm) ──────────────────────────────────────────────────────────────
    test-results/specs-guitar-navigation-Gu-e4134--from-Tab-Player-to-Catalog-mobile-chrome/video.webm
    ────────────────────────────────────────────────────────────────────────────────────────────────

    Error Context: test-results/specs-guitar-navigation-Gu-e4134--from-Tab-Player-to-Catalog-mobile-chrome/error-context.md

  55) [mobile-chrome] › tests/specs/guitar-navigation.spec.js:146:3 › Guitar Platform Navigation Tests › should navigate to Home when clicking logo 

    TimeoutError: page.click: Timeout 10000ms exceeded.
    Call log:
    [2m  - waiting for locator('nav a:has-text("Guitar Platform")')[22m


      150 |
      151 |     // Click logo
    > 152 |     await page.click('nav a:has-text("Guitar Platform")');
          |                ^
      153 |     await page.waitForURL(`${baseUrl}/`);
      154 |     await page.waitForLoadState('networkidle');
      155 |
        at /Users/matthewscott/Projects/projectlavos-monorepo/tests/specs/guitar-navigation.spec.js:152:16

    attachment #1: screenshot (image/png) ──────────────────────────────────────────────────────────
    test-results/specs-guitar-navigation-Gu-9e72e--to-Home-when-clicking-logo-mobile-chrome/test-failed-1.png
    ────────────────────────────────────────────────────────────────────────────────────────────────

    attachment #2: video (video/webm) ──────────────────────────────────────────────────────────────
    test-results/specs-guitar-navigation-Gu-9e72e--to-Home-when-clicking-logo-mobile-chrome/video.webm
    ────────────────────────────────────────────────────────────────────────────────────────────────

    Error Context: test-results/specs-guitar-navigation-Gu-9e72e--to-Home-when-clicking-logo-mobile-chrome/error-context.md

  56) [mobile-chrome] › tests/specs/guitar-navigation.spec.js:166:3 › Guitar Platform Navigation Tests › should load all pages successfully 

    Error: [2mexpect([22m[31mreceived[39m[2m).[22mtoBe[2m([22m[32mexpected[39m[2m) // Object.is equality[22m

    Expected: [32m200[39m
    Received: [31m404[39m

      169 |
      170 |       // Verify successful load
    > 171 |       expect(response.status()).toBe(200);
          |                                 ^
      172 |
      173 |       await page.waitForLoadState('networkidle');
      174 |
        at /Users/matthewscott/Projects/projectlavos-monorepo/tests/specs/guitar-navigation.spec.js:171:33

    attachment #1: screenshot (image/png) ──────────────────────────────────────────────────────────
    test-results/specs-guitar-navigation-Gu-e2b55-load-all-pages-successfully-mobile-chrome/test-failed-1.png
    ────────────────────────────────────────────────────────────────────────────────────────────────

    attachment #2: video (video/webm) ──────────────────────────────────────────────────────────────
    test-results/specs-guitar-navigation-Gu-e2b55-load-all-pages-successfully-mobile-chrome/video.webm
    ────────────────────────────────────────────────────────────────────────────────────────────────

    Error Context: test-results/specs-guitar-navigation-Gu-e2b55-load-all-pages-successfully-mobile-chrome/error-context.md

  57) [mobile-chrome] › tests/specs/guitar-navigation.spec.js:270:3 › Guitar Platform Navigation Tests › should have consistent dark theme across all pages 

    Error: page.evaluate: TypeError: Failed to execute 'getComputedStyle' on 'Window': parameter 1 is not of type 'Element'.
        at eval (eval at evaluate (:290:30), <anonymous>:3:23)
        at UtilityScript.evaluate (<anonymous>:292:16)
        at UtilityScript.<anonymous> (<anonymous>:1:44)
        at eval (eval at evaluate (:290:30), <anonymous>:3:23)
        at UtilityScript.evaluate (<anonymous>:292:16)
        at UtilityScript.<anonymous> (<anonymous>:1:44)
        at /Users/matthewscott/Projects/projectlavos-monorepo/tests/specs/guitar-navigation.spec.js:276:37

    attachment #1: screenshot (image/png) ──────────────────────────────────────────────────────────
    test-results/specs-guitar-navigation-Gu-b8a3c-dark-theme-across-all-pages-mobile-chrome/test-failed-1.png
    ────────────────────────────────────────────────────────────────────────────────────────────────

    attachment #2: video (video/webm) ──────────────────────────────────────────────────────────────
    test-results/specs-guitar-navigation-Gu-b8a3c-dark-theme-across-all-pages-mobile-chrome/video.webm
    ────────────────────────────────────────────────────────────────────────────────────────────────

    Error Context: test-results/specs-guitar-navigation-Gu-b8a3c-dark-theme-across-all-pages-mobile-chrome/error-context.md

  58) [mobile-chrome] › tests/specs/mobile-responsiveness.spec.js:87:3 › Mobile Responsiveness Tests › should display restaurant selection in single column on mobile 

    Error: [2mexpect([22m[31mlocator[39m[2m).[22mtoBeVisible[2m([22m[2m)[22m failed

    Locator: locator('.grid.grid-cols-1.md\\:grid-cols-2')
    Expected: visible
    Error: strict mode violation: locator('.grid.grid-cols-1.md\\:grid-cols-2') resolved to 2 elements:
        1) <div class="grid grid-cols-1 md:grid-cols-2 gap-8">…</div> aka locator('div').filter({ hasText: 'PhishGuard ML7-model ensemble' }).nth(3)
        2) <div class="grid grid-cols-1 md:grid-cols-2 gap-4">…</div> aka getByText('🍽️Jack Fry\'sUpscale Southern🥂Proof on MainContemporary American🍺')

    Call log:
    [2m  - Expect "toBeVisible" with timeout 5000ms[22m
    [2m  - waiting for locator('.grid.grid-cols-1.md\\:grid-cols-2')[22m


       96 |     // Check that restaurant buttons stack vertically
       97 |     const restaurantGrid = page.locator('.grid.grid-cols-1.md\\:grid-cols-2');
    >  98 |     await expect(restaurantGrid).toBeVisible();
          |                                  ^
       99 |
      100 |     // Verify buttons are tappable (large enough touch targets)
      101 |     const firstButton = page.locator('button:has-text("Jack Fry")').first();
        at /Users/matthewscott/Projects/projectlavos-monorepo/tests/specs/mobile-responsiveness.spec.js:98:34

    attachment #1: screenshot (image/png) ──────────────────────────────────────────────────────────
    test-results/specs-mobile-responsivenes-fa2c2--in-single-column-on-mobile-mobile-chrome/test-failed-1.png
    ────────────────────────────────────────────────────────────────────────────────────────────────

    attachment #2: video (video/webm) ──────────────────────────────────────────────────────────────
    test-results/specs-mobile-responsivenes-fa2c2--in-single-column-on-mobile-mobile-chrome/video.webm
    ────────────────────────────────────────────────────────────────────────────────────────────────

    Error Context: test-results/specs-mobile-responsivenes-fa2c2--in-single-column-on-mobile-mobile-chrome/error-context.md

  59) [mobile-chrome] › tests/specs/mobile-responsiveness.spec.js:198:3 › Mobile Responsiveness Tests › should have touch-friendly navigation on mobile 

    Error: [2mexpect([22m[31mreceived[39m[2m).[22mtoBeGreaterThanOrEqual[2m([22m[32mexpected[39m[2m)[22m

    Expected: >= [32m44[39m
    Received:    [31m32[39m

      206 |
      207 |     // Touch target should be sufficient (minimum 44px per accessibility guidelines)
    > 208 |     expect(cardBox.height).toBeGreaterThanOrEqual(44);
          |                            ^
      209 |     expect(cardBox.width).toBeGreaterThanOrEqual(44);
      210 |
      211 |     // Verify card is tappable
        at /Users/matthewscott/Projects/projectlavos-monorepo/tests/specs/mobile-responsiveness.spec.js:208:28

    attachment #1: screenshot (image/png) ──────────────────────────────────────────────────────────
    test-results/specs-mobile-responsivenes-a9b0f-iendly-navigation-on-mobile-mobile-chrome/test-failed-1.png
    ────────────────────────────────────────────────────────────────────────────────────────────────

    attachment #2: video (video/webm) ──────────────────────────────────────────────────────────────
    test-results/specs-mobile-responsivenes-a9b0f-iendly-navigation-on-mobile-mobile-chrome/video.webm
    ────────────────────────────────────────────────────────────────────────────────────────────────

    Error Context: test-results/specs-mobile-responsivenes-a9b0f-iendly-navigation-on-mobile-mobile-chrome/error-context.md

  60) [mobile-chrome] › tests/specs/mobile-responsiveness.spec.js:290:3 › Mobile Responsiveness Tests › should handle modal overflow on small viewports 

    Error: [2mexpect([22m[31mreceived[39m[2m).[22mtoBeLessThanOrEqual[2m([22m[32mexpected[39m[2m)[22m

    Expected: <= [32m320[39m
    Received:    [31m344[39m

      303 |     // Check that content doesn't overflow horizontally
      304 |     const modalWidth = await modal.evaluate(el => el.scrollWidth);
    > 305 |     expect(modalWidth).toBeLessThanOrEqual(320);
          |                        ^
      306 |   });
      307 | });
      308 |
        at /Users/matthewscott/Projects/projectlavos-monorepo/tests/specs/mobile-responsiveness.spec.js:305:24

    attachment #1: screenshot (image/png) ──────────────────────────────────────────────────────────
    test-results/specs-mobile-responsivenes-7beea-overflow-on-small-viewports-mobile-chrome/test-failed-1.png
    ────────────────────────────────────────────────────────────────────────────────────────────────

    attachment #2: video (video/webm) ──────────────────────────────────────────────────────────────
    test-results/specs-mobile-responsivenes-7beea-overflow-on-small-viewports-mobile-chrome/video.webm
    ────────────────────────────────────────────────────────────────────────────────────────────────

    Error Context: test-results/specs-mobile-responsivenes-7beea-overflow-on-small-viewports-mobile-chrome/error-context.md

  61) [mobile-chrome] › tests/specs/restaurant-analyzer.spec.js:69:3 › Restaurant Analyzer - Cross-Browser Tests › should analyze a restaurant and display results 

    Error: [2mexpect([22m[31mlocator[39m[2m).[22mtoBeVisible[2m([22m[2m)[22m failed

    Locator: locator('text=/[0-5]\\.[0-9]\\/5\\.0/').first()
    Expected: visible
    Timeout: 5000ms
    Error: element(s) not found

    Call log:
    [2m  - Expect "toBeVisible" with timeout 5000ms[22m
    [2m  - waiting for locator('text=/[0-5]\\.[0-9]\\/5\\.0/').first()[22m


      102 |     // Verify sentiment score is displayed (should be a number between 0-5)
      103 |     const sentimentScore = await page.locator('text=/[0-5]\\.[0-9]\\/5\\.0/').first();
    > 104 |     await expect(sentimentScore).toBeVisible();
          |                                  ^
      105 |
      106 |     // Take screenshot of results for visual verification
      107 |     await page.screenshot({
        at /Users/matthewscott/Projects/projectlavos-monorepo/tests/specs/restaurant-analyzer.spec.js:104:34

    attachment #1: screenshot (image/png) ──────────────────────────────────────────────────────────
    test-results/specs-restaurant-analyzer--97e66-taurant-and-display-results-mobile-chrome/test-failed-1.png
    ────────────────────────────────────────────────────────────────────────────────────────────────

    attachment #2: video (video/webm) ──────────────────────────────────────────────────────────────
    test-results/specs-restaurant-analyzer--97e66-taurant-and-display-results-mobile-chrome/video.webm
    ────────────────────────────────────────────────────────────────────────────────────────────────

    Error Context: test-results/specs-restaurant-analyzer--97e66-taurant-and-display-results-mobile-chrome/error-context.md

  62) [mobile-safari] › tests/cross-subdomain.spec.js:49:3 › Cross-Subdomain Navigation › should open email with subject "10-Hour Question" from about page 

    Error: browserContext.waitForEvent: Test ended.

      49 |   test('should open email with subject "10-Hour Question" from about page', async ({ page, context }) => {
      50 |     // Track new page/popup openings
    > 51 |     const pagePromise = context.waitForEvent('page');
         |                                 ^
      52 |
      53 |     await page.goto(subdomains.about);
      54 |
        at /Users/matthewscott/Projects/projectlavos-monorepo/tests/cross-subdomain.spec.js:51:33

    attachment #1: screenshot (image/png) ──────────────────────────────────────────────────────────
    test-results/cross-subdomain-Cross-Subd-f5446-ur-Question-from-about-page-mobile-safari/test-failed-1.png
    ────────────────────────────────────────────────────────────────────────────────────────────────

    attachment #2: video (video/webm) ──────────────────────────────────────────────────────────────
    test-results/cross-subdomain-Cross-Subd-f5446-ur-Question-from-about-page-mobile-safari/video.webm
    ────────────────────────────────────────────────────────────────────────────────────────────────

  63) [mobile-safari] › tests/cross-subdomain.spec.js:68:3 › Cross-Subdomain Navigation › should display 10-Hour Question prominently on about page 

    Error: [2mexpect([22m[31mlocator[39m[2m).[22mtoBeVisible[2m([22m[2m)[22m failed

    Locator: locator('text=/10.*hour.*question/i, text=/what.*taking.*10.*hour/i').first()
    Expected: visible
    Timeout: 5000ms
    Error: element(s) not found

    Call log:
    [2m  - Expect "toBeVisible" with timeout 5000ms[22m
    [2m  - waiting for locator('text=/10.*hour.*question/i, text=/what.*taking.*10.*hour/i').first()[22m


      71 |     // Look for 10-Hour Question in hero section (item 22)
      72 |     const tenHourQuestion = page.locator('text=/10.*hour.*question/i, text=/what.*taking.*10.*hour/i').first();
    > 73 |     await expect(tenHourQuestion).toBeVisible({ timeout: 5000 });
         |                                   ^
      74 |
      75 |     // Should be in prominent position (top 50% of viewport)
      76 |     const box = await tenHourQuestion.boundingBox();
        at /Users/matthewscott/Projects/projectlavos-monorepo/tests/cross-subdomain.spec.js:73:35

    attachment #1: screenshot (image/png) ──────────────────────────────────────────────────────────
    test-results/cross-subdomain-Cross-Subd-568c8-n-prominently-on-about-page-mobile-safari/test-failed-1.png
    ────────────────────────────────────────────────────────────────────────────────────────────────

    attachment #2: video (video/webm) ──────────────────────────────────────────────────────────────
    test-results/cross-subdomain-Cross-Subd-568c8-n-prominently-on-about-page-mobile-safari/video.webm
    ────────────────────────────────────────────────────────────────────────────────────────────────

    Error Context: test-results/cross-subdomain-Cross-Subd-568c8-n-prominently-on-about-page-mobile-safari/error-context.md

  64) [mobile-safari] › tests/cross-subdomain.spec.js:128:3 › Cross-Subdomain Navigation › should maintain consistent navigation across all subdomains 

    Error: [2mexpect([22m[31mreceived[39m[2m).[22mtoBeGreaterThan[2m([22m[32mexpected[39m[2m)[22m

    Expected: > [32m0[39m
    Received:   [31m0[39m

      139 |       // Should have links to other subdomains
      140 |       const links = await page.locator('nav a, header a').count();
    > 141 |       expect(links).toBeGreaterThan(0);
          |                     ^
      142 |     }
      143 |   });
      144 |
        at /Users/matthewscott/Projects/projectlavos-monorepo/tests/cross-subdomain.spec.js:141:21

    attachment #1: screenshot (image/png) ──────────────────────────────────────────────────────────
    test-results/cross-subdomain-Cross-Subd-cec9e-ation-across-all-subdomains-mobile-safari/test-failed-1.png
    ────────────────────────────────────────────────────────────────────────────────────────────────

    attachment #2: video (video/webm) ──────────────────────────────────────────────────────────────
    test-results/cross-subdomain-Cross-Subd-cec9e-ation-across-all-subdomains-mobile-safari/video.webm
    ────────────────────────────────────────────────────────────────────────────────────────────────

    Error Context: test-results/cross-subdomain-Cross-Subd-cec9e-ation-across-all-subdomains-mobile-safari/error-context.md

  65) [mobile-safari] › tests/restaurant-analyzer.spec.js:13:3 › Restaurant Analyzer - Desktop Chrome › should load demos page successfully 

    Error: [2mexpect([22m[31mlocator[39m[2m).[22mtoContainText[2m([22m[32mexpected[39m[2m)[22m failed

    Locator: locator('h1')
    Expected pattern: [32m/demo/i[39m
    Received string:  [31m"Matthew Scott"[39m
    Timeout: 5000ms

    Call log:
    [2m  - Expect "toContainText" with timeout 5000ms[22m
    [2m  - waiting for locator('h1')[22m
    [2m    9 × locator resolved to <h1 class="text-5xl md:text-7xl font-black px-12 py-6 bg-white text-lavos-blue border-4 border-lavos-black shadow-brutal-lg">Matthew Scott</h1>[22m
    [2m      - unexpected value "Matthew Scott"[22m


      13 |   test('should load demos page successfully', async ({ page }) => {
      14 |     await expect(page).toHaveTitle(/Project Lavos/i);
    > 15 |     await expect(page.locator('h1')).toContainText(/demo/i);
         |                                      ^
      16 |   });
      17 |
      18 |   test('should display Restaurant Analyzer demo', async ({ page }) => {
        at /Users/matthewscott/Projects/projectlavos-monorepo/tests/restaurant-analyzer.spec.js:15:38

    attachment #1: screenshot (image/png) ──────────────────────────────────────────────────────────
    test-results/restaurant-analyzer-Restau-b565a-oad-demos-page-successfully-mobile-safari/test-failed-1.png
    ────────────────────────────────────────────────────────────────────────────────────────────────

    attachment #2: video (video/webm) ──────────────────────────────────────────────────────────────
    test-results/restaurant-analyzer-Restau-b565a-oad-demos-page-successfully-mobile-safari/video.webm
    ────────────────────────────────────────────────────────────────────────────────────────────────

    Error Context: test-results/restaurant-analyzer-Restau-b565a-oad-demos-page-successfully-mobile-safari/error-context.md

  66) [mobile-safari] › tests/restaurant-analyzer.spec.js:24:3 › Restaurant Analyzer - Desktop Chrome › should analyze Jack Fry's restaurant 

    Error: locator.selectOption: options[0].label: expected string, got object

      29 |     const dropdown = page.locator('select').first();
      30 |     if (await dropdown.isVisible({ timeout: 2000 }).catch(() => false)) {
    > 31 |       await dropdown.selectOption({ label: /Jack.*Fry/i });
         |                      ^
      32 |     } else if (await jackFrysButton.isVisible({ timeout: 2000 }).catch(() => false)) {
      33 |       await jackFrysButton.click();
      34 |     }
        at /Users/matthewscott/Projects/projectlavos-monorepo/tests/restaurant-analyzer.spec.js:31:22

    attachment #1: screenshot (image/png) ──────────────────────────────────────────────────────────
    test-results/restaurant-analyzer-Restau-51d37-alyze-Jack-Fry-s-restaurant-mobile-safari/test-failed-1.png
    ────────────────────────────────────────────────────────────────────────────────────────────────

    attachment #2: video (video/webm) ──────────────────────────────────────────────────────────────
    test-results/restaurant-analyzer-Restau-51d37-alyze-Jack-Fry-s-restaurant-mobile-safari/video.webm
    ────────────────────────────────────────────────────────────────────────────────────────────────

    Error Context: test-results/restaurant-analyzer-Restau-51d37-alyze-Jack-Fry-s-restaurant-mobile-safari/error-context.md

  67) [mobile-safari] › tests/specs/cross-subdomain-navigation.spec.js:6:3 › Cross-Subdomain Navigation Tests › should navigate from demos to main site 

    Error: [2mexpect([22m[31mreceived[39m[2m).[22mnot[2m.[22mtoContain[2m([22m[32mexpected[39m[2m) // indexOf[22m

    Expected substring: not [32m"demos."[39m
    Received string:        [31m"https://[7mdemos.[27mprojectlavos.com/"[39m

      20 |       // Verify we're on main site
      21 |       expect(page.url()).toContain('projectlavos.com');
    > 22 |       expect(page.url()).not.toContain('demos.');
         |                              ^
      23 |       expect(page.url()).not.toContain('about.');
      24 |       expect(page.url()).not.toContain('services.');
      25 |     }
        at /Users/matthewscott/Projects/projectlavos-monorepo/tests/specs/cross-subdomain-navigation.spec.js:22:30

    attachment #1: screenshot (image/png) ──────────────────────────────────────────────────────────
    test-results/specs-cross-subdomain-navi-8e288-ate-from-demos-to-main-site-mobile-safari/test-failed-1.png
    ────────────────────────────────────────────────────────────────────────────────────────────────

    attachment #2: video (video/webm) ──────────────────────────────────────────────────────────────
    test-results/specs-cross-subdomain-navi-8e288-ate-from-demos-to-main-site-mobile-safari/video.webm
    ────────────────────────────────────────────────────────────────────────────────────────────────

    Error Context: test-results/specs-cross-subdomain-navi-8e288-ate-from-demos-to-main-site-mobile-safari/error-context.md

  68) [mobile-safari] › tests/specs/error-states.spec.js:11:3 › Error State Testing › should display error message when API is unavailable 

    Error: [2mexpect([22m[31mlocator[39m[2m).[22mtoBeVisible[2m([22m[2m)[22m failed

    Locator: locator('text=/cannot connect|network|failed/i')
    Expected: visible
    Timeout: 5000ms
    Error: element(s) not found

    Call log:
    [2m  - Expect "toBeVisible" with timeout 5000ms[22m
    [2m  - waiting for locator('text=/cannot connect|network|failed/i')[22m


      30 |
      31 |     // Verify error text is user-friendly
    > 32 |     await expect(page.locator('text=/cannot connect|network|failed/i')).toBeVisible();
         |                                                                         ^
      33 |
      34 |     // Verify "Try Again" button is present
      35 |     const retryButton = page.locator('button:has-text("Try Again")');
        at /Users/matthewscott/Projects/projectlavos-monorepo/tests/specs/error-states.spec.js:32:73

    attachment #1: screenshot (image/png) ──────────────────────────────────────────────────────────
    test-results/specs-error-states-Error-S-14ab5-age-when-API-is-unavailable-mobile-safari/test-failed-1.png
    ────────────────────────────────────────────────────────────────────────────────────────────────

    attachment #2: video (video/webm) ──────────────────────────────────────────────────────────────
    test-results/specs-error-states-Error-S-14ab5-age-when-API-is-unavailable-mobile-safari/video.webm
    ────────────────────────────────────────────────────────────────────────────────────────────────

    Error Context: test-results/specs-error-states-Error-S-14ab5-age-when-API-is-unavailable-mobile-safari/error-context.md

  69) [mobile-safari] › tests/specs/error-states.spec.js:98:3 › Error State Testing › should handle 502 bad gateway error 

    Error: [2mexpect([22m[31mlocator[39m[2m).[22mtoBeVisible[2m([22m[2m)[22m failed

    Locator: locator('text=/server error|try again/i')
    Expected: visible
    Error: strict mode violation: locator('text=/server error|try again/i') resolved to 2 elements:
        1) <strong class="text-red-700 block mb-2">⚠️ Server error. Our team has been notified. Plea…</strong> aka getByText('⚠️ Server error. Our team has')
        2) <button class="mt-2 bg-red-600 text-white px-4 py-2 rounded-sm font-semibold hover:bg-red-700 transition-colors disabled:opacity-50">Try Again</button> aka getByRole('button', { name: 'Try Again' })

    Call log:
    [2m  - Expect "toBeVisible" with timeout 10000ms[22m
    [2m  - waiting for locator('text=/server error|try again/i')[22m


      115 |
      116 |     // Verify error message
    > 117 |     await expect(page.locator('text=/server error|try again/i')).toBeVisible({ timeout: 10000 });
          |                                                                  ^
      118 |   });
      119 |
      120 |   test('should allow retry after error', async ({ page, context }) => {
        at /Users/matthewscott/Projects/projectlavos-monorepo/tests/specs/error-states.spec.js:117:66

    attachment #1: screenshot (image/png) ──────────────────────────────────────────────────────────
    test-results/specs-error-states-Error-S-b1460-andle-502-bad-gateway-error-mobile-safari/test-failed-1.png
    ────────────────────────────────────────────────────────────────────────────────────────────────

    attachment #2: video (video/webm) ──────────────────────────────────────────────────────────────
    test-results/specs-error-states-Error-S-b1460-andle-502-bad-gateway-error-mobile-safari/video.webm
    ────────────────────────────────────────────────────────────────────────────────────────────────

    Error Context: test-results/specs-error-states-Error-S-b1460-andle-502-bad-gateway-error-mobile-safari/error-context.md

  70) [mobile-safari] › tests/specs/guitar-navigation.spec.js:13:3 › Guitar Platform Navigation Tests › should display navigation bar on all pages 

    Error: [2mexpect([22m[31mlocator[39m[2m).[22mtoBeVisible[2m([22m[2m)[22m failed

    Locator: locator('nav.bg-gray-800')
    Expected: visible
    Timeout: 5000ms
    Error: element(s) not found

    Call log:
    [2m  - Expect "toBeVisible" with timeout 5000ms[22m
    [2m  - waiting for locator('nav.bg-gray-800')[22m


      18 |       // Navigation bar should be visible
      19 |       const nav = page.locator('nav.bg-gray-800');
    > 20 |       await expect(nav).toBeVisible();
         |                         ^
      21 |
      22 |       // Should have sticky positioning
      23 |       const navClasses = await nav.getAttribute('class');
        at /Users/matthewscott/Projects/projectlavos-monorepo/tests/specs/guitar-navigation.spec.js:20:25

    attachment #1: screenshot (image/png) ──────────────────────────────────────────────────────────
    test-results/specs-guitar-navigation-Gu-844c6-navigation-bar-on-all-pages-mobile-safari/test-failed-1.png
    ────────────────────────────────────────────────────────────────────────────────────────────────

    attachment #2: video (video/webm) ──────────────────────────────────────────────────────────────
    test-results/specs-guitar-navigation-Gu-844c6-navigation-bar-on-all-pages-mobile-safari/video.webm
    ────────────────────────────────────────────────────────────────────────────────────────────────

    Error Context: test-results/specs-guitar-navigation-Gu-844c6-navigation-bar-on-all-pages-mobile-safari/error-context.md

  71) [mobile-safari] › tests/specs/guitar-navigation.spec.js:50:3 › Guitar Platform Navigation Tests › should highlight active route on FretVision page 

    Error: [2mexpect([22m[31mlocator[39m[2m).[22mtoBeVisible[2m([22m[2m)[22m failed

    Locator: locator('nav a:has-text("FretVision")')
    Expected: visible
    Timeout: 5000ms
    Error: element(s) not found

    Call log:
    [2m  - Expect "toBeVisible" with timeout 5000ms[22m
    [2m  - waiting for locator('nav a:has-text("FretVision")')[22m


      54 |     // FretVision link should have active class (bg-green-500)
      55 |     const fretVisionLink = page.locator('nav a:has-text("FretVision")');
    > 56 |     await expect(fretVisionLink).toBeVisible();
         |                                  ^
      57 |
      58 |     const classes = await fretVisionLink.getAttribute('class');
      59 |     expect(classes).toContain('bg-green-500');
        at /Users/matthewscott/Projects/projectlavos-monorepo/tests/specs/guitar-navigation.spec.js:56:34

    attachment #1: screenshot (image/png) ──────────────────────────────────────────────────────────
    test-results/specs-guitar-navigation-Gu-26e36-ve-route-on-FretVision-page-mobile-safari/test-failed-1.png
    ────────────────────────────────────────────────────────────────────────────────────────────────

    attachment #2: video (video/webm) ──────────────────────────────────────────────────────────────
    test-results/specs-guitar-navigation-Gu-26e36-ve-route-on-FretVision-page-mobile-safari/video.webm
    ────────────────────────────────────────────────────────────────────────────────────────────────

    Error Context: test-results/specs-guitar-navigation-Gu-26e36-ve-route-on-FretVision-page-mobile-safari/error-context.md

  72) [mobile-safari] › tests/specs/guitar-navigation.spec.js:63:3 › Guitar Platform Navigation Tests › should highlight active route on Tab Player page 

    Error: [2mexpect([22m[31mlocator[39m[2m).[22mtoBeVisible[2m([22m[2m)[22m failed

    Locator: locator('nav a:has-text("Tab Player")')
    Expected: visible
    Timeout: 5000ms
    Error: element(s) not found

    Call log:
    [2m  - Expect "toBeVisible" with timeout 5000ms[22m
    [2m  - waiting for locator('nav a:has-text("Tab Player")')[22m


      67 |     // Tab Player link should have active class (bg-blue-500)
      68 |     const tabPlayerLink = page.locator('nav a:has-text("Tab Player")');
    > 69 |     await expect(tabPlayerLink).toBeVisible();
         |                                 ^
      70 |
      71 |     const classes = await tabPlayerLink.getAttribute('class');
      72 |     expect(classes).toContain('bg-blue-500');
        at /Users/matthewscott/Projects/projectlavos-monorepo/tests/specs/guitar-navigation.spec.js:69:33

    attachment #1: screenshot (image/png) ──────────────────────────────────────────────────────────
    test-results/specs-guitar-navigation-Gu-93ede-ve-route-on-Tab-Player-page-mobile-safari/test-failed-1.png
    ────────────────────────────────────────────────────────────────────────────────────────────────

    attachment #2: video (video/webm) ──────────────────────────────────────────────────────────────
    test-results/specs-guitar-navigation-Gu-93ede-ve-route-on-Tab-Player-page-mobile-safari/video.webm
    ────────────────────────────────────────────────────────────────────────────────────────────────

    Error Context: test-results/specs-guitar-navigation-Gu-93ede-ve-route-on-Tab-Player-page-mobile-safari/error-context.md

  73) [mobile-safari] › tests/specs/guitar-navigation.spec.js:76:3 › Guitar Platform Navigation Tests › should highlight active route on Catalog page 

    Error: [2mexpect([22m[31mlocator[39m[2m).[22mtoBeVisible[2m([22m[2m)[22m failed

    Locator: locator('nav a:has-text("Catalog")')
    Expected: visible
    Timeout: 5000ms
    Error: element(s) not found

    Call log:
    [2m  - Expect "toBeVisible" with timeout 5000ms[22m
    [2m  - waiting for locator('nav a:has-text("Catalog")')[22m


      80 |     // Catalog link should have active class (bg-purple-500)
      81 |     const catalogLink = page.locator('nav a:has-text("Catalog")');
    > 82 |     await expect(catalogLink).toBeVisible();
         |                               ^
      83 |
      84 |     const classes = await catalogLink.getAttribute('class');
      85 |     expect(classes).toContain('bg-purple-500');
        at /Users/matthewscott/Projects/projectlavos-monorepo/tests/specs/guitar-navigation.spec.js:82:31

    attachment #1: screenshot (image/png) ──────────────────────────────────────────────────────────
    test-results/specs-guitar-navigation-Gu-10de7-ctive-route-on-Catalog-page-mobile-safari/test-failed-1.png
    ────────────────────────────────────────────────────────────────────────────────────────────────

    attachment #2: video (video/webm) ──────────────────────────────────────────────────────────────
    test-results/specs-guitar-navigation-Gu-10de7-ctive-route-on-Catalog-page-mobile-safari/video.webm
    ────────────────────────────────────────────────────────────────────────────────────────────────

    Error Context: test-results/specs-guitar-navigation-Gu-10de7-ctive-route-on-Catalog-page-mobile-safari/error-context.md

  74) [mobile-safari] › tests/specs/guitar-navigation.spec.js:108:3 › Guitar Platform Navigation Tests › should navigate from FretVision to Tab Player 

    TimeoutError: page.click: Timeout 10000ms exceeded.
    Call log:
    [2m  - waiting for locator('nav a:has-text("Tab Player")')[22m


      111 |
      112 |     // Click Tab Player link in navbar
    > 113 |     await page.click('nav a:has-text("Tab Player")');
          |                ^
      114 |     await page.waitForURL('**/tabplayer');
      115 |     await page.waitForLoadState('networkidle');
      116 |
        at /Users/matthewscott/Projects/projectlavos-monorepo/tests/specs/guitar-navigation.spec.js:113:16

    attachment #1: screenshot (image/png) ──────────────────────────────────────────────────────────
    test-results/specs-guitar-navigation-Gu-28249-om-FretVision-to-Tab-Player-mobile-safari/test-failed-1.png
    ────────────────────────────────────────────────────────────────────────────────────────────────

    attachment #2: video (video/webm) ──────────────────────────────────────────────────────────────
    test-results/specs-guitar-navigation-Gu-28249-om-FretVision-to-Tab-Player-mobile-safari/video.webm
    ────────────────────────────────────────────────────────────────────────────────────────────────

    Error Context: test-results/specs-guitar-navigation-Gu-28249-om-FretVision-to-Tab-Player-mobile-safari/error-context.md

  75) [mobile-safari] › tests/specs/guitar-navigation.spec.js:127:3 › Guitar Platform Navigation Tests › should navigate from Tab Player to Catalog 

    TimeoutError: page.click: Timeout 10000ms exceeded.
    Call log:
    [2m  - waiting for locator('nav a:has-text("Catalog")')[22m


      130 |
      131 |     // Click Catalog link in navbar
    > 132 |     await page.click('nav a:has-text("Catalog")');
          |                ^
      133 |     await page.waitForURL('**/catalog');
      134 |     await page.waitForLoadState('networkidle');
      135 |
        at /Users/matthewscott/Projects/projectlavos-monorepo/tests/specs/guitar-navigation.spec.js:132:16

    attachment #1: screenshot (image/png) ──────────────────────────────────────────────────────────
    test-results/specs-guitar-navigation-Gu-e4134--from-Tab-Player-to-Catalog-mobile-safari/test-failed-1.png
    ────────────────────────────────────────────────────────────────────────────────────────────────

    attachment #2: video (video/webm) ──────────────────────────────────────────────────────────────
    test-results/specs-guitar-navigation-Gu-e4134--from-Tab-Player-to-Catalog-mobile-safari/video.webm
    ────────────────────────────────────────────────────────────────────────────────────────────────

    Error Context: test-results/specs-guitar-navigation-Gu-e4134--from-Tab-Player-to-Catalog-mobile-safari/error-context.md

  76) [mobile-safari] › tests/specs/guitar-navigation.spec.js:146:3 › Guitar Platform Navigation Tests › should navigate to Home when clicking logo 

    TimeoutError: page.click: Timeout 10000ms exceeded.
    Call log:
    [2m  - waiting for locator('nav a:has-text("Guitar Platform")')[22m


      150 |
      151 |     // Click logo
    > 152 |     await page.click('nav a:has-text("Guitar Platform")');
          |                ^
      153 |     await page.waitForURL(`${baseUrl}/`);
      154 |     await page.waitForLoadState('networkidle');
      155 |
        at /Users/matthewscott/Projects/projectlavos-monorepo/tests/specs/guitar-navigation.spec.js:152:16

    attachment #1: screenshot (image/png) ──────────────────────────────────────────────────────────
    test-results/specs-guitar-navigation-Gu-9e72e--to-Home-when-clicking-logo-mobile-safari/test-failed-1.png
    ────────────────────────────────────────────────────────────────────────────────────────────────

    attachment #2: video (video/webm) ──────────────────────────────────────────────────────────────
    test-results/specs-guitar-navigation-Gu-9e72e--to-Home-when-clicking-logo-mobile-safari/video.webm
    ────────────────────────────────────────────────────────────────────────────────────────────────

    Error Context: test-results/specs-guitar-navigation-Gu-9e72e--to-Home-when-clicking-logo-mobile-safari/error-context.md

  77) [mobile-safari] › tests/specs/guitar-navigation.spec.js:166:3 › Guitar Platform Navigation Tests › should load all pages successfully 

    Error: [2mexpect([22m[31mreceived[39m[2m).[22mtoBe[2m([22m[32mexpected[39m[2m) // Object.is equality[22m

    Expected: [32m200[39m
    Received: [31m404[39m

      169 |
      170 |       // Verify successful load
    > 171 |       expect(response.status()).toBe(200);
          |                                 ^
      172 |
      173 |       await page.waitForLoadState('networkidle');
      174 |
        at /Users/matthewscott/Projects/projectlavos-monorepo/tests/specs/guitar-navigation.spec.js:171:33

    attachment #1: screenshot (image/png) ──────────────────────────────────────────────────────────
    test-results/specs-guitar-navigation-Gu-e2b55-load-all-pages-successfully-mobile-safari/test-failed-1.png
    ────────────────────────────────────────────────────────────────────────────────────────────────

    attachment #2: video (video/webm) ──────────────────────────────────────────────────────────────
    test-results/specs-guitar-navigation-Gu-e2b55-load-all-pages-successfully-mobile-safari/video.webm
    ────────────────────────────────────────────────────────────────────────────────────────────────

    Error Context: test-results/specs-guitar-navigation-Gu-e2b55-load-all-pages-successfully-mobile-safari/error-context.md

  78) [mobile-safari] › tests/specs/guitar-navigation.spec.js:270:3 › Guitar Platform Navigation Tests › should have consistent dark theme across all pages 

    Error: page.evaluate: TypeError: Argument 1 ('element') to Window.getComputedStyle must be an instance of Element

      274 |
      275 |       // Navigation should have dark background
    > 276 |       const navBgColor = await page.evaluate(() => {
          |                                     ^
      277 |         const nav = document.querySelector('nav.bg-gray-800');
      278 |         return window.getComputedStyle(nav).backgroundColor;
      279 |       });
        at /Users/matthewscott/Projects/projectlavos-monorepo/tests/specs/guitar-navigation.spec.js:276:37

    attachment #1: screenshot (image/png) ──────────────────────────────────────────────────────────
    test-results/specs-guitar-navigation-Gu-b8a3c-dark-theme-across-all-pages-mobile-safari/test-failed-1.png
    ────────────────────────────────────────────────────────────────────────────────────────────────

    attachment #2: video (video/webm) ──────────────────────────────────────────────────────────────
    test-results/specs-guitar-navigation-Gu-b8a3c-dark-theme-across-all-pages-mobile-safari/video.webm
    ────────────────────────────────────────────────────────────────────────────────────────────────

    Error Context: test-results/specs-guitar-navigation-Gu-b8a3c-dark-theme-across-all-pages-mobile-safari/error-context.md

  79) [mobile-safari] › tests/specs/mobile-responsiveness.spec.js:87:3 › Mobile Responsiveness Tests › should display restaurant selection in single column on mobile 

    Error: [2mexpect([22m[31mlocator[39m[2m).[22mtoBeVisible[2m([22m[2m)[22m failed

    Locator: locator('.grid.grid-cols-1.md\\:grid-cols-2')
    Expected: visible
    Error: strict mode violation: locator('.grid.grid-cols-1.md\\:grid-cols-2') resolved to 2 elements:
        1) <div class="grid grid-cols-1 md:grid-cols-2 gap-8">…</div> aka locator('div').filter({ hasText: 'PhishGuard ML7-model ensemble' }).nth(3)
        2) <div class="grid grid-cols-1 md:grid-cols-2 gap-4">…</div> aka getByText('🍽️Jack Fry\'sUpscale Southern🥂Proof on MainContemporary American🍺')

    Call log:
    [2m  - Expect "toBeVisible" with timeout 5000ms[22m
    [2m  - waiting for locator('.grid.grid-cols-1.md\\:grid-cols-2')[22m


       96 |     // Check that restaurant buttons stack vertically
       97 |     const restaurantGrid = page.locator('.grid.grid-cols-1.md\\:grid-cols-2');
    >  98 |     await expect(restaurantGrid).toBeVisible();
          |                                  ^
       99 |
      100 |     // Verify buttons are tappable (large enough touch targets)
      101 |     const firstButton = page.locator('button:has-text("Jack Fry")').first();
        at /Users/matthewscott/Projects/projectlavos-monorepo/tests/specs/mobile-responsiveness.spec.js:98:34

    attachment #1: screenshot (image/png) ──────────────────────────────────────────────────────────
    test-results/specs-mobile-responsivenes-fa2c2--in-single-column-on-mobile-mobile-safari/test-failed-1.png
    ────────────────────────────────────────────────────────────────────────────────────────────────

    attachment #2: video (video/webm) ──────────────────────────────────────────────────────────────
    test-results/specs-mobile-responsivenes-fa2c2--in-single-column-on-mobile-mobile-safari/video.webm
    ────────────────────────────────────────────────────────────────────────────────────────────────

    Error Context: test-results/specs-mobile-responsivenes-fa2c2--in-single-column-on-mobile-mobile-safari/error-context.md

  80) [mobile-safari] › tests/specs/mobile-responsiveness.spec.js:198:3 › Mobile Responsiveness Tests › should have touch-friendly navigation on mobile 

    Error: [2mexpect([22m[31mreceived[39m[2m).[22mtoBeGreaterThanOrEqual[2m([22m[32mexpected[39m[2m)[22m

    Expected: >= [32m44[39m
    Received:    [31m32[39m

      206 |
      207 |     // Touch target should be sufficient (minimum 44px per accessibility guidelines)
    > 208 |     expect(cardBox.height).toBeGreaterThanOrEqual(44);
          |                            ^
      209 |     expect(cardBox.width).toBeGreaterThanOrEqual(44);
      210 |
      211 |     // Verify card is tappable
        at /Users/matthewscott/Projects/projectlavos-monorepo/tests/specs/mobile-responsiveness.spec.js:208:28

    attachment #1: screenshot (image/png) ──────────────────────────────────────────────────────────
    test-results/specs-mobile-responsivenes-a9b0f-iendly-navigation-on-mobile-mobile-safari/test-failed-1.png
    ────────────────────────────────────────────────────────────────────────────────────────────────

    attachment #2: video (video/webm) ──────────────────────────────────────────────────────────────
    test-results/specs-mobile-responsivenes-a9b0f-iendly-navigation-on-mobile-mobile-safari/video.webm
    ────────────────────────────────────────────────────────────────────────────────────────────────

    Error Context: test-results/specs-mobile-responsivenes-a9b0f-iendly-navigation-on-mobile-mobile-safari/error-context.md

  81) [mobile-safari] › tests/specs/restaurant-analyzer.spec.js:69:3 › Restaurant Analyzer - Cross-Browser Tests › should analyze a restaurant and display results 

    Error: [2mexpect([22m[31mlocator[39m[2m).[22mtoBeVisible[2m([22m[2m)[22m failed

    Locator: locator('text=/[0-5]\\.[0-9]\\/5\\.0/').first()
    Expected: visible
    Timeout: 5000ms
    Error: element(s) not found

    Call log:
    [2m  - Expect "toBeVisible" with timeout 5000ms[22m
    [2m  - waiting for locator('text=/[0-5]\\.[0-9]\\/5\\.0/').first()[22m


      102 |     // Verify sentiment score is displayed (should be a number between 0-5)
      103 |     const sentimentScore = await page.locator('text=/[0-5]\\.[0-9]\\/5\\.0/').first();
    > 104 |     await expect(sentimentScore).toBeVisible();
          |                                  ^
      105 |
      106 |     // Take screenshot of results for visual verification
      107 |     await page.screenshot({
        at /Users/matthewscott/Projects/projectlavos-monorepo/tests/specs/restaurant-analyzer.spec.js:104:34

    attachment #1: screenshot (image/png) ──────────────────────────────────────────────────────────
    test-results/specs-restaurant-analyzer--97e66-taurant-and-display-results-mobile-safari/test-failed-1.png
    ────────────────────────────────────────────────────────────────────────────────────────────────

    attachment #2: video (video/webm) ──────────────────────────────────────────────────────────────
    test-results/specs-restaurant-analyzer--97e66-taurant-and-display-results-mobile-safari/video.webm
    ────────────────────────────────────────────────────────────────────────────────────────────────

    Error Context: test-results/specs-restaurant-analyzer--97e66-taurant-and-display-results-mobile-safari/error-context.md

  81 failed
    [chromium] › tests/cross-subdomain.spec.js:49:3 › Cross-Subdomain Navigation › should open email with subject "10-Hour Question" from about page 
    [chromium] › tests/cross-subdomain.spec.js:68:3 › Cross-Subdomain Navigation › should display 10-Hour Question prominently on about page 
    [chromium] › tests/cross-subdomain.spec.js:128:3 › Cross-Subdomain Navigation › should maintain consistent navigation across all subdomains 
    [chromium] › tests/mobile-responsive.spec.js:72:3 › Mobile Responsiveness - iPhone › should be able to interact with Restaurant Analyzer on mobile 
    [chromium] › tests/restaurant-analyzer.spec.js:13:3 › Restaurant Analyzer - Desktop Chrome › should load demos page successfully 
    [chromium] › tests/restaurant-analyzer.spec.js:24:3 › Restaurant Analyzer - Desktop Chrome › should analyze Jack Fry's restaurant 
    [chromium] › tests/specs/cross-subdomain-navigation.spec.js:6:3 › Cross-Subdomain Navigation Tests › should navigate from demos to main site 
    [chromium] › tests/specs/error-states.spec.js:98:3 › Error State Testing › should handle 502 bad gateway error 
    [chromium] › tests/specs/guitar-navigation.spec.js:13:3 › Guitar Platform Navigation Tests › should display navigation bar on all pages 
    [chromium] › tests/specs/guitar-navigation.spec.js:50:3 › Guitar Platform Navigation Tests › should highlight active route on FretVision page 
    [chromium] › tests/specs/guitar-navigation.spec.js:63:3 › Guitar Platform Navigation Tests › should highlight active route on Tab Player page 
    [chromium] › tests/specs/guitar-navigation.spec.js:76:3 › Guitar Platform Navigation Tests › should highlight active route on Catalog page 
    [chromium] › tests/specs/guitar-navigation.spec.js:108:3 › Guitar Platform Navigation Tests › should navigate from FretVision to Tab Player 
    [chromium] › tests/specs/guitar-navigation.spec.js:127:3 › Guitar Platform Navigation Tests › should navigate from Tab Player to Catalog 
    [chromium] › tests/specs/guitar-navigation.spec.js:146:3 › Guitar Platform Navigation Tests › should navigate to Home when clicking logo 
    [chromium] › tests/specs/guitar-navigation.spec.js:166:3 › Guitar Platform Navigation Tests › should load all pages successfully 
    [chromium] › tests/specs/guitar-navigation.spec.js:270:3 › Guitar Platform Navigation Tests › should have consistent dark theme across all pages 
    [chromium] › tests/specs/mobile-responsiveness.spec.js:87:3 › Mobile Responsiveness Tests › should display restaurant selection in single column on mobile 
    [chromium] › tests/specs/mobile-responsiveness.spec.js:198:3 › Mobile Responsiveness Tests › should have touch-friendly navigation on mobile 
    [chromium] › tests/specs/restaurant-analyzer.spec.js:69:3 › Restaurant Analyzer - Cross-Browser Tests › should analyze a restaurant and display results 
    [webkit] › tests/cross-subdomain.spec.js:49:3 › Cross-Subdomain Navigation › should open email with subject "10-Hour Question" from about page 
    [webkit] › tests/cross-subdomain.spec.js:68:3 › Cross-Subdomain Navigation › should display 10-Hour Question prominently on about page 
    [webkit] › tests/cross-subdomain.spec.js:128:3 › Cross-Subdomain Navigation › should maintain consistent navigation across all subdomains 
    [webkit] › tests/mobile-responsive.spec.js:72:3 › Mobile Responsiveness - iPhone › should be able to interact with Restaurant Analyzer on mobile 
    [webkit] › tests/restaurant-analyzer.spec.js:13:3 › Restaurant Analyzer - Desktop Chrome › should load demos page successfully 
    [webkit] › tests/restaurant-analyzer.spec.js:24:3 › Restaurant Analyzer - Desktop Chrome › should analyze Jack Fry's restaurant 
    [webkit] › tests/specs/cross-subdomain-navigation.spec.js:6:3 › Cross-Subdomain Navigation Tests › should navigate from demos to main site 
    [webkit] › tests/specs/error-states.spec.js:11:3 › Error State Testing › should display error message when API is unavailable 
    [webkit] › tests/specs/error-states.spec.js:98:3 › Error State Testing › should handle 502 bad gateway error 
    [webkit] › tests/specs/guitar-navigation.spec.js:13:3 › Guitar Platform Navigation Tests › should display navigation bar on all pages 
    [webkit] › tests/specs/guitar-navigation.spec.js:50:3 › Guitar Platform Navigation Tests › should highlight active route on FretVision page 
    [webkit] › tests/specs/guitar-navigation.spec.js:63:3 › Guitar Platform Navigation Tests › should highlight active route on Tab Player page 
    [webkit] › tests/specs/guitar-navigation.spec.js:76:3 › Guitar Platform Navigation Tests › should highlight active route on Catalog page 
    [webkit] › tests/specs/guitar-navigation.spec.js:108:3 › Guitar Platform Navigation Tests › should navigate from FretVision to Tab Player 
    [webkit] › tests/specs/guitar-navigation.spec.js:127:3 › Guitar Platform Navigation Tests › should navigate from Tab Player to Catalog 
    [webkit] › tests/specs/guitar-navigation.spec.js:146:3 › Guitar Platform Navigation Tests › should navigate to Home when clicking logo 
    [webkit] › tests/specs/guitar-navigation.spec.js:166:3 › Guitar Platform Navigation Tests › should load all pages successfully 
    [webkit] › tests/specs/guitar-navigation.spec.js:270:3 › Guitar Platform Navigation Tests › should have consistent dark theme across all pages 
    [webkit] › tests/specs/mobile-responsiveness.spec.js:87:3 › Mobile Responsiveness Tests › should display restaurant selection in single column on mobile 
    [webkit] › tests/specs/mobile-responsiveness.spec.js:198:3 › Mobile Responsiveness Tests › should have touch-friendly navigation on mobile 
    [webkit] › tests/specs/restaurant-analyzer.spec.js:69:3 › Restaurant Analyzer - Cross-Browser Tests › should analyze a restaurant and display results 
    [mobile-chrome] › tests/cross-subdomain.spec.js:49:3 › Cross-Subdomain Navigation › should open email with subject "10-Hour Question" from about page 
    [mobile-chrome] › tests/cross-subdomain.spec.js:68:3 › Cross-Subdomain Navigation › should display 10-Hour Question prominently on about page 
    [mobile-chrome] › tests/cross-subdomain.spec.js:128:3 › Cross-Subdomain Navigation › should maintain consistent navigation across all subdomains 
    [mobile-chrome] › tests/restaurant-analyzer.spec.js:13:3 › Restaurant Analyzer - Desktop Chrome › should load demos page successfully 
    [mobile-chrome] › tests/restaurant-analyzer.spec.js:24:3 › Restaurant Analyzer - Desktop Chrome › should analyze Jack Fry's restaurant 
    [mobile-chrome] › tests/specs/cross-subdomain-navigation.spec.js:6:3 › Cross-Subdomain Navigation Tests › should navigate from demos to main site 
    [mobile-chrome] › tests/specs/error-states.spec.js:98:3 › Error State Testing › should handle 502 bad gateway error 
    [mobile-chrome] › tests/specs/guitar-navigation.spec.js:13:3 › Guitar Platform Navigation Tests › should display navigation bar on all pages 
    [mobile-chrome] › tests/specs/guitar-navigation.spec.js:50:3 › Guitar Platform Navigation Tests › should highlight active route on FretVision page 
    [mobile-chrome] › tests/specs/guitar-navigation.spec.js:63:3 › Guitar Platform Navigation Tests › should highlight active route on Tab Player page 
    [mobile-chrome] › tests/specs/guitar-navigation.spec.js:76:3 › Guitar Platform Navigation Tests › should highlight active route on Catalog page 
    [mobile-chrome] › tests/specs/guitar-navigation.spec.js:108:3 › Guitar Platform Navigation Tests › should navigate from FretVision to Tab Player 
    [mobile-chrome] › tests/specs/guitar-navigation.spec.js:127:3 › Guitar Platform Navigation Tests › should navigate from Tab Player to Catalog 
    [mobile-chrome] › tests/specs/guitar-navigation.spec.js:146:3 › Guitar Platform Navigation Tests › should navigate to Home when clicking logo 
    [mobile-chrome] › tests/specs/guitar-navigation.spec.js:166:3 › Guitar Platform Navigation Tests › should load all pages successfully 
    [mobile-chrome] › tests/specs/guitar-navigation.spec.js:270:3 › Guitar Platform Navigation Tests › should have consistent dark theme across all pages 
    [mobile-chrome] › tests/specs/mobile-responsiveness.spec.js:87:3 › Mobile Responsiveness Tests › should display restaurant selection in single column on mobile 
    [mobile-chrome] › tests/specs/mobile-responsiveness.spec.js:198:3 › Mobile Responsiveness Tests › should have touch-friendly navigation on mobile 
    [mobile-chrome] › tests/specs/mobile-responsiveness.spec.js:290:3 › Mobile Responsiveness Tests › should handle modal overflow on small viewports 
    [mobile-chrome] › tests/specs/restaurant-analyzer.spec.js:69:3 › Restaurant Analyzer - Cross-Browser Tests › should analyze a restaurant and display results 
    [mobile-safari] › tests/cross-subdomain.spec.js:49:3 › Cross-Subdomain Navigation › should open email with subject "10-Hour Question" from about page 
    [mobile-safari] › tests/cross-subdomain.spec.js:68:3 › Cross-Subdomain Navigation › should display 10-Hour Question prominently on about page 
    [mobile-safari] › tests/cross-subdomain.spec.js:128:3 › Cross-Subdomain Navigation › should maintain consistent navigation across all subdomains 
    [mobile-safari] › tests/restaurant-analyzer.spec.js:13:3 › Restaurant Analyzer - Desktop Chrome › should load demos page successfully 
    [mobile-safari] › tests/restaurant-analyzer.spec.js:24:3 › Restaurant Analyzer - Desktop Chrome › should analyze Jack Fry's restaurant 
    [mobile-safari] › tests/specs/cross-subdomain-navigation.spec.js:6:3 › Cross-Subdomain Navigation Tests › should navigate from demos to main site 
    [mobile-safari] › tests/specs/error-states.spec.js:11:3 › Error State Testing › should display error message when API is unavailable 
    [mobile-safari] › tests/specs/error-states.spec.js:98:3 › Error State Testing › should handle 502 bad gateway error 
    [mobile-safari] › tests/specs/guitar-navigation.spec.js:13:3 › Guitar Platform Navigation Tests › should display navigation bar on all pages 
    [mobile-safari] › tests/specs/guitar-navigation.spec.js:50:3 › Guitar Platform Navigation Tests › should highlight active route on FretVision page 
    [mobile-safari] › tests/specs/guitar-navigation.spec.js:63:3 › Guitar Platform Navigation Tests › should highlight active route on Tab Player page 
    [mobile-safari] › tests/specs/guitar-navigation.spec.js:76:3 › Guitar Platform Navigation Tests › should highlight active route on Catalog page 
    [mobile-safari] › tests/specs/guitar-navigation.spec.js:108:3 › Guitar Platform Navigation Tests › should navigate from FretVision to Tab Player 
    [mobile-safari] › tests/specs/guitar-navigation.spec.js:127:3 › Guitar Platform Navigation Tests › should navigate from Tab Player to Catalog 
    [mobile-safari] › tests/specs/guitar-navigation.spec.js:146:3 › Guitar Platform Navigation Tests › should navigate to Home when clicking logo 
    [mobile-safari] › tests/specs/guitar-navigation.spec.js:166:3 › Guitar Platform Navigation Tests › should load all pages successfully 
    [mobile-safari] › tests/specs/guitar-navigation.spec.js:270:3 › Guitar Platform Navigation Tests › should have consistent dark theme across all pages 
    [mobile-safari] › tests/specs/mobile-responsiveness.spec.js:87:3 › Mobile Responsiveness Tests › should display restaurant selection in single column on mobile 
    [mobile-safari] › tests/specs/mobile-responsiveness.spec.js:198:3 › Mobile Responsiveness Tests › should have touch-friendly navigation on mobile 
    [mobile-safari] › tests/specs/restaurant-analyzer.spec.js:69:3 › Restaurant Analyzer - Cross-Browser Tests › should analyze a restaurant and display results 
  323 passed (2.7m)

[36m  Serving HTML report at http://localhost:9323. Press Ctrl+C to quit.[39m
